******************************************************************************
             TMS320C2000 Linker PC v22.6.1                     
******************************************************************************
>> Linked Sat Dec 27 15:25:14 2025

OUTPUT FILE NAME:   <AC BAT CODE V2 CPU2.out>
ENTRY POINT SYMBOL: "code_start"  address: 00000000


MEMORY CONFIGURATION

         name            origin    length      used     unused   attr    fill
----------------------  --------  ---------  --------  --------  ----  --------
PAGE 0:
  BEGIN                 00000000   00000002  00000002  00000000  RWIX
  BOOT_RSVD             00000002   000001af  00000014  0000019b  RWIX
  RAMM0                 000001b1   0000024f  0000024f  00000000  RWIX
  RAMM1                 00000400   000003f8  00000100  000002f8  RWIX
  CLA1_MSGRAMLOW        00001480   00000080  00000020  00000060  RWIX
  CLA1_MSGRAMHIGH       00001500   00000080  00000024  0000005c  RWIX
  RAMLS0                00008000   00000800  000003c0  00000440  RWIX
  RAMLS1234567          00008800   00003800  00000d24  00002adc  RWIX
  RAMD0                 0000c000   00000800  000007fd  00000003  RWIX
  RAMD1                 0000c800   00000800  0000062f  000001d1  RWIX
  RAMGS0                0000d000   00001000  00000000  00001000  RWIX
  RAMGS1                0000e000   00001000  00000000  00001000  RWIX
  RAMGS2                0000f000   00001000  00000000  00001000  RWIX
  RAMGS3                00010000   00001000  0000021a  00000de6  RWIX
  RAMGS4                00011000   00001000  00000000  00001000  RWIX
  RAMGS5                00012000   00001000  00000000  00001000  RWIX
  RAMGS6                00013000   00001000  00000000  00001000  RWIX
  RAMGS7                00014000   00001000  00000000  00001000  RWIX
  RAMGS8                00015000   00001000  00000000  00001000  RWIX
  RAMGS9                00016000   00001000  00000000  00001000  RWIX
  RAMGS10               00017000   00001000  00000000  00001000  RWIX
  RAMGS11               00018000   00001000  00000000  00001000  RWIX
  RAMGS12               00019000   00001000  00000000  00001000  RWIX
  RAMGS13               0001a000   00001000  00000000  00001000  RWIX
  RAMGS14               0001b000   00001000  00000000  00001000  RWIX
  RAMGS15               0001c000   00000ff8  00000000  00000ff8  RWIX
  CMTOCPURAM            00038000   00000800  00000000  00000800  RWIX
  CPUTOCMRAM            00039000   00000800  00000000  00000800  RWIX
  CPU1TOCPU2RAM         0003a000   00000800  00000000  00000800  RWIX
  CPU2TOCPU1RAM         0003b000   00000800  00000000  00000800  RWIX
  CANA_MSG_RAM          00049000   00000800  00000000  00000800  RWIX
  CANB_MSG_RAM          0004b000   00000800  00000000  00000800  RWIX
  FLASH0                00080000   00002000  00000000  00002000  RWIX
  FLASH1                00082000   00002000  00000000  00002000  RWIX
  FLASH2                00084000   00002000  00000000  00002000  RWIX
  FLASH3                00086000   00002000  00000000  00002000  RWIX
  FLASH4                00088000   00008000  00000000  00008000  RWIX
  FLASH5                00090000   00008000  00000000  00008000  RWIX
  FLASH6                00098000   00008000  00000000  00008000  RWIX
  FLASH7                000a0000   00008000  00000000  00008000  RWIX
  FLASH8                000a8000   00008000  00000000  00008000  RWIX
  FLASH9                000b0000   00008000  00000000  00008000  RWIX
  FLASH10               000b8000   00002000  00000000  00002000  RWIX
  FLASH11               000ba000   00002000  00000000  00002000  RWIX
  FLASH12               000bc000   00002000  00000000  00002000  RWIX
  FLASH13               000be000   00002000  00000000  00002000  RWIX
  RESET                 003fffc0   00000002  00000000  00000002  RWIX

PAGE 1:
  ADCARESULT            00000b00   00000018  00000018  00000000  RWIX
  ADCBRESULT            00000b20   00000018  00000000  00000018  RWIX
  ADCCRESULT            00000b40   00000018  00000018  00000000  RWIX
  ADCDRESULT            00000b60   00000018  00000000  00000018  RWIX
  CPUTIMER0             00000c00   00000008  00000000  00000008  RWIX
  CPUTIMER1             00000c08   00000008  00000000  00000008  RWIX
  CPUTIMER2             00000c10   00000008  00000000  00000008  RWIX
  PIECTRL               00000ce0   0000001a  0000001a  00000000  RWIX
  PIEVECTTABLE          00000d00   00000200  000001ec  00000014  RWIX
  DMA                   00001000   00000200  00000000  00000200  RWIX
  CLA1                  00001400   00000080  00000048  00000038  RWIX
  CLB1LOGICCFG          00003000   00000052  00000000  00000052  RWIX
  CLB1LOGICCTRL         00003100   00000040  00000000  00000040  RWIX
  CLB1DATAEXCH          00003180   00000080  00000000  00000080  RWIX
  CLB2LOGICCFG          00003200   00000052  00000000  00000052  RWIX
  CLB2LOGICCTRL         00003300   00000040  00000000  00000040  RWIX
  CLB2DATAEXCH          00003380   00000080  00000000  00000080  RWIX
  CLB3LOGICCFG          00003400   00000052  00000000  00000052  RWIX
  CLB3LOGICCTRL         00003500   00000040  00000000  00000040  RWIX
  CLB3DATAEXCH          00003580   00000080  00000000  00000080  RWIX
  CLB4LOGICCFG          00003600   00000052  00000000  00000052  RWIX
  CLB4LOGICCTRL         00003700   00000040  00000000  00000040  RWIX
  CLB4DATAEXCH          00003780   00000080  00000000  00000080  RWIX
  CLB5LOGICCFG          00003800   00000052  00000000  00000052  RWIX
  CLB5LOGICCTRL         00003900   00000040  00000000  00000040  RWIX
  CLB5DATAEXCH          00003980   00000080  00000000  00000080  RWIX
  CLB6LOGICCFG          00003a00   00000052  00000000  00000052  RWIX
  CLB6LOGICCTRL         00003b00   00000040  00000000  00000040  RWIX
  CLB6DATAEXCH          00003b80   00000080  00000000  00000080  RWIX
  CLB7LOGICCFG          00003c00   00000052  00000000  00000052  RWIX
  CLB7LOGICCTRL         00003d00   00000040  00000000  00000040  RWIX
  CLB7DATAEXCH          00003d80   00000080  00000000  00000080  RWIX
  CLB8LOGICCFG          00003e00   00000052  00000000  00000052  RWIX
  CLB8LOGICCTRL         00003f00   00000040  00000000  00000040  RWIX
  CLB8DATAEXCH          00003f80   00000080  00000000  00000080  RWIX
  EPWM1                 00004000   00000100  00000000  00000100  RWIX
  EPWM2                 00004100   00000100  00000000  00000100  RWIX
  EPWM3                 00004200   00000100  00000000  00000100  RWIX
  EPWM4                 00004300   00000100  00000000  00000100  RWIX
  EPWM5                 00004400   00000100  00000000  00000100  RWIX
  EPWM6                 00004500   00000100  00000000  00000100  RWIX
  EPWM7                 00004600   00000100  00000100  00000000  RWIX
  EPWM8                 00004700   00000100  00000100  00000000  RWIX
  EPWM9                 00004800   00000100  00000100  00000000  RWIX
  EPWM10                00004900   00000100  00000100  00000000  RWIX
  EPWM11                00004a00   00000100  00000000  00000100  RWIX
  EPWM12                00004b00   00000100  00000000  00000100  RWIX
  EPWM13                00004c00   00000100  00000000  00000100  RWIX
  EPWM14                00004d00   00000100  00000000  00000100  RWIX
  EPWM15                00004e00   00000100  00000000  00000100  RWIX
  EPWM16                00004f00   00000100  00000000  00000100  RWIX
  EQEP1                 00005100   00000040  00000000  00000040  RWIX
  EQEP2                 00005140   00000040  00000000  00000040  RWIX
  EQEP3                 00005180   00000040  00000000  00000040  RWIX
  ECAP1                 00005200   00000020  00000000  00000020  RWIX
  ECAP2                 00005240   00000020  00000000  00000020  RWIX
  ECAP3                 00005280   00000020  00000000  00000020  RWIX
  ECAP4                 000052c0   00000020  00000000  00000020  RWIX
  ECAP5                 00005300   00000020  00000000  00000020  RWIX
  ECAP6                 00005340   00000020  00000000  00000020  RWIX
  HRCAP6                00005360   00000020  00000000  00000020  RWIX
  ECAP7                 00005380   00000020  00000000  00000020  RWIX
  HRCAP7                000053a0   00000020  00000000  00000020  RWIX
  DACA                  00005c00   00000008  00000000  00000008  RWIX
  DACB                  00005c10   00000008  00000000  00000008  RWIX
  DACC                  00005c20   00000008  00000000  00000008  RWIX
  CMPSS1                00005c80   00000020  0000001b  00000005  RWIX
  CMPSS2                00005ca0   00000020  0000001b  00000005  RWIX
  CMPSS3                00005cc0   00000020  00000000  00000020  RWIX
  CMPSS4                00005ce0   00000020  0000001b  00000005  RWIX
  CMPSS5                00005d00   00000020  0000001b  00000005  RWIX
  CMPSS6                00005d20   00000020  00000000  00000020  RWIX
  CMPSS7                00005d40   00000020  00000000  00000020  RWIX
  CMPSS8                00005d60   00000020  00000000  00000020  RWIX
  SDFM1                 00005e00   00000080  00000000  00000080  RWIX
  SDFM2                 00005e80   00000080  00000000  00000080  RWIX
  MCBSPA                00006000   00000024  00000000  00000024  RWIX
  MCBSPB                00006040   00000024  00000000  00000024  RWIX
  SPIA                  00006100   00000010  00000000  00000010  RWIX
  SPIB                  00006110   00000010  00000000  00000010  RWIX
  SPIC                  00006120   00000010  00000000  00000010  RWIX
  SPID                  00006130   00000010  00000000  00000010  RWIX
  BGCRCCPU              00006340   00000040  00000000  00000040  RWIX
  BGCRCCLA1             00006380   00000040  00000000  00000040  RWIX
  PMBUSA                00006400   00000020  00000000  00000020  RWIX
  FSITXA                00006600   00000050  00000000  00000050  RWIX
  FSIRXA                00006680   00000050  00000000  00000050  RWIX
  FSITXB                00006700   00000050  00000000  00000050  RWIX
  FSIRXB                00006780   00000050  00000000  00000050  RWIX
  FSIRXC                00006880   00000050  00000000  00000050  RWIX
  FSIRXD                00006980   00000050  00000000  00000050  RWIX
  FSIRXE                00006a80   00000050  00000000  00000050  RWIX
  FSIRXF                00006b80   00000050  00000000  00000050  RWIX
  FSIRXG                00006c80   00000050  00000000  00000050  RWIX
  FSIRXH                00006d80   00000050  00000000  00000050  RWIX
  WD                    00007000   0000002c  0000002b  00000001  RWIX
  NMIINTRUPT            00007060   00000010  00000000  00000010  RWIX
  XINT                  00007070   0000000c  00000000  0000000c  RWIX
  SCIA                  00007200   00000010  00000000  00000010  RWIX
  SCIB                  00007210   00000010  00000000  00000010  RWIX
  SCIC                  00007220   00000010  00000000  00000010  RWIX
  SCID                  00007230   00000010  00000000  00000010  RWIX
  I2CA                  00007300   00000022  00000000  00000022  RWIX
  I2CB                  00007340   00000022  00000000  00000022  RWIX
  ADCA                  00007400   00000080  0000007c  00000004  RWIX
  ADCB                  00007480   00000080  00000000  00000080  RWIX
  ADCC                  00007500   00000080  0000007c  00000004  RWIX
  ADCD                  00007580   00000080  00000000  00000080  RWIX
  DMACLASRCSEL          00007980   0000001a  0000001a  00000000  RWIX
  GPIODATA              00007f00   00000040  00000000  00000040  RWIX
  GPIODATAREAD          00007f80   00000010  00000000  00000010  RWIX
  EMIF1                 00047000   00000070  00000000  00000070  RWIX
  CANA                  00048000   00000200  00000000  00000200  RWIX
  CANB                  0004a000   00000200  00000000  00000200  RWIX
  CPU2TOCPU1IPC         0005ce00   00000026  00000000  00000026  RWIX
  CPU2TOCMIPC           0005ce40   00000026  00000000  00000026  RWIX
  CLKCFG                0005d200   00000100  00000000  00000100  RWIX
  CPUSYS                0005d300   000000a0  0000009c  00000004  RWIX
  SYSSTATUS             0005d400   00000100  00000000  00000100  RWIX
  SYSPERIPHAC           0005d500   00000200  00000000  00000200  RWIX
  ERADGLOBAL            0005e800   00000014  00000000  00000014  RWIX
  ERADHWBP1             0005e900   00000008  00000000  00000008  RWIX
  ERADHWBP2             0005e908   00000008  00000000  00000008  RWIX
  ERADHWBP3             0005e910   00000008  00000000  00000008  RWIX
  ERADHWBP4             0005e918   00000008  00000000  00000008  RWIX
  ERADHWBP5             0005e920   00000008  00000000  00000008  RWIX
  ERADHWBP6             0005e928   00000008  00000000  00000008  RWIX
  ERADHWBP7             0005e930   00000008  00000000  00000008  RWIX
  ERADHWBP8             0005e938   00000008  00000000  00000008  RWIX
  ERADCOUNTER1          0005e980   00000010  00000000  00000010  RWIX
  ERADCOUNTER2          0005e990   00000010  00000000  00000010  RWIX
  ERADCOUNTER3          0005e9a0   00000010  00000000  00000010  RWIX
  ERADCOUNTER4          0005e9b0   00000010  00000000  00000010  RWIX
  ERADCRCGLOBAL         0005ea00   00000010  00000000  00000010  RWIX
  ERADCRC1              0005ea10   00000010  00000000  00000010  RWIX
  ERADCRC2              0005ea20   00000010  00000000  00000010  RWIX
  ERADCRC3              0005ea30   00000010  00000000  00000010  RWIX
  ERADCRC4              0005ea40   00000010  00000000  00000010  RWIX
  ERADCRC5              0005ea50   00000010  00000000  00000010  RWIX
  ERADCRC6              0005ea60   00000010  00000000  00000010  RWIX
  ERADCRC7              0005ea70   00000010  00000000  00000010  RWIX
  ERADCRC8              0005ea80   00000010  00000000  00000010  RWIX
  DCSMZ1                0005f000   0000003e  00000000  0000003e  RWIX
  DCSMZ2                0005f080   0000003e  00000000  0000003e  RWIX
  DCSMCOMMON            0005f0c0   00000020  00000000  00000020  RWIX
  MEMCFG                0005f400   000000c0  000000ae  00000012  RWIX
  EMIF1CONFIG           0005f4c0   00000020  00000000  00000020  RWIX
  ACCESSPROTECTION      0005f500   00000040  00000000  00000040  RWIX
  MEMORYERROR           0005f540   00000040  00000000  00000040  RWIX
  ROMWAITSTATE          0005f580   00000008  00000000  00000008  RWIX
  ROMPREFETCH           0005f588   00000008  00000000  00000008  RWIX
  TESTERROR             0005f590   00000010  00000000  00000010  RWIX
  FLASH0CTRL            0005f800   00000182  00000000  00000182  RWIX
  FLASH0ECC             0005fb00   00000028  00000000  00000028  RWIX
  UID                   00070200   00000010  00000000  00000010  RWIX


SECTION ALLOCATION MAP

 output                                  attributes/
section   page    origin      length       input sections
--------  ----  ----------  ----------   ----------------
codestart 
*          0    00000000    00000002     
                  00000000    00000002     f2838x_codestartbranch.obj (codestart)

.cinit     0    00010200    00000050     
                  00010200    00000011     (.cinit.RAMGS0.load) [load image, compression = lzss]
                  00010211    00000008     (.cinit..data.load) [load image, compression = lzss]
                  00010219    00000001     --HOLE-- [fill = 0]
                  0001021a    00000006     (__TI_handler_table)
                  00010220    00000004     (.cinit..bss_cla.load) [load image, compression = zero_init]
                  00010224    00000004     (.cinit..scratchpad.load) [load image, compression = zero_init]
                  00010228    00000004     (.cinit.CLADataLS0.load) [load image, compression = zero_init]
                  0001022c    00000004     (.cinit.PieVectTableFile.load) [load image, compression = zero_init]
                  00010230    00000004     (.cinit.RAMGS1.load) [load image, compression = zero_init]
                  00010234    0000001c     (__TI_cinit_table)

.reset     0    003fffc0    00000000     DSECT

.stack     0    00000400    00000100     UNINITIALIZED
                  00000400    00000100     --HOLE--

.init_array 
*          0    000001b1    00000000     UNINITIALIZED

.data      0    00010000    0000000a     UNINITIALIZED
                  00010000    00000006     rts2800_fpu64_eabi.lib : exit.c.obj (.data)
                  00010006    00000002                            : _lock.c.obj (.data:_lock)
                  00010008    00000002                            : _lock.c.obj (.data:_unlock)

.const     0    00010040    000001c0     
                  00010040    000001c0     f2838x_pievect.obj (.const)

Cla1ToCpuMsgRAM 
*          0    00001480    00000020     UNINITIALIZED
                  00001480    00000020     CPU2_Task.obj (Cla1ToCpuMsgRAM)

CpuToCla1MsgRAM 
*          0    00001500    00000024     UNINITIALIZED
                  00001500    00000024     CPU2_Task.obj (CpuToCla1MsgRAM)

CLADataLS0 
*          0    00008000    000002aa     UNINITIALIZED
                  00008000    000002aa     CPU2_Task.obj (CLADataLS0)

CLAscratch 
*          0    000082aa    00000100     UNINITIALIZED
                  000082aa    00000100     --HOLE--

.bss_cla   0    000083aa    00000010     UNINITIALIZED
                  000083aa    0000000c     CPU2_Task.obj (.bss_cla:filter_Ihv)
                  000083b6    00000004     CPU2_Task.obj (.bss_cla)

.scratchpad 
*          0    000083ba    00000006     UNINITIALIZED
                  000083ba    00000006     CPU2_Task.obj (.scratchpad:Cla1Prog:Cla1Task1)

Cla1Prog   0    00008800    00000d24     
                  00008800    00000912     CPU2_Task.obj (Cla1Prog:Cla1Task1)
                  00009112    000003e2     CPU2_Task.obj (Cla1Prog:Cla1Task8)
                  000094f4    00000008     CPU2_Task.obj (Cla1Prog:Cla1Task2)
                  000094fc    00000008     CPU2_Task.obj (Cla1Prog:Cla1Task3)
                  00009504    00000008     CPU2_Task.obj (Cla1Prog:Cla1Task4)
                  0000950c    00000008     CPU2_Task.obj (Cla1Prog:Cla1Task5)
                  00009514    00000008     CPU2_Task.obj (Cla1Prog:Cla1Task6)
                  0000951c    00000008     CPU2_Task.obj (Cla1Prog:Cla1Task7)

.TI.ramfunc 
*          0    000001b1    00000004     
                  000001b1    00000004     f2838x_usdelay.obj (.TI.ramfunc)

PieVectTableFile 
*          1    00000d00    000001c0     UNINITIALIZED
                  00000d00    000001c0     f2838x_globalvariabledefs.obj (PieVectTableFile)

EmuKeyVar 
*          1    00000d00    00000000     UNINITIALIZED

EmuBModeVar 
*          1    00000d00    00000000     UNINITIALIZED

EmuBootPinsVar 
*          1    00000d00    00000000     UNINITIALIZED

FlashCallbackVar 
*          1    00000d00    00000000     UNINITIALIZED

FlashScalingVar 
*          1    00000d00    00000000     UNINITIALIZED

AdcaRegsFile 
*          1    00007400    0000007c     UNINITIALIZED
                  00007400    0000007c     f2838x_globalvariabledefs.obj (AdcaRegsFile)

AdccRegsFile 
*          1    00007500    0000007c     UNINITIALIZED
                  00007500    0000007c     f2838x_globalvariabledefs.obj (AdccRegsFile)

AdcaResultRegsFile 
*          1    00000b00    00000018     UNINITIALIZED
                  00000b00    00000018     f2838x_globalvariabledefs.obj (AdcaResultRegsFile)

AdccResultRegsFile 
*          1    00000b40    00000018     UNINITIALIZED
                  00000b40    00000018     f2838x_globalvariabledefs.obj (AdccResultRegsFile)

Cla1RegsFile 
*          1    00001400    00000048     UNINITIALIZED
                  00001400    00000048     f2838x_globalvariabledefs.obj (Cla1RegsFile)

Cmpss1RegsFile 
*          1    00005c80    0000001b     UNINITIALIZED
                  00005c80    0000001b     f2838x_globalvariabledefs.obj (Cmpss1RegsFile)

Cmpss2RegsFile 
*          1    00005ca0    0000001b     UNINITIALIZED
                  00005ca0    0000001b     f2838x_globalvariabledefs.obj (Cmpss2RegsFile)

Cmpss4RegsFile 
*          1    00005ce0    0000001b     UNINITIALIZED
                  00005ce0    0000001b     f2838x_globalvariabledefs.obj (Cmpss4RegsFile)

Cmpss5RegsFile 
*          1    00005d00    0000001b     UNINITIALIZED
                  00005d00    0000001b     f2838x_globalvariabledefs.obj (Cmpss5RegsFile)

CpuSysRegsFile 
*          1    0005d300    0000009c     UNINITIALIZED
                  0005d300    0000009c     f2838x_globalvariabledefs.obj (CpuSysRegsFile)

DmaClaSrcSelRegsFile 
*          1    00007980    0000001a     UNINITIALIZED
                  00007980    0000001a     f2838x_globalvariabledefs.obj (DmaClaSrcSelRegsFile)

EPwm7RegsFile 
*          1    00004600    00000100     UNINITIALIZED
                  00004600    00000100     f2838x_globalvariabledefs.obj (EPwm7RegsFile)

EPwm8RegsFile 
*          1    00004700    00000100     UNINITIALIZED
                  00004700    00000100     f2838x_globalvariabledefs.obj (EPwm8RegsFile)

EPwm9RegsFile 
*          1    00004800    00000100     UNINITIALIZED
                  00004800    00000100     f2838x_globalvariabledefs.obj (EPwm9RegsFile)

EPwm10RegsFile 
*          1    00004900    00000100     UNINITIALIZED
                  00004900    00000100     f2838x_globalvariabledefs.obj (EPwm10RegsFile)

MemCfgRegsFile 
*          1    0005f400    000000ae     UNINITIALIZED
                  0005f400    000000ae     f2838x_globalvariabledefs.obj (MemCfgRegsFile)

PieCtrlRegsFile 
*          1    00000ce0    0000001a     UNINITIALIZED
                  00000ce0    0000001a     f2838x_globalvariabledefs.obj (PieCtrlRegsFile)

WdRegsFile 
*          1    00007000    0000002b     UNINITIALIZED
                  00007000    0000002b     f2838x_globalvariabledefs.obj (WdRegsFile)

RAMGS0     0    00000002    00000014     UNINITIALIZED
                  00000002    00000014     CPU2_Main.obj (RAMGS0)

RAMGS1     1    00000ec0    0000002c     UNINITIALIZED
                  00000ec0    0000002c     CPU2_Main.obj (RAMGS1)

.text.1    0    000001b5    0000024b     
                  000001b5    000001a0     Pwm_VFDAB.obj (.text:PWM_VFDAB)
                  00000355    000000a9     f2838x_sysctrl.obj (.text:InitPeripheralClocks)
                  000003fe    00000002     rts2800_fpu64_eabi.lib : pre_init.c.obj (.text)

.text.2    0    0000c000    000007fd     
                  0000c000    00000127     CPU2_Main.obj (.text:main)
                  0000c127    00000117     CPU2_Main.obj (.text:CMPSS_Protection)
                  0000c23e    000000b8     CPU2_Main.obj (.text:cmpssConfig)
                  0000c2f6    00000066     ADC_CFDAB.obj (.text:Init_ADC_A)
                  0000c35c    0000005d     ADC_CFDAB.obj (.text:Init_ADC_C)
                  0000c3b9    00000049     CPU2_Main.obj (.text:Cla_initMemoryMap)
                  0000c402    00000046     CPU2_Main.obj (.text:CLA_initCpu2Cla)
                  0000c448    00000030     rts2800_fpu64_eabi.lib : copy_decompress_lzss.c.obj (.text:decompress:lzss)
                  0000c478    0000002b                            : autoinit.c.obj (.text:__TI_auto_init_nobinit_nopinit)
                  0000c4a3    00000029                            : exit.c.obj (.text)
                  0000c4cc    00000025     f2838x_pievect.obj (.text:InitPieVectTable)
                  0000c4f1    0000001f     f2838x_piectrl.obj (.text:InitPieCtrl)
                  0000c510    0000001d     rts2800_fpu64_eabi.lib : memcpy.c.obj (.text)
                  0000c52d    00000019                            : boot28.asm.obj (.text)
                  0000c546    00000014     CPU2_Main.obj (.text:DelayMs)
                  0000c55a    00000011     CPU2_Main.obj (.text:cla1Isr1)
                  0000c56b    00000011     CPU2_Main.obj (.text:cla1Isr2)
                  0000c57c    00000011     CPU2_Main.obj (.text:cla1Isr8)
                  0000c58d    0000000f     CPU2_Main.obj (.text:cla1Isr3)
                  0000c59c    0000000f     CPU2_Main.obj (.text:cla1Isr4)
                  0000c5ab    0000000f     CPU2_Main.obj (.text:cla1Isr5)
                  0000c5ba    0000000f     CPU2_Main.obj (.text:cla1Isr6)
                  0000c5c9    0000000f     CPU2_Main.obj (.text:cla1Isr7)
                  0000c5d8    0000000d     f2838x_sysctrl.obj (.text:DisableDog)
                  0000c5e5    0000000d     f2838x_defaultisr.obj (.text:EMPTY_ISR)
                  0000c5f2    0000000c     rts2800_fpu64_eabi.lib : args_main.c.obj (.text)
                  0000c5fe    0000000a     f2838x_defaultisr.obj (.text:ADCA1_ISR)
                  0000c608    0000000a     f2838x_defaultisr.obj (.text:ADCA2_ISR)
                  0000c612    0000000a     f2838x_defaultisr.obj (.text:ADCA3_ISR)
                  0000c61c    0000000a     f2838x_defaultisr.obj (.text:ADCA4_ISR)
                  0000c626    0000000a     f2838x_defaultisr.obj (.text:ADCA_EVT_ISR)
                  0000c630    0000000a     f2838x_defaultisr.obj (.text:ADCB1_ISR)
                  0000c63a    0000000a     f2838x_defaultisr.obj (.text:ADCB2_ISR)
                  0000c644    0000000a     f2838x_defaultisr.obj (.text:ADCB3_ISR)
                  0000c64e    0000000a     f2838x_defaultisr.obj (.text:ADCB4_ISR)
                  0000c658    0000000a     f2838x_defaultisr.obj (.text:ADCB_EVT_ISR)
                  0000c662    0000000a     f2838x_defaultisr.obj (.text:ADCC1_ISR)
                  0000c66c    0000000a     f2838x_defaultisr.obj (.text:ADCC2_ISR)
                  0000c676    0000000a     f2838x_defaultisr.obj (.text:ADCC3_ISR)
                  0000c680    0000000a     f2838x_defaultisr.obj (.text:ADCC4_ISR)
                  0000c68a    0000000a     f2838x_defaultisr.obj (.text:ADCC_EVT_ISR)
                  0000c694    0000000a     f2838x_defaultisr.obj (.text:ADCD1_ISR)
                  0000c69e    0000000a     f2838x_defaultisr.obj (.text:ADCD2_ISR)
                  0000c6a8    0000000a     f2838x_defaultisr.obj (.text:ADCD3_ISR)
                  0000c6b2    0000000a     f2838x_defaultisr.obj (.text:ADCD4_ISR)
                  0000c6bc    0000000a     f2838x_defaultisr.obj (.text:ADCD_EVT_ISR)
                  0000c6c6    0000000a     f2838x_defaultisr.obj (.text:CANA0_ISR)
                  0000c6d0    0000000a     f2838x_defaultisr.obj (.text:CANA1_ISR)
                  0000c6da    0000000a     f2838x_defaultisr.obj (.text:CANB0_ISR)
                  0000c6e4    0000000a     f2838x_defaultisr.obj (.text:CANB1_ISR)
                  0000c6ee    0000000a     f2838x_defaultisr.obj (.text:CIPC0_ISR)
                  0000c6f8    0000000a     f2838x_defaultisr.obj (.text:CIPC1_ISR)
                  0000c702    0000000a     f2838x_defaultisr.obj (.text:CIPC2_ISR)
                  0000c70c    0000000a     f2838x_defaultisr.obj (.text:CIPC3_ISR)
                  0000c716    0000000a     f2838x_defaultisr.obj (.text:CLA1CRC_ISR)
                  0000c720    0000000a     f2838x_defaultisr.obj (.text:CLA1_1_ISR)
                  0000c72a    0000000a     f2838x_defaultisr.obj (.text:CLA1_2_ISR)
                  0000c734    0000000a     f2838x_defaultisr.obj (.text:CLA1_3_ISR)
                  0000c73e    0000000a     f2838x_defaultisr.obj (.text:CLA1_4_ISR)
                  0000c748    0000000a     f2838x_defaultisr.obj (.text:CLA1_5_ISR)
                  0000c752    0000000a     f2838x_defaultisr.obj (.text:CLA1_6_ISR)
                  0000c75c    0000000a     f2838x_defaultisr.obj (.text:CLA1_7_ISR)
                  0000c766    0000000a     f2838x_defaultisr.obj (.text:CLA1_8_ISR)
                  0000c770    0000000a     f2838x_defaultisr.obj (.text:CLA_OVERFLOW_ISR)
                  0000c77a    0000000a     f2838x_defaultisr.obj (.text:CLA_UNDERFLOW_ISR)
                  0000c784    0000000a     f2838x_defaultisr.obj (.text:CLB1_ISR)
                  0000c78e    0000000a     f2838x_defaultisr.obj (.text:CLB2_ISR)
                  0000c798    0000000a     f2838x_defaultisr.obj (.text:CLB3_ISR)
                  0000c7a2    0000000a     f2838x_defaultisr.obj (.text:CLB4_ISR)
                  0000c7ac    0000000a     f2838x_defaultisr.obj (.text:CLB5_ISR)
                  0000c7b6    0000000a     f2838x_defaultisr.obj (.text:CLB6_ISR)
                  0000c7c0    0000000a     f2838x_defaultisr.obj (.text:CLB7_ISR)
                  0000c7ca    0000000a     f2838x_defaultisr.obj (.text:CLB8_ISR)
                  0000c7d4    0000000a     f2838x_defaultisr.obj (.text:CMTOCPUXIPC0_ISR)
                  0000c7de    0000000a     f2838x_defaultisr.obj (.text:CMTOCPUXIPC1_ISR)
                  0000c7e8    0000000a     f2838x_defaultisr.obj (.text:CMTOCPUXIPC2_ISR)
                  0000c7f2    0000000a     f2838x_defaultisr.obj (.text:CMTOCPUXIPC3_ISR)
                  0000c7fc    00000001     rts2800_fpu64_eabi.lib : startup.c.obj (.text)

.text.3    0    0000c800    0000062f     
                  0000c800    0000000a     f2838x_defaultisr.obj (.text:CMTOCPUXIPC4_ISR)
                  0000c80a    0000000a     f2838x_defaultisr.obj (.text:CMTOCPUXIPC5_ISR)
                  0000c814    0000000a     f2838x_defaultisr.obj (.text:CMTOCPUXIPC6_ISR)
                  0000c81e    0000000a     f2838x_defaultisr.obj (.text:CMTOCPUXIPC7_ISR)
                  0000c828    0000000a     f2838x_defaultisr.obj (.text:CM_STATUS_ISR)
                  0000c832    0000000a     f2838x_defaultisr.obj (.text:CPUCRC_ISR)
                  0000c83c    0000000a     f2838x_defaultisr.obj (.text:DATALOG_ISR)
                  0000c846    0000000a     f2838x_defaultisr.obj (.text:DMA_CH1_ISR)
                  0000c850    0000000a     f2838x_defaultisr.obj (.text:DMA_CH2_ISR)
                  0000c85a    0000000a     f2838x_defaultisr.obj (.text:DMA_CH3_ISR)
                  0000c864    0000000a     f2838x_defaultisr.obj (.text:DMA_CH4_ISR)
                  0000c86e    0000000a     f2838x_defaultisr.obj (.text:DMA_CH5_ISR)
                  0000c878    0000000a     f2838x_defaultisr.obj (.text:DMA_CH6_ISR)
                  0000c882    0000000a     f2838x_defaultisr.obj (.text:ECAP1_ISR)
                  0000c88c    0000000a     f2838x_defaultisr.obj (.text:ECAP2_ISR)
                  0000c896    0000000a     f2838x_defaultisr.obj (.text:ECAP3_ISR)
                  0000c8a0    0000000a     f2838x_defaultisr.obj (.text:ECAP4_ISR)
                  0000c8aa    0000000a     f2838x_defaultisr.obj (.text:ECAP5_ISR)
                  0000c8b4    0000000a     f2838x_defaultisr.obj (.text:ECAP6_2_ISR)
                  0000c8be    0000000a     f2838x_defaultisr.obj (.text:ECAP6_ISR)
                  0000c8c8    0000000a     f2838x_defaultisr.obj (.text:ECAP7_2_ISR)
                  0000c8d2    0000000a     f2838x_defaultisr.obj (.text:ECAP7_ISR)
                  0000c8dc    0000000a     f2838x_defaultisr.obj (.text:ECATRST_ISR)
                  0000c8e6    0000000a     f2838x_defaultisr.obj (.text:ECATSYNC0_ISR)
                  0000c8f0    0000000a     f2838x_defaultisr.obj (.text:ECATSYNC1_ISR)
                  0000c8fa    0000000a     f2838x_defaultisr.obj (.text:ECAT_ISR)
                  0000c904    0000000a     f2838x_defaultisr.obj (.text:EMU_ISR)
                  0000c90e    0000000a     f2838x_defaultisr.obj (.text:EPWM10_ISR)
                  0000c918    0000000a     f2838x_defaultisr.obj (.text:EPWM10_TZ_ISR)
                  0000c922    0000000a     f2838x_defaultisr.obj (.text:EPWM11_ISR)
                  0000c92c    0000000a     f2838x_defaultisr.obj (.text:EPWM11_TZ_ISR)
                  0000c936    0000000a     f2838x_defaultisr.obj (.text:EPWM12_ISR)
                  0000c940    0000000a     f2838x_defaultisr.obj (.text:EPWM12_TZ_ISR)
                  0000c94a    0000000a     f2838x_defaultisr.obj (.text:EPWM13_ISR)
                  0000c954    0000000a     f2838x_defaultisr.obj (.text:EPWM13_TZ_ISR)
                  0000c95e    0000000a     f2838x_defaultisr.obj (.text:EPWM14_ISR)
                  0000c968    0000000a     f2838x_defaultisr.obj (.text:EPWM14_TZ_ISR)
                  0000c972    0000000a     f2838x_defaultisr.obj (.text:EPWM15_ISR)
                  0000c97c    0000000a     f2838x_defaultisr.obj (.text:EPWM15_TZ_ISR)
                  0000c986    0000000a     f2838x_defaultisr.obj (.text:EPWM16_ISR)
                  0000c990    0000000a     f2838x_defaultisr.obj (.text:EPWM16_TZ_ISR)
                  0000c99a    0000000a     f2838x_defaultisr.obj (.text:EPWM1_ISR)
                  0000c9a4    0000000a     f2838x_defaultisr.obj (.text:EPWM1_TZ_ISR)
                  0000c9ae    0000000a     f2838x_defaultisr.obj (.text:EPWM2_ISR)
                  0000c9b8    0000000a     f2838x_defaultisr.obj (.text:EPWM2_TZ_ISR)
                  0000c9c2    0000000a     f2838x_defaultisr.obj (.text:EPWM3_ISR)
                  0000c9cc    0000000a     f2838x_defaultisr.obj (.text:EPWM3_TZ_ISR)
                  0000c9d6    0000000a     f2838x_defaultisr.obj (.text:EPWM4_ISR)
                  0000c9e0    0000000a     f2838x_defaultisr.obj (.text:EPWM4_TZ_ISR)
                  0000c9ea    0000000a     f2838x_defaultisr.obj (.text:EPWM5_ISR)
                  0000c9f4    0000000a     f2838x_defaultisr.obj (.text:EPWM5_TZ_ISR)
                  0000c9fe    0000000a     f2838x_defaultisr.obj (.text:EPWM6_ISR)
                  0000ca08    0000000a     f2838x_defaultisr.obj (.text:EPWM6_TZ_ISR)
                  0000ca12    0000000a     f2838x_defaultisr.obj (.text:EPWM7_ISR)
                  0000ca1c    0000000a     f2838x_defaultisr.obj (.text:EPWM7_TZ_ISR)
                  0000ca26    0000000a     f2838x_defaultisr.obj (.text:EPWM8_ISR)
                  0000ca30    0000000a     f2838x_defaultisr.obj (.text:EPWM8_TZ_ISR)
                  0000ca3a    0000000a     f2838x_defaultisr.obj (.text:EPWM9_ISR)
                  0000ca44    0000000a     f2838x_defaultisr.obj (.text:EPWM9_TZ_ISR)
                  0000ca4e    0000000a     f2838x_defaultisr.obj (.text:EQEP1_ISR)
                  0000ca58    0000000a     f2838x_defaultisr.obj (.text:EQEP2_ISR)
                  0000ca62    0000000a     f2838x_defaultisr.obj (.text:EQEP3_ISR)
                  0000ca6c    0000000a     f2838x_defaultisr.obj (.text:FMC_ISR)
                  0000ca76    0000000a     f2838x_defaultisr.obj (.text:FPU_OFLOW_ISR)
                  0000ca80    0000000a     f2838x_defaultisr.obj (.text:FPU_UFLOW_ISR)
                  0000ca8a    0000000a     f2838x_defaultisr.obj (.text:FSIRXA1_ISR)
                  0000ca94    0000000a     f2838x_defaultisr.obj (.text:FSIRXA2_ISR)
                  0000ca9e    0000000a     f2838x_defaultisr.obj (.text:FSIRXB1_ISR)
                  0000caa8    0000000a     f2838x_defaultisr.obj (.text:FSIRXB2_ISR)
                  0000cab2    0000000a     f2838x_defaultisr.obj (.text:FSIRXC1_ISR)
                  0000cabc    0000000a     f2838x_defaultisr.obj (.text:FSIRXC2_ISR)
                  0000cac6    0000000a     f2838x_defaultisr.obj (.text:FSIRXD1_ISR)
                  0000cad0    0000000a     f2838x_defaultisr.obj (.text:FSIRXD2_ISR)
                  0000cada    0000000a     f2838x_defaultisr.obj (.text:FSIRXE1_ISR)
                  0000cae4    0000000a     f2838x_defaultisr.obj (.text:FSIRXE2_ISR)
                  0000caee    0000000a     f2838x_defaultisr.obj (.text:FSIRXF1_ISR)
                  0000caf8    0000000a     f2838x_defaultisr.obj (.text:FSIRXF2_ISR)
                  0000cb02    0000000a     f2838x_defaultisr.obj (.text:FSIRXG1_ISR)
                  0000cb0c    0000000a     f2838x_defaultisr.obj (.text:FSIRXG2_ISR)
                  0000cb16    0000000a     f2838x_defaultisr.obj (.text:FSIRXH1_ISR)
                  0000cb20    0000000a     f2838x_defaultisr.obj (.text:FSIRXH2_ISR)
                  0000cb2a    0000000a     f2838x_defaultisr.obj (.text:FSITXA1_ISR)
                  0000cb34    0000000a     f2838x_defaultisr.obj (.text:FSITXA2_ISR)
                  0000cb3e    0000000a     f2838x_defaultisr.obj (.text:FSITXB1_ISR)
                  0000cb48    0000000a     f2838x_defaultisr.obj (.text:FSITXB2_ISR)
                  0000cb52    0000000a     f2838x_defaultisr.obj (.text:I2CA_FIFO_ISR)
                  0000cb5c    0000000a     f2838x_defaultisr.obj (.text:I2CA_HIGH_ISR)
                  0000cb66    0000000a     f2838x_defaultisr.obj (.text:I2CA_ISR)
                  0000cb70    0000000a     f2838x_defaultisr.obj (.text:I2CB_FIFO_ISR)
                  0000cb7a    0000000a     f2838x_defaultisr.obj (.text:I2CB_ISR)
                  0000cb84    0000000a     f2838x_defaultisr.obj (.text:ILLEGAL_ISR)
                  0000cb8e    0000000a     f2838x_defaultisr.obj (.text:MCANA_0_ISR)
                  0000cb98    0000000a     f2838x_defaultisr.obj (.text:MCANA_1_ISR)
                  0000cba2    0000000a     f2838x_defaultisr.obj (.text:MCANA_ECC_ISR)
                  0000cbac    0000000a     f2838x_defaultisr.obj (.text:MCANA_WAKE_ISR)
                  0000cbb6    0000000a     f2838x_defaultisr.obj (.text:MCBSPA_RX_ISR)
                  0000cbc0    0000000a     f2838x_defaultisr.obj (.text:MCBSPA_TX_ISR)
                  0000cbca    0000000a     f2838x_defaultisr.obj (.text:MCBSPB_RX_ISR)
                  0000cbd4    0000000a     f2838x_defaultisr.obj (.text:MCBSPB_TX_ISR)
                  0000cbde    0000000a     f2838x_defaultisr.obj (.text:MPOST_ISR)
                  0000cbe8    0000000a     f2838x_defaultisr.obj (.text:NMI_ISR)
                  0000cbf2    0000000a     f2838x_defaultisr.obj (.text:NOTUSED_ISR)
                  0000cbfc    0000000a     f2838x_defaultisr.obj (.text:PIE_RESERVED_ISR)
                  0000cc06    0000000a     f2838x_defaultisr.obj (.text:PMBUSA_ISR)
                  0000cc10    0000000a     f2838x_defaultisr.obj (.text:RTOS_ISR)
                  0000cc1a    0000000a     f2838x_defaultisr.obj (.text:SCIA_RX_ISR)
                  0000cc24    0000000a     f2838x_defaultisr.obj (.text:SCIA_TX_ISR)
                  0000cc2e    0000000a     f2838x_defaultisr.obj (.text:SCIB_RX_ISR)
                  0000cc38    0000000a     f2838x_defaultisr.obj (.text:SCIB_TX_ISR)
                  0000cc42    0000000a     f2838x_defaultisr.obj (.text:SCIC_RX_ISR)
                  0000cc4c    0000000a     f2838x_defaultisr.obj (.text:SCIC_TX_ISR)
                  0000cc56    0000000a     f2838x_defaultisr.obj (.text:SCID_RX_ISR)
                  0000cc60    0000000a     f2838x_defaultisr.obj (.text:SCID_TX_ISR)
                  0000cc6a    0000000a     f2838x_defaultisr.obj (.text:SDFM1DR1_ISR)
                  0000cc74    0000000a     f2838x_defaultisr.obj (.text:SDFM1DR2_ISR)
                  0000cc7e    0000000a     f2838x_defaultisr.obj (.text:SDFM1DR3_ISR)
                  0000cc88    0000000a     f2838x_defaultisr.obj (.text:SDFM1DR4_ISR)
                  0000cc92    0000000a     f2838x_defaultisr.obj (.text:SDFM1_ISR)
                  0000cc9c    0000000a     f2838x_defaultisr.obj (.text:SDFM2DR1_ISR)
                  0000cca6    0000000a     f2838x_defaultisr.obj (.text:SDFM2DR2_ISR)
                  0000ccb0    0000000a     f2838x_defaultisr.obj (.text:SDFM2DR3_ISR)
                  0000ccba    0000000a     f2838x_defaultisr.obj (.text:SDFM2DR4_ISR)
                  0000ccc4    0000000a     f2838x_defaultisr.obj (.text:SDFM2_ISR)
                  0000ccce    0000000a     f2838x_defaultisr.obj (.text:SPIA_RX_ISR)
                  0000ccd8    0000000a     f2838x_defaultisr.obj (.text:SPIA_TX_ISR)
                  0000cce2    0000000a     f2838x_defaultisr.obj (.text:SPIB_RX_ISR)
                  0000ccec    0000000a     f2838x_defaultisr.obj (.text:SPIB_TX_ISR)
                  0000ccf6    0000000a     f2838x_defaultisr.obj (.text:SPIC_RX_ISR)
                  0000cd00    0000000a     f2838x_defaultisr.obj (.text:SPIC_TX_ISR)
                  0000cd0a    0000000a     f2838x_defaultisr.obj (.text:SPID_RX_ISR)
                  0000cd14    0000000a     f2838x_defaultisr.obj (.text:SPID_TX_ISR)
                  0000cd1e    0000000a     f2838x_defaultisr.obj (.text:SYS_ERR_ISR)
                  0000cd28    0000000a     f2838x_defaultisr.obj (.text:TIMER0_ISR)
                  0000cd32    0000000a     f2838x_defaultisr.obj (.text:TIMER1_ISR)
                  0000cd3c    0000000a     f2838x_defaultisr.obj (.text:TIMER2_ISR)
                  0000cd46    0000000a     f2838x_defaultisr.obj (.text:USBA_ISR)
                  0000cd50    0000000a     f2838x_defaultisr.obj (.text:USER10_ISR)
                  0000cd5a    0000000a     f2838x_defaultisr.obj (.text:USER11_ISR)
                  0000cd64    0000000a     f2838x_defaultisr.obj (.text:USER12_ISR)
                  0000cd6e    0000000a     f2838x_defaultisr.obj (.text:USER1_ISR)
                  0000cd78    0000000a     f2838x_defaultisr.obj (.text:USER2_ISR)
                  0000cd82    0000000a     f2838x_defaultisr.obj (.text:USER3_ISR)
                  0000cd8c    0000000a     f2838x_defaultisr.obj (.text:USER4_ISR)
                  0000cd96    0000000a     f2838x_defaultisr.obj (.text:USER5_ISR)
                  0000cda0    0000000a     f2838x_defaultisr.obj (.text:USER6_ISR)
                  0000cdaa    0000000a     f2838x_defaultisr.obj (.text:USER7_ISR)
                  0000cdb4    0000000a     f2838x_defaultisr.obj (.text:USER8_ISR)
                  0000cdbe    0000000a     f2838x_defaultisr.obj (.text:USER9_ISR)
                  0000cdc8    0000000a     f2838x_defaultisr.obj (.text:WAKE_ISR)
                  0000cdd2    0000000a     f2838x_defaultisr.obj (.text:XINT1_ISR)
                  0000cddc    0000000a     f2838x_defaultisr.obj (.text:XINT2_ISR)
                  0000cde6    0000000a     f2838x_defaultisr.obj (.text:XINT3_ISR)
                  0000cdf0    0000000a     f2838x_defaultisr.obj (.text:XINT4_ISR)
                  0000cdfa    0000000a     f2838x_defaultisr.obj (.text:XINT5_ISR)
                  0000ce04    00000009     rts2800_fpu64_eabi.lib : _lock.c.obj (.text)
                  0000ce0d    00000008                            : copy_decompress_none.c.obj (.text:decompress:none)
                  0000ce15    00000008     f2838x_codestartbranch.obj (.text)
                  0000ce1d    00000007     rts2800_fpu64_eabi.lib : memset.c.obj (.text)
                  0000ce24    00000006                            : copy_zero_init.c.obj (.text:decompress:ZI)
                  0000ce2a    00000005     f2838x_sysctrl.obj (.text:InitSysCtrl)

MODULE SUMMARY

       Module                          code   ro data   rw data
       ------                          ----   -------   -------
    .\
       CPU2_Task.obj                   3364   0         772    
       f2838x_globalvariabledefs.obj   0      0         2373   
       f2838x_defaultisr.obj           2063   0         0      
       CPU2_Main.obj                   1047   0         64     
       f2838x_pievect.obj              37     448       0      
       f2838x_sysctrl.obj              187    0         0      
       f2838x_piectrl.obj              31     0         0      
       f2838x_codestartbranch.obj      10     0         0      
       f2838x_usdelay.obj              4      0         0      
    +--+-------------------------------+------+---------+---------+
       Total:                          6743   448       3209   
                                                               
    .\library\Driver\source\
       Pwm_VFDAB.obj                   416    0         0      
       ADC_CFDAB.obj                   195    0         0      
    +--+-------------------------------+------+---------+---------+
       Total:                          611    0         0      
                                                               
    C:\ti\ccs1250\ccs\tools\compiler\ti-cgt-c2000_22.6.1.LTS\lib\rts2800_fpu64_eabi.lib
       copy_decompress_lzss.c.obj      48     0         0      
       exit.c.obj                      41     0         6      
       autoinit.c.obj                  43     0         0      
       memcpy.c.obj                    29     0         0      
       boot28.asm.obj                  25     0         0      
       _lock.c.obj                     9      0         4      
       args_main.c.obj                 12     0         0      
       copy_decompress_none.c.obj      8      0         0      
       memset.c.obj                    7      0         0      
       copy_zero_init.c.obj            6      0         0      
       pre_init.c.obj                  2      0         0      
       startup.c.obj                   1      0         0      
    +--+-------------------------------+------+---------+---------+
       Total:                          231    0         10     
                                                               
       Stack:                          0      0         256    
       Linker Generated:               0      79        0      
    +--+-------------------------------+------+---------+---------+
       Grand Total:                    7585   527       3475   


LINKER GENERATED COPY TABLES

__TI_cinit_table @ 00010234 records: 7, size/record: 4, table size: 28
	RAMGS0: load addr=00010200, load size=00000011 bytes, run addr=00000002, run size=00000014 bytes, compression=lzss
	.data: load addr=00010211, load size=00000008 bytes, run addr=00010000, run size=0000000a bytes, compression=lzss
	.bss_cla: load addr=00010220, load size=00000004 bytes, run addr=000083aa, run size=00000010 bytes, compression=zero_init
	.scratchpad: load addr=00010224, load size=00000004 bytes, run addr=000083ba, run size=00000006 bytes, compression=zero_init
	CLADataLS0: load addr=00010228, load size=00000004 bytes, run addr=00008000, run size=000002aa bytes, compression=zero_init
	PieVectTableFile: load addr=0001022c, load size=00000004 bytes, run addr=00000d00, run size=000001c0 bytes, compression=zero_init
	RAMGS1: load addr=00010230, load size=00000004 bytes, run addr=00000ec0, run size=0000002c bytes, compression=zero_init


LINKER GENERATED HANDLER TABLE

__TI_handler_table @ 0001021a records: 3, size/record: 2, table size: 6
	index: 0, handler: __TI_decompress_lzss
	index: 1, handler: __TI_decompress_none
	index: 2, handler: __TI_zero_init


GLOBAL DATA SYMBOLS: SORTED BY DATA PAGE

address     data page           name
--------    ----------------    ----
00000002       0 (00000000)     Task8_Isr
00000003       0 (00000000)     StartFlag
00000004       0 (00000000)     START
00000005       0 (00000000)     Task1_Isr
00000006       0 (00000000)     Task2_Isr
00000007       0 (00000000)     ChannelAdc
00000008       0 (00000000)     clkPrescale
00000009       0 (00000000)     sampwin
0000000a       0 (00000000)     thresh
0000000b       0 (00000000)     LEM_curIlvHi
0000000c       0 (00000000)     LEM_curIlvLo
0000000d       0 (00000000)     LEM_curIhvHi
0000000e       0 (00000000)     LEM_curIhvLo
0000000f       0 (00000000)     MEA_voltUbatHi
00000010       0 (00000000)     MEA_voltUbatLo
00000011       0 (00000000)     MEA_voltUcHi
00000012       0 (00000000)     MEA_voltUcLo
00000013       0 (00000000)     MEA_voltUdcHi
00000014       0 (00000000)     MEA_voltUdcLo
00000015       0 (00000000)     e_TPC_Sts

00000400      10 (00000400)     __stack

00000b00      2c (00000b00)     AdcaResultRegs

00000b40      2d (00000b40)     AdccResultRegs

00000ce0      33 (00000cc0)     PieCtrlRegs

00000d00      34 (00000d00)     PieVectTable

00000ec0      3b (00000ec0)     Protect_Chanel_TPC
00000ec6      3b (00000ec0)     Setting_bat

00001400      50 (00001400)     Cla1Regs

00001480      52 (00001480)     ClaToCPU

00001500      54 (00001500)     CpuToCLA

00004600     118 (00004600)     EPwm7Regs

00004700     11c (00004700)     EPwm8Regs

00004800     120 (00004800)     EPwm9Regs

00004900     124 (00004900)     EPwm10Regs

00005c80     172 (00005c80)     Cmpss1Regs
00005ca0     172 (00005c80)     Cmpss2Regs

00005ce0     173 (00005cc0)     Cmpss4Regs

00005d00     174 (00005d00)     Cmpss5Regs

00007000     1c0 (00007000)     WdRegs

00007400     1d0 (00007400)     AdcaRegs

00007500     1d4 (00007500)     AdccRegs

00007980     1e6 (00007980)     DmaClaSrcSelRegs

00008000     200 (00008000)     IsrTickerTask1
00008002     200 (00008000)     rc1
00008010     200 (00008000)     rc_Duty
0000801e     200 (00008000)     rc_Phi
0000802c     200 (00008000)     rc_VdcRef
0000803a     200 (00008000)     rc_VcRef

00008048     201 (00008040)     rc_IlvRef
00008056     201 (00008040)     Kp_volt_Ubat_test
00008058     201 (00008040)     Ki_volt_Ubat_test
0000805a     201 (00008040)     Kp_volt_Udc_test
0000805c     201 (00008040)     Ki_volt_Udc_test
0000805e     201 (00008040)     pi_volt_Udc
0000807c     201 (00008040)     pi_volt_Ubat

0000809a     202 (00008080)     pi_volt_Ilv
000080b8     202 (00008080)     Duty
000080ba     202 (00008080)     detaPhi
000080bc     202 (00008080)     theta1
000080be     202 (00008080)     Phase_Q1

000080c0     203 (000080c0)     Phase_Q2
000080c2     203 (000080c0)     Phase_Q1a
000080c4     203 (000080c0)     Phase_Q2a
000080c6     203 (000080c0)     Phase_S2
000080c8     203 (000080c0)     Cmpa_Q1
000080ca     203 (000080c0)     Cmpa_Q2
000080cc     203 (000080c0)     Cmpa_S1
000080ce     203 (000080c0)     Cmpa_S4
000080d0     203 (000080c0)     Cmpb_S4
000080d2     203 (000080c0)     PeriodMax
000080d4     203 (000080c0)     error_volt_Udc_controller
000080d6     203 (000080c0)     pi_volt_Iout
000080f4     203 (000080c0)     cntl_2p2z_coeff_Udc

00008108     204 (00008100)     cntl_2p2z_coeff_Vc
0000811c     204 (00008100)     cntl_2p2z_coeff_Ibat
00008130     204 (00008100)     cntl_2p2z_coeff_Ubat

00008144     205 (00008140)     cntl_2p2z_var_Udc
00008156     205 (00008140)     cntl_2p2z_var_Vc
00008168     205 (00008140)     cntl_2p2z_var_Ibat
0000817a     205 (00008140)     cntl_2p2z_var_Ubat

0000818c     206 (00008180)     cntl_pi_Ibat
000081ac     206 (00008180)     theta2
000081ae     206 (00008180)     Phase_S1
000081b0     206 (00008180)     Phase_S4
000081b2     206 (00008180)     Phase_S1_old
000081b4     206 (00008180)     Phase_S4_old
000081b6     206 (00008180)     AdcVaule

000081ca     207 (000081c0)     AdcValue
000081de     207 (000081c0)     adc_filter
000081f2     207 (000081c0)     adc_offset

00008206     208 (00008200)     filter_Udc
00008212     208 (00008200)     filter_Ubat
0000821e     208 (00008200)     filter_Vc
0000822a     208 (00008200)     filter_Udc_pre
00008236     208 (00008200)     filter_Vc_pre

00008242     209 (00008240)     filterBand_Vc
0000826a     209 (00008240)     filterBand_Udc

00008292     20a (00008280)     OffsetCalCounter
00008293     20a (00008280)     ResetOffset
00008294     20a (00008280)     i
00008295     20a (00008280)     Enable
00008296     20a (00008280)     START_ADC
00008297     20a (00008280)     start_duty
00008298     20a (00008280)     Cnt_duty
0000829a     20a (00008280)     Cnt_phi
0000829c     20a (00008280)     Cnt_filter
0000829e     20a (00008280)     Enable_duty
0000829f     20a (00008280)     Enable_phi
000082a0     20a (00008280)     Enable_filter
000082a1     20a (00008280)     switch_bdk
000082a2     20a (00008280)     Flag_duty
000082a3     20a (00008280)     Flag_phi
000082a4     20a (00008280)     Flag_Enable
000082a5     20a (00008280)     a
000082a6     20a (00008280)     b
000082a8     20a (00008280)     c

000083aa     20e (00008380)     filter_Ihv
000083b6     20e (00008380)     loopCounter1
000083b7     20e (00008380)     loopCounter2
000083b8     20e (00008380)     TaskCpu2Cla1
000083b9     20e (00008380)     TaskCpu2Cla1_task8

00010000     400 (00010000)     __TI_enable_exit_profile_output
00010002     400 (00010000)     __TI_cleanup_ptr
00010004     400 (00010000)     __TI_dtors_ptr
00010006     400 (00010000)     _lock
00010008     400 (00010000)     _unlock

00010040     401 (00010040)     PieVectTableInit

0005d300    174c (0005d300)     CpuSysRegs

0005f400    17d0 (0005f400)     MemCfgRegs


GLOBAL SYMBOLS: SORTED ALPHABETICALLY BY Name 

page  address   name                           
----  -------   ----                           
0     0000c5fe  ADCA1_ISR                      
0     0000c608  ADCA2_ISR                      
0     0000c612  ADCA3_ISR                      
0     0000c61c  ADCA4_ISR                      
0     0000c626  ADCA_EVT_ISR                   
0     0000c630  ADCB1_ISR                      
0     0000c63a  ADCB2_ISR                      
0     0000c644  ADCB3_ISR                      
0     0000c64e  ADCB4_ISR                      
0     0000c658  ADCB_EVT_ISR                   
0     0000c662  ADCC1_ISR                      
0     0000c66c  ADCC2_ISR                      
0     0000c676  ADCC3_ISR                      
0     0000c680  ADCC4_ISR                      
0     0000c68a  ADCC_EVT_ISR                   
0     0000c694  ADCD1_ISR                      
0     0000c69e  ADCD2_ISR                      
0     0000c6a8  ADCD3_ISR                      
0     0000c6b2  ADCD4_ISR                      
0     0000c6bc  ADCD_EVT_ISR                   
0     000081ca  AdcValue                       
0     000081b6  AdcVaule                       
1     00007400  AdcaRegs                       
1     00000b00  AdcaResultRegs                 
1     00007500  AdccRegs                       
1     00000b40  AdccResultRegs                 
0     0000c4a3  C$$EXIT                        
0     0000c6c6  CANA0_ISR                      
0     0000c6d0  CANA1_ISR                      
0     0000c6da  CANB0_ISR                      
0     0000c6e4  CANB1_ISR                      
0     0000c6ee  CIPC0_ISR                      
0     0000c6f8  CIPC1_ISR                      
0     0000c702  CIPC2_ISR                      
0     0000c70c  CIPC3_ISR                      
0     0000c716  CLA1CRC_ISR                    
0     0000c720  CLA1_1_ISR                     
0     0000c72a  CLA1_2_ISR                     
0     0000c734  CLA1_3_ISR                     
0     0000c73e  CLA1_4_ISR                     
0     0000c748  CLA1_5_ISR                     
0     0000c752  CLA1_6_ISR                     
0     0000c75c  CLA1_7_ISR                     
0     0000c766  CLA1_8_ISR                     
0     0000c770  CLA_OVERFLOW_ISR               
abs   00000100  CLA_SCRATCHPAD_SIZE            
0     0000c77a  CLA_UNDERFLOW_ISR              
0     0000c402  CLA_initCpu2Cla                
0     0000c784  CLB1_ISR                       
0     0000c78e  CLB2_ISR                       
0     0000c798  CLB3_ISR                       
0     0000c7a2  CLB4_ISR                       
0     0000c7ac  CLB5_ISR                       
0     0000c7b6  CLB6_ISR                       
0     0000c7c0  CLB7_ISR                       
0     0000c7ca  CLB8_ISR                       
0     0000c127  CMPSS_Protection               
0     0000c7d4  CMTOCPUXIPC0_ISR               
0     0000c7de  CMTOCPUXIPC1_ISR               
0     0000c7e8  CMTOCPUXIPC2_ISR               
0     0000c7f2  CMTOCPUXIPC3_ISR               
0     0000c800  CMTOCPUXIPC4_ISR               
0     0000c80a  CMTOCPUXIPC5_ISR               
0     0000c814  CMTOCPUXIPC6_ISR               
0     0000c81e  CMTOCPUXIPC7_ISR               
0     0000c828  CM_STATUS_ISR                  
0     0000c832  CPUCRC_ISR                     
0     00000007  ChannelAdc                     
1     00001400  Cla1Regs                       
0     00008800  Cla1Task1                      
0     000094f4  Cla1Task2                      
0     000094fc  Cla1Task3                      
0     00009504  Cla1Task4                      
0     0000950c  Cla1Task5                      
0     00009514  Cla1Task6                      
0     0000951c  Cla1Task7                      
0     00009112  Cla1Task8                      
0     00001480  ClaToCPU                       
0     0000c3b9  Cla_initMemoryMap              
0     000080c8  Cmpa_Q1                        
0     000080ca  Cmpa_Q2                        
0     000080cc  Cmpa_S1                        
0     000080ce  Cmpa_S4                        
0     000080d0  Cmpb_S4                        
1     00005c80  Cmpss1Regs                     
1     00005ca0  Cmpss2Regs                     
1     00005ce0  Cmpss4Regs                     
1     00005d00  Cmpss5Regs                     
0     00008298  Cnt_duty                       
0     0000829c  Cnt_filter                     
0     0000829a  Cnt_phi                        
1     0005d300  CpuSysRegs                     
0     00001500  CpuToCLA                       
0     0000c83c  DATALOG_ISR                    
0     0000c846  DMA_CH1_ISR                    
0     0000c850  DMA_CH2_ISR                    
0     0000c85a  DMA_CH3_ISR                    
0     0000c864  DMA_CH4_ISR                    
0     0000c86e  DMA_CH5_ISR                    
0     0000c878  DMA_CH6_ISR                    
0     0000c546  DelayMs                        
0     0000c5d8  DisableDog                     
1     00007980  DmaClaSrcSelRegs               
0     000080b8  Duty                           
0     0000c882  ECAP1_ISR                      
0     0000c88c  ECAP2_ISR                      
0     0000c896  ECAP3_ISR                      
0     0000c8a0  ECAP4_ISR                      
0     0000c8aa  ECAP5_ISR                      
0     0000c8b4  ECAP6_2_ISR                    
0     0000c8be  ECAP6_ISR                      
0     0000c8c8  ECAP7_2_ISR                    
0     0000c8d2  ECAP7_ISR                      
0     0000c8dc  ECATRST_ISR                    
0     0000c8e6  ECATSYNC0_ISR                  
0     0000c8f0  ECATSYNC1_ISR                  
0     0000c8fa  ECAT_ISR                       
0     0000c5e5  EMPTY_ISR                      
0     0000c904  EMU_ISR                        
0     0000c90e  EPWM10_ISR                     
0     0000c918  EPWM10_TZ_ISR                  
0     0000c922  EPWM11_ISR                     
0     0000c92c  EPWM11_TZ_ISR                  
0     0000c936  EPWM12_ISR                     
0     0000c940  EPWM12_TZ_ISR                  
0     0000c94a  EPWM13_ISR                     
0     0000c954  EPWM13_TZ_ISR                  
0     0000c95e  EPWM14_ISR                     
0     0000c968  EPWM14_TZ_ISR                  
0     0000c972  EPWM15_ISR                     
0     0000c97c  EPWM15_TZ_ISR                  
0     0000c986  EPWM16_ISR                     
0     0000c990  EPWM16_TZ_ISR                  
0     0000c99a  EPWM1_ISR                      
0     0000c9a4  EPWM1_TZ_ISR                   
0     0000c9ae  EPWM2_ISR                      
0     0000c9b8  EPWM2_TZ_ISR                   
0     0000c9c2  EPWM3_ISR                      
0     0000c9cc  EPWM3_TZ_ISR                   
0     0000c9d6  EPWM4_ISR                      
0     0000c9e0  EPWM4_TZ_ISR                   
0     0000c9ea  EPWM5_ISR                      
0     0000c9f4  EPWM5_TZ_ISR                   
0     0000c9fe  EPWM6_ISR                      
0     0000ca08  EPWM6_TZ_ISR                   
0     0000ca12  EPWM7_ISR                      
0     0000ca1c  EPWM7_TZ_ISR                   
0     0000ca26  EPWM8_ISR                      
0     0000ca30  EPWM8_TZ_ISR                   
0     0000ca3a  EPWM9_ISR                      
0     0000ca44  EPWM9_TZ_ISR                   
1     00004900  EPwm10Regs                     
1     00004600  EPwm7Regs                      
1     00004700  EPwm8Regs                      
1     00004800  EPwm9Regs                      
0     0000ca4e  EQEP1_ISR                      
0     0000ca58  EQEP2_ISR                      
0     0000ca62  EQEP3_ISR                      
0     00008295  Enable                         
0     0000829e  Enable_duty                    
0     000082a0  Enable_filter                  
0     0000829f  Enable_phi                     
0     000001b1  F28x_usDelay                   
0     0000ca6c  FMC_ISR                        
0     0000ca76  FPU_OFLOW_ISR                  
0     0000ca80  FPU_UFLOW_ISR                  
0     0000ca8a  FSIRXA1_ISR                    
0     0000ca94  FSIRXA2_ISR                    
0     0000ca9e  FSIRXB1_ISR                    
0     0000caa8  FSIRXB2_ISR                    
0     0000cab2  FSIRXC1_ISR                    
0     0000cabc  FSIRXC2_ISR                    
0     0000cac6  FSIRXD1_ISR                    
0     0000cad0  FSIRXD2_ISR                    
0     0000cada  FSIRXE1_ISR                    
0     0000cae4  FSIRXE2_ISR                    
0     0000caee  FSIRXF1_ISR                    
0     0000caf8  FSIRXF2_ISR                    
0     0000cb02  FSIRXG1_ISR                    
0     0000cb0c  FSIRXG2_ISR                    
0     0000cb16  FSIRXH1_ISR                    
0     0000cb20  FSIRXH2_ISR                    
0     0000cb2a  FSITXA1_ISR                    
0     0000cb34  FSITXA2_ISR                    
0     0000cb3e  FSITXB1_ISR                    
0     0000cb48  FSITXB2_ISR                    
0     000082a4  Flag_Enable                    
0     000082a2  Flag_duty                      
0     000082a3  Flag_phi                       
0     0000cb52  I2CA_FIFO_ISR                  
0     0000cb5c  I2CA_HIGH_ISR                  
0     0000cb66  I2CA_ISR                       
0     0000cb70  I2CB_FIFO_ISR                  
0     0000cb7a  I2CB_ISR                       
0     0000cb84  ILLEGAL_ISR                    
0     00000355  InitPeripheralClocks           
0     0000c4f1  InitPieCtrl                    
0     0000c4cc  InitPieVectTable               
0     0000ce2a  InitSysCtrl                    
0     0000c2f6  Init_ADC_A                     
0     0000c35c  Init_ADC_C                     
0     00008000  IsrTickerTask1                 
0     00008058  Ki_volt_Ubat_test              
0     0000805c  Ki_volt_Udc_test               
0     00008056  Kp_volt_Ubat_test              
0     0000805a  Kp_volt_Udc_test               
0     0000000d  LEM_curIhvHi                   
0     0000000e  LEM_curIhvLo                   
0     0000000b  LEM_curIlvHi                   
0     0000000c  LEM_curIlvLo                   
0     0000cb8e  MCANA_0_ISR                    
0     0000cb98  MCANA_1_ISR                    
0     0000cba2  MCANA_ECC_ISR                  
0     0000cbac  MCANA_WAKE_ISR                 
0     0000cbb6  MCBSPA_RX_ISR                  
0     0000cbc0  MCBSPA_TX_ISR                  
0     0000cbca  MCBSPB_RX_ISR                  
0     0000cbd4  MCBSPB_TX_ISR                  
0     0000000f  MEA_voltUbatHi                 
0     00000010  MEA_voltUbatLo                 
0     00000011  MEA_voltUcHi                   
0     00000012  MEA_voltUcLo                   
0     00000013  MEA_voltUdcHi                  
0     00000014  MEA_voltUdcLo                  
0     0000cbde  MPOST_ISR                      
1     0005f400  MemCfgRegs                     
0     0000cbe8  NMI_ISR                        
0     0000cbf2  NOTUSED_ISR                    
0     00008292  OffsetCalCounter               
0     0000cbfc  PIE_RESERVED_ISR               
0     0000cc06  PMBUSA_ISR                     
0     000001b5  PWM_VFDAB                      
0     000080d2  PeriodMax                      
0     000080be  Phase_Q1                       
0     000080c2  Phase_Q1a                      
0     000080c0  Phase_Q2                       
0     000080c4  Phase_Q2a                      
0     000081ae  Phase_S1                       
0     000081b2  Phase_S1_old                   
0     000080c6  Phase_S2                       
0     000081b0  Phase_S4                       
0     000081b4  Phase_S4_old                   
1     00000ce0  PieCtrlRegs                    
1     00000d00  PieVectTable                   
0     00010040  PieVectTableInit               
1     00000ec0  Protect_Chanel_TPC             
0     0000cc10  RTOS_ISR                       
0     00008293  ResetOffset                    
0     0000cc1a  SCIA_RX_ISR                    
0     0000cc24  SCIA_TX_ISR                    
0     0000cc2e  SCIB_RX_ISR                    
0     0000cc38  SCIB_TX_ISR                    
0     0000cc42  SCIC_RX_ISR                    
0     0000cc4c  SCIC_TX_ISR                    
0     0000cc56  SCID_RX_ISR                    
0     0000cc60  SCID_TX_ISR                    
0     0000cc6a  SDFM1DR1_ISR                   
0     0000cc74  SDFM1DR2_ISR                   
0     0000cc7e  SDFM1DR3_ISR                   
0     0000cc88  SDFM1DR4_ISR                   
0     0000cc92  SDFM1_ISR                      
0     0000cc9c  SDFM2DR1_ISR                   
0     0000cca6  SDFM2DR2_ISR                   
0     0000ccb0  SDFM2DR3_ISR                   
0     0000ccba  SDFM2DR4_ISR                   
0     0000ccc4  SDFM2_ISR                      
0     0000ccce  SPIA_RX_ISR                    
0     0000ccd8  SPIA_TX_ISR                    
0     0000cce2  SPIB_RX_ISR                    
0     0000ccec  SPIB_TX_ISR                    
0     0000ccf6  SPIC_RX_ISR                    
0     0000cd00  SPIC_TX_ISR                    
0     0000cd0a  SPID_RX_ISR                    
0     0000cd14  SPID_TX_ISR                    
0     00000004  START                          
0     00008296  START_ADC                      
0     0000cd1e  SYS_ERR_ISR                    
1     00000ec6  Setting_bat                    
0     00000003  StartFlag                      
0     0000cd28  TIMER0_ISR                     
0     0000cd32  TIMER1_ISR                     
0     0000cd3c  TIMER2_ISR                     
0     00000005  Task1_Isr                      
0     00000006  Task2_Isr                      
0     00000002  Task8_Isr                      
0     000083b8  TaskCpu2Cla1                   
0     000083b9  TaskCpu2Cla1_task8             
0     0000cd46  USBA_ISR                       
0     0000cd50  USER10_ISR                     
0     0000cd5a  USER11_ISR                     
0     0000cd64  USER12_ISR                     
0     0000cd6e  USER1_ISR                      
0     0000cd78  USER2_ISR                      
0     0000cd82  USER3_ISR                      
0     0000cd8c  USER4_ISR                      
0     0000cd96  USER5_ISR                      
0     0000cda0  USER6_ISR                      
0     0000cdaa  USER7_ISR                      
0     0000cdb4  USER8_ISR                      
0     0000cdbe  USER9_ISR                      
0     0000cdc8  WAKE_ISR                       
1     00007000  WdRegs                         
0     0000cdd2  XINT1_ISR                      
0     0000cddc  XINT2_ISR                      
0     0000cde6  XINT3_ISR                      
0     0000cdf0  XINT4_ISR                      
0     0000cdfa  XINT5_ISR                      
0     00010234  __TI_CINIT_Base                
0     00010250  __TI_CINIT_Limit               
0     00010250  __TI_CINIT_Warm                
0     0001021a  __TI_Handler_Table_Base        
0     00010220  __TI_Handler_Table_Limit       
0     00000500  __TI_STACK_END                 
abs   00000100  __TI_STACK_SIZE                
0     0000c478  __TI_auto_init_nobinit_nopinit 
0     00010002  __TI_cleanup_ptr               
0     0000c448  __TI_decompress_lzss           
0     0000ce0d  __TI_decompress_none           
0     00010004  __TI_dtors_ptr                 
0     00010000  __TI_enable_exit_profile_output
abs   ffffffff  __TI_pprof_out_hndl            
abs   ffffffff  __TI_prof_data_size            
abs   ffffffff  __TI_prof_data_start           
0     0000ce24  __TI_zero_init                 
n/a   UNDEFED   __c_args__                     
0     00000400  __stack                        
0     0000c5f2  _args_main                     
0     0000c52d  _c_int00                       
0     00010006  _lock                          
0     0000ce0c  _nop                           
0     0000ce08  _register_lock                 
0     0000ce04  _register_unlock               
0     0000c7fc  _system_post_cinit             
0     000003fe  _system_pre_init               
0     00010008  _unlock                        
0     000082a5  a                              
0     0000c4a3  abort                          
0     000081de  adc_filter                     
0     000081f2  adc_offset                     
0     000082a6  b                              
0     000082a8  c                              
0     0000c55a  cla1Isr1                       
0     0000c56b  cla1Isr2                       
0     0000c58d  cla1Isr3                       
0     0000c59c  cla1Isr4                       
0     0000c5ab  cla1Isr5                       
0     0000c5ba  cla1Isr6                       
0     0000c5c9  cla1Isr7                       
0     0000c57c  cla1Isr8                       
0     00000008  clkPrescale                    
0     0000c23e  cmpssConfig                    
0     0000811c  cntl_2p2z_coeff_Ibat           
0     00008130  cntl_2p2z_coeff_Ubat           
0     000080f4  cntl_2p2z_coeff_Udc            
0     00008108  cntl_2p2z_coeff_Vc             
0     00008168  cntl_2p2z_var_Ibat             
0     0000817a  cntl_2p2z_var_Ubat             
0     00008144  cntl_2p2z_var_Udc              
0     00008156  cntl_2p2z_var_Vc               
0     0000818c  cntl_pi_Ibat                   
0     00000000  code_start                     
0     000080ba  detaPhi                        
0     00000015  e_TPC_Sts                      
0     000080d4  error_volt_Udc_controller      
0     0000c4a5  exit                           
0     0000826a  filterBand_Udc                 
0     00008242  filterBand_Vc                  
0     000083aa  filter_Ihv                     
0     00008212  filter_Ubat                    
0     00008206  filter_Udc                     
0     0000822a  filter_Udc_pre                 
0     0000821e  filter_Vc                      
0     00008236  filter_Vc_pre                  
0     00008294  i                              
0     000083b6  loopCounter1                   
0     000083b7  loopCounter2                   
0     0000c000  main                           
0     0000c510  memcpy                         
0     0000ce1d  memset                         
0     0000809a  pi_volt_Ilv                    
0     000080d6  pi_volt_Iout                   
0     0000807c  pi_volt_Ubat                   
0     0000805e  pi_volt_Udc                    
0     00008002  rc1                            
0     00008010  rc_Duty                        
0     00008048  rc_IlvRef                      
0     0000801e  rc_Phi                         
0     0000803a  rc_VcRef                       
0     0000802c  rc_VdcRef                      
0     00000009  sampwin                        
0     00008297  start_duty                     
0     000082a1  switch_bdk                     
0     000080bc  theta1                         
0     000081ac  theta2                         
0     0000000a  thresh                         


GLOBAL SYMBOLS: SORTED BY Symbol Address 

page  address   name                           
----  -------   ----                           
0     00000000  code_start                     
0     00000002  Task8_Isr                      
0     00000003  StartFlag                      
0     00000004  START                          
0     00000005  Task1_Isr                      
0     00000006  Task2_Isr                      
0     00000007  ChannelAdc                     
0     00000008  clkPrescale                    
0     00000009  sampwin                        
0     0000000a  thresh                         
0     0000000b  LEM_curIlvHi                   
0     0000000c  LEM_curIlvLo                   
0     0000000d  LEM_curIhvHi                   
0     0000000e  LEM_curIhvLo                   
0     0000000f  MEA_voltUbatHi                 
0     00000010  MEA_voltUbatLo                 
0     00000011  MEA_voltUcHi                   
0     00000012  MEA_voltUcLo                   
0     00000013  MEA_voltUdcHi                  
0     00000014  MEA_voltUdcLo                  
0     00000015  e_TPC_Sts                      
0     000001b1  F28x_usDelay                   
0     000001b5  PWM_VFDAB                      
0     00000355  InitPeripheralClocks           
0     000003fe  _system_pre_init               
0     00000400  __stack                        
0     00000500  __TI_STACK_END                 
0     00001480  ClaToCPU                       
0     00001500  CpuToCLA                       
0     00008000  IsrTickerTask1                 
0     00008002  rc1                            
0     00008010  rc_Duty                        
0     0000801e  rc_Phi                         
0     0000802c  rc_VdcRef                      
0     0000803a  rc_VcRef                       
0     00008048  rc_IlvRef                      
0     00008056  Kp_volt_Ubat_test              
0     00008058  Ki_volt_Ubat_test              
0     0000805a  Kp_volt_Udc_test               
0     0000805c  Ki_volt_Udc_test               
0     0000805e  pi_volt_Udc                    
0     0000807c  pi_volt_Ubat                   
0     0000809a  pi_volt_Ilv                    
0     000080b8  Duty                           
0     000080ba  detaPhi                        
0     000080bc  theta1                         
0     000080be  Phase_Q1                       
0     000080c0  Phase_Q2                       
0     000080c2  Phase_Q1a                      
0     000080c4  Phase_Q2a                      
0     000080c6  Phase_S2                       
0     000080c8  Cmpa_Q1                        
0     000080ca  Cmpa_Q2                        
0     000080cc  Cmpa_S1                        
0     000080ce  Cmpa_S4                        
0     000080d0  Cmpb_S4                        
0     000080d2  PeriodMax                      
0     000080d4  error_volt_Udc_controller      
0     000080d6  pi_volt_Iout                   
0     000080f4  cntl_2p2z_coeff_Udc            
0     00008108  cntl_2p2z_coeff_Vc             
0     0000811c  cntl_2p2z_coeff_Ibat           
0     00008130  cntl_2p2z_coeff_Ubat           
0     00008144  cntl_2p2z_var_Udc              
0     00008156  cntl_2p2z_var_Vc               
0     00008168  cntl_2p2z_var_Ibat             
0     0000817a  cntl_2p2z_var_Ubat             
0     0000818c  cntl_pi_Ibat                   
0     000081ac  theta2                         
0     000081ae  Phase_S1                       
0     000081b0  Phase_S4                       
0     000081b2  Phase_S1_old                   
0     000081b4  Phase_S4_old                   
0     000081b6  AdcVaule                       
0     000081ca  AdcValue                       
0     000081de  adc_filter                     
0     000081f2  adc_offset                     
0     00008206  filter_Udc                     
0     00008212  filter_Ubat                    
0     0000821e  filter_Vc                      
0     0000822a  filter_Udc_pre                 
0     00008236  filter_Vc_pre                  
0     00008242  filterBand_Vc                  
0     0000826a  filterBand_Udc                 
0     00008292  OffsetCalCounter               
0     00008293  ResetOffset                    
0     00008294  i                              
0     00008295  Enable                         
0     00008296  START_ADC                      
0     00008297  start_duty                     
0     00008298  Cnt_duty                       
0     0000829a  Cnt_phi                        
0     0000829c  Cnt_filter                     
0     0000829e  Enable_duty                    
0     0000829f  Enable_phi                     
0     000082a0  Enable_filter                  
0     000082a1  switch_bdk                     
0     000082a2  Flag_duty                      
0     000082a3  Flag_phi                       
0     000082a4  Flag_Enable                    
0     000082a5  a                              
0     000082a6  b                              
0     000082a8  c                              
0     000083aa  filter_Ihv                     
0     000083b6  loopCounter1                   
0     000083b7  loopCounter2                   
0     000083b8  TaskCpu2Cla1                   
0     000083b9  TaskCpu2Cla1_task8             
0     00008800  Cla1Task1                      
0     00009112  Cla1Task8                      
0     000094f4  Cla1Task2                      
0     000094fc  Cla1Task3                      
0     00009504  Cla1Task4                      
0     0000950c  Cla1Task5                      
0     00009514  Cla1Task6                      
0     0000951c  Cla1Task7                      
0     0000c000  main                           
0     0000c127  CMPSS_Protection               
0     0000c23e  cmpssConfig                    
0     0000c2f6  Init_ADC_A                     
0     0000c35c  Init_ADC_C                     
0     0000c3b9  Cla_initMemoryMap              
0     0000c402  CLA_initCpu2Cla                
0     0000c448  __TI_decompress_lzss           
0     0000c478  __TI_auto_init_nobinit_nopinit 
0     0000c4a3  C$$EXIT                        
0     0000c4a3  abort                          
0     0000c4a5  exit                           
0     0000c4cc  InitPieVectTable               
0     0000c4f1  InitPieCtrl                    
0     0000c510  memcpy                         
0     0000c52d  _c_int00                       
0     0000c546  DelayMs                        
0     0000c55a  cla1Isr1                       
0     0000c56b  cla1Isr2                       
0     0000c57c  cla1Isr8                       
0     0000c58d  cla1Isr3                       
0     0000c59c  cla1Isr4                       
0     0000c5ab  cla1Isr5                       
0     0000c5ba  cla1Isr6                       
0     0000c5c9  cla1Isr7                       
0     0000c5d8  DisableDog                     
0     0000c5e5  EMPTY_ISR                      
0     0000c5f2  _args_main                     
0     0000c5fe  ADCA1_ISR                      
0     0000c608  ADCA2_ISR                      
0     0000c612  ADCA3_ISR                      
0     0000c61c  ADCA4_ISR                      
0     0000c626  ADCA_EVT_ISR                   
0     0000c630  ADCB1_ISR                      
0     0000c63a  ADCB2_ISR                      
0     0000c644  ADCB3_ISR                      
0     0000c64e  ADCB4_ISR                      
0     0000c658  ADCB_EVT_ISR                   
0     0000c662  ADCC1_ISR                      
0     0000c66c  ADCC2_ISR                      
0     0000c676  ADCC3_ISR                      
0     0000c680  ADCC4_ISR                      
0     0000c68a  ADCC_EVT_ISR                   
0     0000c694  ADCD1_ISR                      
0     0000c69e  ADCD2_ISR                      
0     0000c6a8  ADCD3_ISR                      
0     0000c6b2  ADCD4_ISR                      
0     0000c6bc  ADCD_EVT_ISR                   
0     0000c6c6  CANA0_ISR                      
0     0000c6d0  CANA1_ISR                      
0     0000c6da  CANB0_ISR                      
0     0000c6e4  CANB1_ISR                      
0     0000c6ee  CIPC0_ISR                      
0     0000c6f8  CIPC1_ISR                      
0     0000c702  CIPC2_ISR                      
0     0000c70c  CIPC3_ISR                      
0     0000c716  CLA1CRC_ISR                    
0     0000c720  CLA1_1_ISR                     
0     0000c72a  CLA1_2_ISR                     
0     0000c734  CLA1_3_ISR                     
0     0000c73e  CLA1_4_ISR                     
0     0000c748  CLA1_5_ISR                     
0     0000c752  CLA1_6_ISR                     
0     0000c75c  CLA1_7_ISR                     
0     0000c766  CLA1_8_ISR                     
0     0000c770  CLA_OVERFLOW_ISR               
0     0000c77a  CLA_UNDERFLOW_ISR              
0     0000c784  CLB1_ISR                       
0     0000c78e  CLB2_ISR                       
0     0000c798  CLB3_ISR                       
0     0000c7a2  CLB4_ISR                       
0     0000c7ac  CLB5_ISR                       
0     0000c7b6  CLB6_ISR                       
0     0000c7c0  CLB7_ISR                       
0     0000c7ca  CLB8_ISR                       
0     0000c7d4  CMTOCPUXIPC0_ISR               
0     0000c7de  CMTOCPUXIPC1_ISR               
0     0000c7e8  CMTOCPUXIPC2_ISR               
0     0000c7f2  CMTOCPUXIPC3_ISR               
0     0000c7fc  _system_post_cinit             
0     0000c800  CMTOCPUXIPC4_ISR               
0     0000c80a  CMTOCPUXIPC5_ISR               
0     0000c814  CMTOCPUXIPC6_ISR               
0     0000c81e  CMTOCPUXIPC7_ISR               
0     0000c828  CM_STATUS_ISR                  
0     0000c832  CPUCRC_ISR                     
0     0000c83c  DATALOG_ISR                    
0     0000c846  DMA_CH1_ISR                    
0     0000c850  DMA_CH2_ISR                    
0     0000c85a  DMA_CH3_ISR                    
0     0000c864  DMA_CH4_ISR                    
0     0000c86e  DMA_CH5_ISR                    
0     0000c878  DMA_CH6_ISR                    
0     0000c882  ECAP1_ISR                      
0     0000c88c  ECAP2_ISR                      
0     0000c896  ECAP3_ISR                      
0     0000c8a0  ECAP4_ISR                      
0     0000c8aa  ECAP5_ISR                      
0     0000c8b4  ECAP6_2_ISR                    
0     0000c8be  ECAP6_ISR                      
0     0000c8c8  ECAP7_2_ISR                    
0     0000c8d2  ECAP7_ISR                      
0     0000c8dc  ECATRST_ISR                    
0     0000c8e6  ECATSYNC0_ISR                  
0     0000c8f0  ECATSYNC1_ISR                  
0     0000c8fa  ECAT_ISR                       
0     0000c904  EMU_ISR                        
0     0000c90e  EPWM10_ISR                     
0     0000c918  EPWM10_TZ_ISR                  
0     0000c922  EPWM11_ISR                     
0     0000c92c  EPWM11_TZ_ISR                  
0     0000c936  EPWM12_ISR                     
0     0000c940  EPWM12_TZ_ISR                  
0     0000c94a  EPWM13_ISR                     
0     0000c954  EPWM13_TZ_ISR                  
0     0000c95e  EPWM14_ISR                     
0     0000c968  EPWM14_TZ_ISR                  
0     0000c972  EPWM15_ISR                     
0     0000c97c  EPWM15_TZ_ISR                  
0     0000c986  EPWM16_ISR                     
0     0000c990  EPWM16_TZ_ISR                  
0     0000c99a  EPWM1_ISR                      
0     0000c9a4  EPWM1_TZ_ISR                   
0     0000c9ae  EPWM2_ISR                      
0     0000c9b8  EPWM2_TZ_ISR                   
0     0000c9c2  EPWM3_ISR                      
0     0000c9cc  EPWM3_TZ_ISR                   
0     0000c9d6  EPWM4_ISR                      
0     0000c9e0  EPWM4_TZ_ISR                   
0     0000c9ea  EPWM5_ISR                      
0     0000c9f4  EPWM5_TZ_ISR                   
0     0000c9fe  EPWM6_ISR                      
0     0000ca08  EPWM6_TZ_ISR                   
0     0000ca12  EPWM7_ISR                      
0     0000ca1c  EPWM7_TZ_ISR                   
0     0000ca26  EPWM8_ISR                      
0     0000ca30  EPWM8_TZ_ISR                   
0     0000ca3a  EPWM9_ISR                      
0     0000ca44  EPWM9_TZ_ISR                   
0     0000ca4e  EQEP1_ISR                      
0     0000ca58  EQEP2_ISR                      
0     0000ca62  EQEP3_ISR                      
0     0000ca6c  FMC_ISR                        
0     0000ca76  FPU_OFLOW_ISR                  
0     0000ca80  FPU_UFLOW_ISR                  
0     0000ca8a  FSIRXA1_ISR                    
0     0000ca94  FSIRXA2_ISR                    
0     0000ca9e  FSIRXB1_ISR                    
0     0000caa8  FSIRXB2_ISR                    
0     0000cab2  FSIRXC1_ISR                    
0     0000cabc  FSIRXC2_ISR                    
0     0000cac6  FSIRXD1_ISR                    
0     0000cad0  FSIRXD2_ISR                    
0     0000cada  FSIRXE1_ISR                    
0     0000cae4  FSIRXE2_ISR                    
0     0000caee  FSIRXF1_ISR                    
0     0000caf8  FSIRXF2_ISR                    
0     0000cb02  FSIRXG1_ISR                    
0     0000cb0c  FSIRXG2_ISR                    
0     0000cb16  FSIRXH1_ISR                    
0     0000cb20  FSIRXH2_ISR                    
0     0000cb2a  FSITXA1_ISR                    
0     0000cb34  FSITXA2_ISR                    
0     0000cb3e  FSITXB1_ISR                    
0     0000cb48  FSITXB2_ISR                    
0     0000cb52  I2CA_FIFO_ISR                  
0     0000cb5c  I2CA_HIGH_ISR                  
0     0000cb66  I2CA_ISR                       
0     0000cb70  I2CB_FIFO_ISR                  
0     0000cb7a  I2CB_ISR                       
0     0000cb84  ILLEGAL_ISR                    
0     0000cb8e  MCANA_0_ISR                    
0     0000cb98  MCANA_1_ISR                    
0     0000cba2  MCANA_ECC_ISR                  
0     0000cbac  MCANA_WAKE_ISR                 
0     0000cbb6  MCBSPA_RX_ISR                  
0     0000cbc0  MCBSPA_TX_ISR                  
0     0000cbca  MCBSPB_RX_ISR                  
0     0000cbd4  MCBSPB_TX_ISR                  
0     0000cbde  MPOST_ISR                      
0     0000cbe8  NMI_ISR                        
0     0000cbf2  NOTUSED_ISR                    
0     0000cbfc  PIE_RESERVED_ISR               
0     0000cc06  PMBUSA_ISR                     
0     0000cc10  RTOS_ISR                       
0     0000cc1a  SCIA_RX_ISR                    
0     0000cc24  SCIA_TX_ISR                    
0     0000cc2e  SCIB_RX_ISR                    
0     0000cc38  SCIB_TX_ISR                    
0     0000cc42  SCIC_RX_ISR                    
0     0000cc4c  SCIC_TX_ISR                    
0     0000cc56  SCID_RX_ISR                    
0     0000cc60  SCID_TX_ISR                    
0     0000cc6a  SDFM1DR1_ISR                   
0     0000cc74  SDFM1DR2_ISR                   
0     0000cc7e  SDFM1DR3_ISR                   
0     0000cc88  SDFM1DR4_ISR                   
0     0000cc92  SDFM1_ISR                      
0     0000cc9c  SDFM2DR1_ISR                   
0     0000cca6  SDFM2DR2_ISR                   
0     0000ccb0  SDFM2DR3_ISR                   
0     0000ccba  SDFM2DR4_ISR                   
0     0000ccc4  SDFM2_ISR                      
0     0000ccce  SPIA_RX_ISR                    
0     0000ccd8  SPIA_TX_ISR                    
0     0000cce2  SPIB_RX_ISR                    
0     0000ccec  SPIB_TX_ISR                    
0     0000ccf6  SPIC_RX_ISR                    
0     0000cd00  SPIC_TX_ISR                    
0     0000cd0a  SPID_RX_ISR                    
0     0000cd14  SPID_TX_ISR                    
0     0000cd1e  SYS_ERR_ISR                    
0     0000cd28  TIMER0_ISR                     
0     0000cd32  TIMER1_ISR                     
0     0000cd3c  TIMER2_ISR                     
0     0000cd46  USBA_ISR                       
0     0000cd50  USER10_ISR                     
0     0000cd5a  USER11_ISR                     
0     0000cd64  USER12_ISR                     
0     0000cd6e  USER1_ISR                      
0     0000cd78  USER2_ISR                      
0     0000cd82  USER3_ISR                      
0     0000cd8c  USER4_ISR                      
0     0000cd96  USER5_ISR                      
0     0000cda0  USER6_ISR                      
0     0000cdaa  USER7_ISR                      
0     0000cdb4  USER8_ISR                      
0     0000cdbe  USER9_ISR                      
0     0000cdc8  WAKE_ISR                       
0     0000cdd2  XINT1_ISR                      
0     0000cddc  XINT2_ISR                      
0     0000cde6  XINT3_ISR                      
0     0000cdf0  XINT4_ISR                      
0     0000cdfa  XINT5_ISR                      
0     0000ce04  _register_unlock               
0     0000ce08  _register_lock                 
0     0000ce0c  _nop                           
0     0000ce0d  __TI_decompress_none           
0     0000ce1d  memset                         
0     0000ce24  __TI_zero_init                 
0     0000ce2a  InitSysCtrl                    
0     00010000  __TI_enable_exit_profile_output
0     00010002  __TI_cleanup_ptr               
0     00010004  __TI_dtors_ptr                 
0     00010006  _lock                          
0     00010008  _unlock                        
0     00010040  PieVectTableInit               
0     0001021a  __TI_Handler_Table_Base        
0     00010220  __TI_Handler_Table_Limit       
0     00010234  __TI_CINIT_Base                
0     00010250  __TI_CINIT_Limit               
0     00010250  __TI_CINIT_Warm                
1     00000b00  AdcaResultRegs                 
1     00000b40  AdccResultRegs                 
1     00000ce0  PieCtrlRegs                    
1     00000d00  PieVectTable                   
1     00000ec0  Protect_Chanel_TPC             
1     00000ec6  Setting_bat                    
1     00001400  Cla1Regs                       
1     00004600  EPwm7Regs                      
1     00004700  EPwm8Regs                      
1     00004800  EPwm9Regs                      
1     00004900  EPwm10Regs                     
1     00005c80  Cmpss1Regs                     
1     00005ca0  Cmpss2Regs                     
1     00005ce0  Cmpss4Regs                     
1     00005d00  Cmpss5Regs                     
1     00007000  WdRegs                         
1     00007400  AdcaRegs                       
1     00007500  AdccRegs                       
1     00007980  DmaClaSrcSelRegs               
1     0005d300  CpuSysRegs                     
1     0005f400  MemCfgRegs                     
abs   00000100  CLA_SCRATCHPAD_SIZE            
abs   00000100  __TI_STACK_SIZE                
abs   ffffffff  __TI_pprof_out_hndl            
abs   ffffffff  __TI_prof_data_size            
abs   ffffffff  __TI_prof_data_start           
n/a   UNDEFED   __c_args__                     

[395 symbols]
