<?xml version="1.0" encoding="ISO-8859-1" ?>
<link_info>
   <banner>TMS320C2000 Linker PC v22.6.1.LTS</banner>
   <copyright>Copyright (c) 1996-2018 Texas Instruments Incorporated</copyright>
   <link_time>0x694f97ea</link_time>
   <link_errors>0x0</link_errors>
   <output_file>AC BAT CODE V2 CPU2.out</output_file>
   <entry_point>
      <name>code_start</name>
      <address>0x0</address>
   </entry_point>
   <input_file_list>
      <input_file id="fl-2">
         <path>.\</path>
         <kind>object</kind>
         <file>CPU2_Main.obj</file>
         <name>CPU2_Main.obj</name>
      </input_file>
      <input_file id="fl-3">
         <path>.\</path>
         <kind>object</kind>
         <file>CPU2_Task.obj</file>
         <name>CPU2_Task.obj</name>
      </input_file>
      <input_file id="fl-4">
         <path>.\</path>
         <kind>object</kind>
         <file>f2838x_adc.obj</file>
         <name>f2838x_adc.obj</name>
      </input_file>
      <input_file id="fl-5">
         <path>.\</path>
         <kind>object</kind>
         <file>f2838x_codestartbranch.obj</file>
         <name>f2838x_codestartbranch.obj</name>
      </input_file>
      <input_file id="fl-6">
         <path>.\</path>
         <kind>object</kind>
         <file>f2838x_cputimers.obj</file>
         <name>f2838x_cputimers.obj</name>
      </input_file>
      <input_file id="fl-7">
         <path>.\</path>
         <kind>object</kind>
         <file>f2838x_defaultisr.obj</file>
         <name>f2838x_defaultisr.obj</name>
      </input_file>
      <input_file id="fl-8">
         <path>.\</path>
         <kind>object</kind>
         <file>f2838x_globalvariabledefs.obj</file>
         <name>f2838x_globalvariabledefs.obj</name>
      </input_file>
      <input_file id="fl-9">
         <path>.\</path>
         <kind>object</kind>
         <file>f2838x_gpio.obj</file>
         <name>f2838x_gpio.obj</name>
      </input_file>
      <input_file id="fl-a">
         <path>.\</path>
         <kind>object</kind>
         <file>f2838x_piectrl.obj</file>
         <name>f2838x_piectrl.obj</name>
      </input_file>
      <input_file id="fl-b">
         <path>.\</path>
         <kind>object</kind>
         <file>f2838x_pievect.obj</file>
         <name>f2838x_pievect.obj</name>
      </input_file>
      <input_file id="fl-c">
         <path>.\</path>
         <kind>object</kind>
         <file>f2838x_sdfm_drivers.obj</file>
         <name>f2838x_sdfm_drivers.obj</name>
      </input_file>
      <input_file id="fl-d">
         <path>.\</path>
         <kind>object</kind>
         <file>f2838x_struct.obj</file>
         <name>f2838x_struct.obj</name>
      </input_file>
      <input_file id="fl-e">
         <path>.\</path>
         <kind>object</kind>
         <file>f2838x_sysctrl.obj</file>
         <name>f2838x_sysctrl.obj</name>
      </input_file>
      <input_file id="fl-f">
         <path>.\</path>
         <kind>object</kind>
         <file>f2838x_usdelay.obj</file>
         <name>f2838x_usdelay.obj</name>
      </input_file>
      <input_file id="fl-10">
         <path>.\library\Driver\source\</path>
         <kind>object</kind>
         <file>ADC_CFDAB.obj</file>
         <name>ADC_CFDAB.obj</name>
      </input_file>
      <input_file id="fl-11">
         <path>.\library\Driver\source\</path>
         <kind>object</kind>
         <file>Pwm_CFDAB.obj</file>
         <name>Pwm_CFDAB.obj</name>
      </input_file>
      <input_file id="fl-12">
         <path>.\library\Driver\source\</path>
         <kind>object</kind>
         <file>Pwm_VFDAB.obj</file>
         <name>Pwm_VFDAB.obj</name>
      </input_file>
      <input_file id="fl-22">
         <kind>object</kind>
         <file>&lt;internal&gt;</file>
         <name>&lt;internal&gt;</name>
      </input_file>
      <input_file id="fl-2e">
         <path>C:\ti\ccs1250\ccs\tools\compiler\ti-cgt-c2000_22.6.1.LTS\lib\</path>
         <kind>archive</kind>
         <file>rts2800_fpu64_eabi.lib</file>
         <name>boot28.asm.obj</name>
      </input_file>
      <input_file id="fl-2f">
         <path>C:\ti\ccs1250\ccs\tools\compiler\ti-cgt-c2000_22.6.1.LTS\lib\</path>
         <kind>archive</kind>
         <file>rts2800_fpu64_eabi.lib</file>
         <name>ll_cmp28.asm.obj</name>
      </input_file>
      <input_file id="fl-30">
         <path>C:\ti\ccs1250\ccs\tools\compiler\ti-cgt-c2000_22.6.1.LTS\lib\</path>
         <kind>archive</kind>
         <file>rts2800_fpu64_eabi.lib</file>
         <name>pre_init.c.obj</name>
      </input_file>
      <input_file id="fl-31">
         <path>C:\ti\ccs1250\ccs\tools\compiler\ti-cgt-c2000_22.6.1.LTS\lib\</path>
         <kind>archive</kind>
         <file>rts2800_fpu64_eabi.lib</file>
         <name>autoinit.c.obj</name>
      </input_file>
      <input_file id="fl-32">
         <path>C:\ti\ccs1250\ccs\tools\compiler\ti-cgt-c2000_22.6.1.LTS\lib\</path>
         <kind>archive</kind>
         <file>rts2800_fpu64_eabi.lib</file>
         <name>copy_zero_init.c.obj</name>
      </input_file>
      <input_file id="fl-33">
         <path>C:\ti\ccs1250\ccs\tools\compiler\ti-cgt-c2000_22.6.1.LTS\lib\</path>
         <kind>archive</kind>
         <file>rts2800_fpu64_eabi.lib</file>
         <name>copy_decompress_none.c.obj</name>
      </input_file>
      <input_file id="fl-34">
         <path>C:\ti\ccs1250\ccs\tools\compiler\ti-cgt-c2000_22.6.1.LTS\lib\</path>
         <kind>archive</kind>
         <file>rts2800_fpu64_eabi.lib</file>
         <name>copy_decompress_lzss.c.obj</name>
      </input_file>
      <input_file id="fl-35">
         <path>C:\ti\ccs1250\ccs\tools\compiler\ti-cgt-c2000_22.6.1.LTS\lib\</path>
         <kind>archive</kind>
         <file>rts2800_fpu64_eabi.lib</file>
         <name>exit.c.obj</name>
      </input_file>
      <input_file id="fl-36">
         <path>C:\ti\ccs1250\ccs\tools\compiler\ti-cgt-c2000_22.6.1.LTS\lib\</path>
         <kind>archive</kind>
         <file>rts2800_fpu64_eabi.lib</file>
         <name>_lock.c.obj</name>
      </input_file>
      <input_file id="fl-37">
         <path>C:\ti\ccs1250\ccs\tools\compiler\ti-cgt-c2000_22.6.1.LTS\lib\</path>
         <kind>archive</kind>
         <file>rts2800_fpu64_eabi.lib</file>
         <name>args_main.c.obj</name>
      </input_file>
      <input_file id="fl-38">
         <path>C:\ti\ccs1250\ccs\tools\compiler\ti-cgt-c2000_22.6.1.LTS\lib\</path>
         <kind>archive</kind>
         <file>rts2800_fpu64_eabi.lib</file>
         <name>memset.c.obj</name>
      </input_file>
      <input_file id="fl-39">
         <path>C:\ti\ccs1250\ccs\tools\compiler\ti-cgt-c2000_22.6.1.LTS\lib\</path>
         <kind>archive</kind>
         <file>rts2800_fpu64_eabi.lib</file>
         <name>cpy_tbl.c.obj</name>
      </input_file>
      <input_file id="fl-3a">
         <path>C:\ti\ccs1250\ccs\tools\compiler\ti-cgt-c2000_22.6.1.LTS\lib\</path>
         <kind>archive</kind>
         <file>rts2800_fpu64_eabi.lib</file>
         <name>memcpy.c.obj</name>
      </input_file>
      <input_file id="fl-3b">
         <path>C:\ti\ccs1250\ccs\tools\compiler\ti-cgt-c2000_22.6.1.LTS\lib\</path>
         <kind>archive</kind>
         <file>rts2800_fpu64_eabi.lib</file>
         <name>startup.c.obj</name>
      </input_file>
   </input_file_list>
   <object_component_list>
      <object_component id="oc-d1">
         <name>codestart</name>
         <load_address>0x0</load_address>
         <run_address>0x0</run_address>
         <size>0x2</size>
         <input_file_ref idref="fl-5"/>
      </object_component>
      <object_component id="oc-80f">
         <name>.text:PWM_VFDAB</name>
         <load_address>0x1b5</load_address>
         <run_address>0x1b5</run_address>
         <size>0x1a0</size>
         <input_file_ref idref="fl-12"/>
      </object_component>
      <object_component id="oc-86a">
         <name>.text:InitPeripheralClocks</name>
         <load_address>0x355</load_address>
         <run_address>0x355</run_address>
         <size>0xa9</size>
         <input_file_ref idref="fl-e"/>
      </object_component>
      <object_component id="oc-770">
         <name>.text</name>
         <load_address>0x3fe</load_address>
         <run_address>0x3fe</run_address>
         <size>0x2</size>
         <input_file_ref idref="fl-30"/>
      </object_component>
      <object_component id="oc-7d5">
         <name>.text:main</name>
         <load_address>0xc000</load_address>
         <run_address>0xc000</run_address>
         <size>0x127</size>
         <input_file_ref idref="fl-2"/>
      </object_component>
      <object_component id="oc-815">
         <name>.text:CMPSS_Protection</name>
         <load_address>0xc127</load_address>
         <run_address>0xc127</run_address>
         <size>0x117</size>
         <input_file_ref idref="fl-2"/>
      </object_component>
      <object_component id="oc-87d">
         <name>.text:cmpssConfig</name>
         <load_address>0xc23e</load_address>
         <run_address>0xc23e</run_address>
         <size>0xb8</size>
         <input_file_ref idref="fl-2"/>
      </object_component>
      <object_component id="oc-803">
         <name>.text:Init_ADC_A</name>
         <load_address>0xc2f6</load_address>
         <run_address>0xc2f6</run_address>
         <size>0x66</size>
         <input_file_ref idref="fl-10"/>
      </object_component>
      <object_component id="oc-809">
         <name>.text:Init_ADC_C</name>
         <load_address>0xc35c</load_address>
         <run_address>0xc35c</run_address>
         <size>0x5d</size>
         <input_file_ref idref="fl-10"/>
      </object_component>
      <object_component id="oc-827">
         <name>.text:Cla_initMemoryMap</name>
         <load_address>0xc3b9</load_address>
         <run_address>0xc3b9</run_address>
         <size>0x49</size>
         <input_file_ref idref="fl-2"/>
      </object_component>
      <object_component id="oc-d8">
         <name>.text:CLA_initCpu2Cla</name>
         <load_address>0xc402</load_address>
         <run_address>0xc402</run_address>
         <size>0x46</size>
         <input_file_ref idref="fl-2"/>
      </object_component>
      <object_component id="oc-c4">
         <name>.text:decompress:lzss</name>
         <load_address>0xc448</load_address>
         <run_address>0xc448</run_address>
         <size>0x30</size>
         <input_file_ref idref="fl-34"/>
      </object_component>
      <object_component id="oc-7a5">
         <name>.text:__TI_auto_init_nobinit_nopinit</name>
         <load_address>0xc478</load_address>
         <run_address>0xc478</run_address>
         <size>0x2b</size>
         <input_file_ref idref="fl-31"/>
      </object_component>
      <object_component id="oc-77d">
         <name>.text</name>
         <load_address>0xc4a3</load_address>
         <run_address>0xc4a3</run_address>
         <size>0x29</size>
         <input_file_ref idref="fl-35"/>
      </object_component>
      <object_component id="oc-821">
         <name>.text:InitPieVectTable</name>
         <load_address>0xc4cc</load_address>
         <run_address>0xc4cc</run_address>
         <size>0x25</size>
         <input_file_ref idref="fl-b"/>
      </object_component>
      <object_component id="oc-81b">
         <name>.text:InitPieCtrl</name>
         <load_address>0xc4f1</load_address>
         <run_address>0xc4f1</run_address>
         <size>0x1f</size>
         <input_file_ref idref="fl-a"/>
      </object_component>
      <object_component id="oc-5e7">
         <name>.text</name>
         <load_address>0xc510</load_address>
         <run_address>0xc510</run_address>
         <size>0x1d</size>
         <input_file_ref idref="fl-3a"/>
      </object_component>
      <object_component id="oc-727">
         <name>.text</name>
         <load_address>0xc52d</load_address>
         <run_address>0xc52d</run_address>
         <size>0x19</size>
         <input_file_ref idref="fl-2e"/>
      </object_component>
      <object_component id="oc-82d">
         <name>.text:DelayMs</name>
         <load_address>0xc546</load_address>
         <run_address>0xc546</run_address>
         <size>0x14</size>
         <input_file_ref idref="fl-2"/>
      </object_component>
      <object_component id="oc-d7">
         <name>.text:cla1Isr1</name>
         <load_address>0xc55a</load_address>
         <run_address>0xc55a</run_address>
         <size>0x11</size>
         <input_file_ref idref="fl-2"/>
      </object_component>
      <object_component id="oc-e3">
         <name>.text:cla1Isr2</name>
         <load_address>0xc56b</load_address>
         <run_address>0xc56b</run_address>
         <size>0x11</size>
         <input_file_ref idref="fl-2"/>
      </object_component>
      <object_component id="oc-107">
         <name>.text:cla1Isr8</name>
         <load_address>0xc57c</load_address>
         <run_address>0xc57c</run_address>
         <size>0x11</size>
         <input_file_ref idref="fl-2"/>
      </object_component>
      <object_component id="oc-e9">
         <name>.text:cla1Isr3</name>
         <load_address>0xc58d</load_address>
         <run_address>0xc58d</run_address>
         <size>0xf</size>
         <input_file_ref idref="fl-2"/>
      </object_component>
      <object_component id="oc-ef">
         <name>.text:cla1Isr4</name>
         <load_address>0xc59c</load_address>
         <run_address>0xc59c</run_address>
         <size>0xf</size>
         <input_file_ref idref="fl-2"/>
      </object_component>
      <object_component id="oc-f5">
         <name>.text:cla1Isr5</name>
         <load_address>0xc5ab</load_address>
         <run_address>0xc5ab</run_address>
         <size>0xf</size>
         <input_file_ref idref="fl-2"/>
      </object_component>
      <object_component id="oc-fb">
         <name>.text:cla1Isr6</name>
         <load_address>0xc5ba</load_address>
         <run_address>0xc5ba</run_address>
         <size>0xf</size>
         <input_file_ref idref="fl-2"/>
      </object_component>
      <object_component id="oc-101">
         <name>.text:cla1Isr7</name>
         <load_address>0xc5c9</load_address>
         <run_address>0xc5c9</run_address>
         <size>0xf</size>
         <input_file_ref idref="fl-2"/>
      </object_component>
      <object_component id="oc-864">
         <name>.text:DisableDog</name>
         <load_address>0xc5d8</load_address>
         <run_address>0xc5d8</run_address>
         <size>0xd</size>
         <input_file_ref idref="fl-e"/>
      </object_component>
      <object_component id="oc-5d8">
         <name>.text:EMPTY_ISR</name>
         <load_address>0xc5e5</load_address>
         <run_address>0xc5e5</run_address>
         <size>0xd</size>
         <input_file_ref idref="fl-7"/>
      </object_component>
      <object_component id="oc-777">
         <name>.text</name>
         <load_address>0xc5f2</load_address>
         <run_address>0xc5f2</run_address>
         <size>0xc</size>
         <input_file_ref idref="fl-37"/>
      </object_component>
      <object_component id="oc-182">
         <name>.text:ADCA1_ISR</name>
         <load_address>0xc5fe</load_address>
         <run_address>0xc5fe</run_address>
         <size>0xa</size>
         <input_file_ref idref="fl-7"/>
      </object_component>
      <object_component id="oc-320">
         <name>.text:ADCA2_ISR</name>
         <load_address>0xc608</load_address>
         <run_address>0xc608</run_address>
         <size>0xa</size>
         <input_file_ref idref="fl-7"/>
      </object_component>
      <object_component id="oc-326">
         <name>.text:ADCA3_ISR</name>
         <load_address>0xc612</load_address>
         <run_address>0xc612</run_address>
         <size>0xa</size>
         <input_file_ref idref="fl-7"/>
      </object_component>
      <object_component id="oc-32c">
         <name>.text:ADCA4_ISR</name>
         <load_address>0xc61c</load_address>
         <run_address>0xc61c</run_address>
         <size>0xa</size>
         <input_file_ref idref="fl-7"/>
      </object_component>
      <object_component id="oc-31a">
         <name>.text:ADCA_EVT_ISR</name>
         <load_address>0xc626</load_address>
         <run_address>0xc626</run_address>
         <size>0xa</size>
         <input_file_ref idref="fl-7"/>
      </object_component>
      <object_component id="oc-188">
         <name>.text:ADCB1_ISR</name>
         <load_address>0xc630</load_address>
         <run_address>0xc630</run_address>
         <size>0xa</size>
         <input_file_ref idref="fl-7"/>
      </object_component>
      <object_component id="oc-338">
         <name>.text:ADCB2_ISR</name>
         <load_address>0xc63a</load_address>
         <run_address>0xc63a</run_address>
         <size>0xa</size>
         <input_file_ref idref="fl-7"/>
      </object_component>
      <object_component id="oc-33e">
         <name>.text:ADCB3_ISR</name>
         <load_address>0xc644</load_address>
         <run_address>0xc644</run_address>
         <size>0xa</size>
         <input_file_ref idref="fl-7"/>
      </object_component>
      <object_component id="oc-344">
         <name>.text:ADCB4_ISR</name>
         <load_address>0xc64e</load_address>
         <run_address>0xc64e</run_address>
         <size>0xa</size>
         <input_file_ref idref="fl-7"/>
      </object_component>
      <object_component id="oc-332">
         <name>.text:ADCB_EVT_ISR</name>
         <load_address>0xc658</load_address>
         <run_address>0xc658</run_address>
         <size>0xa</size>
         <input_file_ref idref="fl-7"/>
      </object_component>
      <object_component id="oc-18e">
         <name>.text:ADCC1_ISR</name>
         <load_address>0xc662</load_address>
         <run_address>0xc662</run_address>
         <size>0xa</size>
         <input_file_ref idref="fl-7"/>
      </object_component>
      <object_component id="oc-554">
         <name>.text:ADCC2_ISR</name>
         <load_address>0xc66c</load_address>
         <run_address>0xc66c</run_address>
         <size>0xa</size>
         <input_file_ref idref="fl-7"/>
      </object_component>
      <object_component id="oc-55a">
         <name>.text:ADCC3_ISR</name>
         <load_address>0xc676</load_address>
         <run_address>0xc676</run_address>
         <size>0xa</size>
         <input_file_ref idref="fl-7"/>
      </object_component>
      <object_component id="oc-560">
         <name>.text:ADCC4_ISR</name>
         <load_address>0xc680</load_address>
         <run_address>0xc680</run_address>
         <size>0xa</size>
         <input_file_ref idref="fl-7"/>
      </object_component>
      <object_component id="oc-54e">
         <name>.text:ADCC_EVT_ISR</name>
         <load_address>0xc68a</load_address>
         <run_address>0xc68a</run_address>
         <size>0xa</size>
         <input_file_ref idref="fl-7"/>
      </object_component>
      <object_component id="oc-1a0">
         <name>.text:ADCD1_ISR</name>
         <load_address>0xc694</load_address>
         <run_address>0xc694</run_address>
         <size>0xa</size>
         <input_file_ref idref="fl-7"/>
      </object_component>
      <object_component id="oc-56c">
         <name>.text:ADCD2_ISR</name>
         <load_address>0xc69e</load_address>
         <run_address>0xc69e</run_address>
         <size>0xa</size>
         <input_file_ref idref="fl-7"/>
      </object_component>
      <object_component id="oc-572">
         <name>.text:ADCD3_ISR</name>
         <load_address>0xc6a8</load_address>
         <run_address>0xc6a8</run_address>
         <size>0xa</size>
         <input_file_ref idref="fl-7"/>
      </object_component>
      <object_component id="oc-578">
         <name>.text:ADCD4_ISR</name>
         <load_address>0xc6b2</load_address>
         <run_address>0xc6b2</run_address>
         <size>0xa</size>
         <input_file_ref idref="fl-7"/>
      </object_component>
      <object_component id="oc-566">
         <name>.text:ADCD_EVT_ISR</name>
         <load_address>0xc6bc</load_address>
         <run_address>0xc6bc</run_address>
         <size>0xa</size>
         <input_file_ref idref="fl-7"/>
      </object_component>
      <object_component id="oc-302">
         <name>.text:CANA0_ISR</name>
         <load_address>0xc6c6</load_address>
         <run_address>0xc6c6</run_address>
         <size>0xa</size>
         <input_file_ref idref="fl-7"/>
      </object_component>
      <object_component id="oc-308">
         <name>.text:CANA1_ISR</name>
         <load_address>0xc6d0</load_address>
         <run_address>0xc6d0</run_address>
         <size>0xa</size>
         <input_file_ref idref="fl-7"/>
      </object_component>
      <object_component id="oc-30e">
         <name>.text:CANB0_ISR</name>
         <load_address>0xc6da</load_address>
         <run_address>0xc6da</run_address>
         <size>0xa</size>
         <input_file_ref idref="fl-7"/>
      </object_component>
      <object_component id="oc-314">
         <name>.text:CANB1_ISR</name>
         <load_address>0xc6e4</load_address>
         <run_address>0xc6e4</run_address>
         <size>0xa</size>
         <input_file_ref idref="fl-7"/>
      </object_component>
      <object_component id="oc-3bc">
         <name>.text:CIPC0_ISR</name>
         <load_address>0xc6ee</load_address>
         <run_address>0xc6ee</run_address>
         <size>0xa</size>
         <input_file_ref idref="fl-7"/>
      </object_component>
      <object_component id="oc-3c2">
         <name>.text:CIPC1_ISR</name>
         <load_address>0xc6f8</load_address>
         <run_address>0xc6f8</run_address>
         <size>0xa</size>
         <input_file_ref idref="fl-7"/>
      </object_component>
      <object_component id="oc-3c8">
         <name>.text:CIPC2_ISR</name>
         <load_address>0xc702</load_address>
         <run_address>0xc702</run_address>
         <size>0xa</size>
         <input_file_ref idref="fl-7"/>
      </object_component>
      <object_component id="oc-3ce">
         <name>.text:CIPC3_ISR</name>
         <load_address>0xc70c</load_address>
         <run_address>0xc70c</run_address>
         <size>0xa</size>
         <input_file_ref idref="fl-7"/>
      </object_component>
      <object_component id="oc-5c0">
         <name>.text:CLA1CRC_ISR</name>
         <load_address>0xc716</load_address>
         <run_address>0xc716</run_address>
         <size>0xa</size>
         <input_file_ref idref="fl-7"/>
      </object_component>
      <object_component id="oc-34a">
         <name>.text:CLA1_1_ISR</name>
         <load_address>0xc720</load_address>
         <run_address>0xc720</run_address>
         <size>0xa</size>
         <input_file_ref idref="fl-7"/>
      </object_component>
      <object_component id="oc-350">
         <name>.text:CLA1_2_ISR</name>
         <load_address>0xc72a</load_address>
         <run_address>0xc72a</run_address>
         <size>0xa</size>
         <input_file_ref idref="fl-7"/>
      </object_component>
      <object_component id="oc-356">
         <name>.text:CLA1_3_ISR</name>
         <load_address>0xc734</load_address>
         <run_address>0xc734</run_address>
         <size>0xa</size>
         <input_file_ref idref="fl-7"/>
      </object_component>
      <object_component id="oc-35c">
         <name>.text:CLA1_4_ISR</name>
         <load_address>0xc73e</load_address>
         <run_address>0xc73e</run_address>
         <size>0xa</size>
         <input_file_ref idref="fl-7"/>
      </object_component>
      <object_component id="oc-362">
         <name>.text:CLA1_5_ISR</name>
         <load_address>0xc748</load_address>
         <run_address>0xc748</run_address>
         <size>0xa</size>
         <input_file_ref idref="fl-7"/>
      </object_component>
      <object_component id="oc-368">
         <name>.text:CLA1_6_ISR</name>
         <load_address>0xc752</load_address>
         <run_address>0xc752</run_address>
         <size>0xa</size>
         <input_file_ref idref="fl-7"/>
      </object_component>
      <object_component id="oc-36e">
         <name>.text:CLA1_7_ISR</name>
         <load_address>0xc75c</load_address>
         <run_address>0xc75c</run_address>
         <size>0xa</size>
         <input_file_ref idref="fl-7"/>
      </object_component>
      <object_component id="oc-374">
         <name>.text:CLA1_8_ISR</name>
         <load_address>0xc766</load_address>
         <run_address>0xc766</run_address>
         <size>0xa</size>
         <input_file_ref idref="fl-7"/>
      </object_component>
      <object_component id="oc-5c6">
         <name>.text:CLA_OVERFLOW_ISR</name>
         <load_address>0xc770</load_address>
         <run_address>0xc770</run_address>
         <size>0xa</size>
         <input_file_ref idref="fl-7"/>
      </object_component>
      <object_component id="oc-5cc">
         <name>.text:CLA_UNDERFLOW_ISR</name>
         <load_address>0xc77a</load_address>
         <run_address>0xc77a</run_address>
         <size>0xa</size>
         <input_file_ref idref="fl-7"/>
      </object_component>
      <object_component id="oc-24e">
         <name>.text:CLB1_ISR</name>
         <load_address>0xc784</load_address>
         <run_address>0xc784</run_address>
         <size>0xa</size>
         <input_file_ref idref="fl-7"/>
      </object_component>
      <object_component id="oc-254">
         <name>.text:CLB2_ISR</name>
         <load_address>0xc78e</load_address>
         <run_address>0xc78e</run_address>
         <size>0xa</size>
         <input_file_ref idref="fl-7"/>
      </object_component>
      <object_component id="oc-25a">
         <name>.text:CLB3_ISR</name>
         <load_address>0xc798</load_address>
         <run_address>0xc798</run_address>
         <size>0xa</size>
         <input_file_ref idref="fl-7"/>
      </object_component>
      <object_component id="oc-260">
         <name>.text:CLB4_ISR</name>
         <load_address>0xc7a2</load_address>
         <run_address>0xc7a2</run_address>
         <size>0xa</size>
         <input_file_ref idref="fl-7"/>
      </object_component>
      <object_component id="oc-50c">
         <name>.text:CLB5_ISR</name>
         <load_address>0xc7ac</load_address>
         <run_address>0xc7ac</run_address>
         <size>0xa</size>
         <input_file_ref idref="fl-7"/>
      </object_component>
      <object_component id="oc-512">
         <name>.text:CLB6_ISR</name>
         <load_address>0xc7b6</load_address>
         <run_address>0xc7b6</run_address>
         <size>0xa</size>
         <input_file_ref idref="fl-7"/>
      </object_component>
      <object_component id="oc-518">
         <name>.text:CLB7_ISR</name>
         <load_address>0xc7c0</load_address>
         <run_address>0xc7c0</run_address>
         <size>0xa</size>
         <input_file_ref idref="fl-7"/>
      </object_component>
      <object_component id="oc-51e">
         <name>.text:CLB8_ISR</name>
         <load_address>0xc7ca</load_address>
         <run_address>0xc7ca</run_address>
         <size>0xa</size>
         <input_file_ref idref="fl-7"/>
      </object_component>
      <object_component id="oc-57e">
         <name>.text:CMTOCPUXIPC0_ISR</name>
         <load_address>0xc7d4</load_address>
         <run_address>0xc7d4</run_address>
         <size>0xa</size>
         <input_file_ref idref="fl-7"/>
      </object_component>
      <object_component id="oc-584">
         <name>.text:CMTOCPUXIPC1_ISR</name>
         <load_address>0xc7de</load_address>
         <run_address>0xc7de</run_address>
         <size>0xa</size>
         <input_file_ref idref="fl-7"/>
      </object_component>
      <object_component id="oc-58a">
         <name>.text:CMTOCPUXIPC2_ISR</name>
         <load_address>0xc7e8</load_address>
         <run_address>0xc7e8</run_address>
         <size>0xa</size>
         <input_file_ref idref="fl-7"/>
      </object_component>
      <object_component id="oc-590">
         <name>.text:CMTOCPUXIPC3_ISR</name>
         <load_address>0xc7f2</load_address>
         <run_address>0xc7f2</run_address>
         <size>0xa</size>
         <input_file_ref idref="fl-7"/>
      </object_component>
      <object_component id="oc-7e8">
         <name>.text</name>
         <load_address>0xc7fc</load_address>
         <run_address>0xc7fc</run_address>
         <size>0x1</size>
         <input_file_ref idref="fl-3b"/>
      </object_component>
      <object_component id="oc-596">
         <name>.text:CMTOCPUXIPC4_ISR</name>
         <load_address>0xc800</load_address>
         <run_address>0xc800</run_address>
         <size>0xa</size>
         <input_file_ref idref="fl-7"/>
      </object_component>
      <object_component id="oc-59c">
         <name>.text:CMTOCPUXIPC5_ISR</name>
         <load_address>0xc80a</load_address>
         <run_address>0xc80a</run_address>
         <size>0xa</size>
         <input_file_ref idref="fl-7"/>
      </object_component>
      <object_component id="oc-5a2">
         <name>.text:CMTOCPUXIPC6_ISR</name>
         <load_address>0xc814</load_address>
         <run_address>0xc814</run_address>
         <size>0xa</size>
         <input_file_ref idref="fl-7"/>
      </object_component>
      <object_component id="oc-5a8">
         <name>.text:CMTOCPUXIPC7_ISR</name>
         <load_address>0xc81e</load_address>
         <run_address>0xc81e</run_address>
         <size>0xa</size>
         <input_file_ref idref="fl-7"/>
      </object_component>
      <object_component id="oc-542">
         <name>.text:CM_STATUS_ISR</name>
         <load_address>0xc828</load_address>
         <run_address>0xc828</run_address>
         <size>0xa</size>
         <input_file_ref idref="fl-7"/>
      </object_component>
      <object_component id="oc-5ba">
         <name>.text:CPUCRC_ISR</name>
         <load_address>0xc832</load_address>
         <run_address>0xc832</run_address>
         <size>0xa</size>
         <input_file_ref idref="fl-7"/>
      </object_component>
      <object_component id="oc-11c">
         <name>.text:DATALOG_ISR</name>
         <load_address>0xc83c</load_address>
         <run_address>0xc83c</run_address>
         <size>0xa</size>
         <input_file_ref idref="fl-7"/>
      </object_component>
      <object_component id="oc-296">
         <name>.text:DMA_CH1_ISR</name>
         <load_address>0xc846</load_address>
         <run_address>0xc846</run_address>
         <size>0xa</size>
         <input_file_ref idref="fl-7"/>
      </object_component>
      <object_component id="oc-29c">
         <name>.text:DMA_CH2_ISR</name>
         <load_address>0xc850</load_address>
         <run_address>0xc850</run_address>
         <size>0xa</size>
         <input_file_ref idref="fl-7"/>
      </object_component>
      <object_component id="oc-2a2">
         <name>.text:DMA_CH3_ISR</name>
         <load_address>0xc85a</load_address>
         <run_address>0xc85a</run_address>
         <size>0xa</size>
         <input_file_ref idref="fl-7"/>
      </object_component>
      <object_component id="oc-2a8">
         <name>.text:DMA_CH4_ISR</name>
         <load_address>0xc864</load_address>
         <run_address>0xc864</run_address>
         <size>0xa</size>
         <input_file_ref idref="fl-7"/>
      </object_component>
      <object_component id="oc-2ae">
         <name>.text:DMA_CH5_ISR</name>
         <load_address>0xc86e</load_address>
         <run_address>0xc86e</run_address>
         <size>0xa</size>
         <input_file_ref idref="fl-7"/>
      </object_component>
      <object_component id="oc-2b4">
         <name>.text:DMA_CH6_ISR</name>
         <load_address>0xc878</load_address>
         <run_address>0xc878</run_address>
         <size>0xa</size>
         <input_file_ref idref="fl-7"/>
      </object_component>
      <object_component id="oc-212">
         <name>.text:ECAP1_ISR</name>
         <load_address>0xc882</load_address>
         <run_address>0xc882</run_address>
         <size>0xa</size>
         <input_file_ref idref="fl-7"/>
      </object_component>
      <object_component id="oc-218">
         <name>.text:ECAP2_ISR</name>
         <load_address>0xc88c</load_address>
         <run_address>0xc88c</run_address>
         <size>0xa</size>
         <input_file_ref idref="fl-7"/>
      </object_component>
      <object_component id="oc-21e">
         <name>.text:ECAP3_ISR</name>
         <load_address>0xc896</load_address>
         <run_address>0xc896</run_address>
         <size>0xa</size>
         <input_file_ref idref="fl-7"/>
      </object_component>
      <object_component id="oc-224">
         <name>.text:ECAP4_ISR</name>
         <load_address>0xc8a0</load_address>
         <run_address>0xc8a0</run_address>
         <size>0xa</size>
         <input_file_ref idref="fl-7"/>
      </object_component>
      <object_component id="oc-22a">
         <name>.text:ECAP5_ISR</name>
         <load_address>0xc8aa</load_address>
         <run_address>0xc8aa</run_address>
         <size>0xa</size>
         <input_file_ref idref="fl-7"/>
      </object_component>
      <object_component id="oc-5ae">
         <name>.text:ECAP6_2_ISR</name>
         <load_address>0xc8b4</load_address>
         <run_address>0xc8b4</run_address>
         <size>0xa</size>
         <input_file_ref idref="fl-7"/>
      </object_component>
      <object_component id="oc-230">
         <name>.text:ECAP6_ISR</name>
         <load_address>0xc8be</load_address>
         <run_address>0xc8be</run_address>
         <size>0xa</size>
         <input_file_ref idref="fl-7"/>
      </object_component>
      <object_component id="oc-5b4">
         <name>.text:ECAP7_2_ISR</name>
         <load_address>0xc8c8</load_address>
         <run_address>0xc8c8</run_address>
         <size>0xa</size>
         <input_file_ref idref="fl-7"/>
      </object_component>
      <object_component id="oc-236">
         <name>.text:ECAP7_ISR</name>
         <load_address>0xc8d2</load_address>
         <run_address>0xc8d2</run_address>
         <size>0xa</size>
         <input_file_ref idref="fl-7"/>
      </object_component>
      <object_component id="oc-470">
         <name>.text:ECATRST_ISR</name>
         <load_address>0xc8dc</load_address>
         <run_address>0xc8dc</run_address>
         <size>0xa</size>
         <input_file_ref idref="fl-7"/>
      </object_component>
      <object_component id="oc-3b0">
         <name>.text:ECATSYNC0_ISR</name>
         <load_address>0xc8e6</load_address>
         <run_address>0xc8e6</run_address>
         <size>0xa</size>
         <input_file_ref idref="fl-7"/>
      </object_component>
      <object_component id="oc-476">
         <name>.text:ECATSYNC1_ISR</name>
         <load_address>0xc8f0</load_address>
         <run_address>0xc8f0</run_address>
         <size>0xa</size>
         <input_file_ref idref="fl-7"/>
      </object_component>
      <object_component id="oc-3b6">
         <name>.text:ECAT_ISR</name>
         <load_address>0xc8fa</load_address>
         <run_address>0xc8fa</run_address>
         <size>0xa</size>
         <input_file_ref idref="fl-7"/>
      </object_component>
      <object_component id="oc-128">
         <name>.text:EMU_ISR</name>
         <load_address>0xc904</load_address>
         <run_address>0xc904</run_address>
         <size>0xa</size>
         <input_file_ref idref="fl-7"/>
      </object_component>
      <object_component id="oc-40a">
         <name>.text:EPWM10_ISR</name>
         <load_address>0xc90e</load_address>
         <run_address>0xc90e</run_address>
         <size>0xa</size>
         <input_file_ref idref="fl-7"/>
      </object_component>
      <object_component id="oc-3da">
         <name>.text:EPWM10_TZ_ISR</name>
         <load_address>0xc918</load_address>
         <run_address>0xc918</run_address>
         <size>0xa</size>
         <input_file_ref idref="fl-7"/>
      </object_component>
      <object_component id="oc-410">
         <name>.text:EPWM11_ISR</name>
         <load_address>0xc922</load_address>
         <run_address>0xc922</run_address>
         <size>0xa</size>
         <input_file_ref idref="fl-7"/>
      </object_component>
      <object_component id="oc-3e0">
         <name>.text:EPWM11_TZ_ISR</name>
         <load_address>0xc92c</load_address>
         <run_address>0xc92c</run_address>
         <size>0xa</size>
         <input_file_ref idref="fl-7"/>
      </object_component>
      <object_component id="oc-416">
         <name>.text:EPWM12_ISR</name>
         <load_address>0xc936</load_address>
         <run_address>0xc936</run_address>
         <size>0xa</size>
         <input_file_ref idref="fl-7"/>
      </object_component>
      <object_component id="oc-3e6">
         <name>.text:EPWM12_TZ_ISR</name>
         <load_address>0xc940</load_address>
         <run_address>0xc940</run_address>
         <size>0xa</size>
         <input_file_ref idref="fl-7"/>
      </object_component>
      <object_component id="oc-41c">
         <name>.text:EPWM13_ISR</name>
         <load_address>0xc94a</load_address>
         <run_address>0xc94a</run_address>
         <size>0xa</size>
         <input_file_ref idref="fl-7"/>
      </object_component>
      <object_component id="oc-3ec">
         <name>.text:EPWM13_TZ_ISR</name>
         <load_address>0xc954</load_address>
         <run_address>0xc954</run_address>
         <size>0xa</size>
         <input_file_ref idref="fl-7"/>
      </object_component>
      <object_component id="oc-422">
         <name>.text:EPWM14_ISR</name>
         <load_address>0xc95e</load_address>
         <run_address>0xc95e</run_address>
         <size>0xa</size>
         <input_file_ref idref="fl-7"/>
      </object_component>
      <object_component id="oc-3f2">
         <name>.text:EPWM14_TZ_ISR</name>
         <load_address>0xc968</load_address>
         <run_address>0xc968</run_address>
         <size>0xa</size>
         <input_file_ref idref="fl-7"/>
      </object_component>
      <object_component id="oc-428">
         <name>.text:EPWM15_ISR</name>
         <load_address>0xc972</load_address>
         <run_address>0xc972</run_address>
         <size>0xa</size>
         <input_file_ref idref="fl-7"/>
      </object_component>
      <object_component id="oc-3f8">
         <name>.text:EPWM15_TZ_ISR</name>
         <load_address>0xc97c</load_address>
         <run_address>0xc97c</run_address>
         <size>0xa</size>
         <input_file_ref idref="fl-7"/>
      </object_component>
      <object_component id="oc-42e">
         <name>.text:EPWM16_ISR</name>
         <load_address>0xc986</load_address>
         <run_address>0xc986</run_address>
         <size>0xa</size>
         <input_file_ref idref="fl-7"/>
      </object_component>
      <object_component id="oc-3fe">
         <name>.text:EPWM16_TZ_ISR</name>
         <load_address>0xc990</load_address>
         <run_address>0xc990</run_address>
         <size>0xa</size>
         <input_file_ref idref="fl-7"/>
      </object_component>
      <object_component id="oc-1e2">
         <name>.text:EPWM1_ISR</name>
         <load_address>0xc99a</load_address>
         <run_address>0xc99a</run_address>
         <size>0xa</size>
         <input_file_ref idref="fl-7"/>
      </object_component>
      <object_component id="oc-1b2">
         <name>.text:EPWM1_TZ_ISR</name>
         <load_address>0xc9a4</load_address>
         <run_address>0xc9a4</run_address>
         <size>0xa</size>
         <input_file_ref idref="fl-7"/>
      </object_component>
      <object_component id="oc-1e8">
         <name>.text:EPWM2_ISR</name>
         <load_address>0xc9ae</load_address>
         <run_address>0xc9ae</run_address>
         <size>0xa</size>
         <input_file_ref idref="fl-7"/>
      </object_component>
      <object_component id="oc-1b8">
         <name>.text:EPWM2_TZ_ISR</name>
         <load_address>0xc9b8</load_address>
         <run_address>0xc9b8</run_address>
         <size>0xa</size>
         <input_file_ref idref="fl-7"/>
      </object_component>
      <object_component id="oc-1ee">
         <name>.text:EPWM3_ISR</name>
         <load_address>0xc9c2</load_address>
         <run_address>0xc9c2</run_address>
         <size>0xa</size>
         <input_file_ref idref="fl-7"/>
      </object_component>
      <object_component id="oc-1be">
         <name>.text:EPWM3_TZ_ISR</name>
         <load_address>0xc9cc</load_address>
         <run_address>0xc9cc</run_address>
         <size>0xa</size>
         <input_file_ref idref="fl-7"/>
      </object_component>
      <object_component id="oc-1f4">
         <name>.text:EPWM4_ISR</name>
         <load_address>0xc9d6</load_address>
         <run_address>0xc9d6</run_address>
         <size>0xa</size>
         <input_file_ref idref="fl-7"/>
      </object_component>
      <object_component id="oc-1c4">
         <name>.text:EPWM4_TZ_ISR</name>
         <load_address>0xc9e0</load_address>
         <run_address>0xc9e0</run_address>
         <size>0xa</size>
         <input_file_ref idref="fl-7"/>
      </object_component>
      <object_component id="oc-1fa">
         <name>.text:EPWM5_ISR</name>
         <load_address>0xc9ea</load_address>
         <run_address>0xc9ea</run_address>
         <size>0xa</size>
         <input_file_ref idref="fl-7"/>
      </object_component>
      <object_component id="oc-1ca">
         <name>.text:EPWM5_TZ_ISR</name>
         <load_address>0xc9f4</load_address>
         <run_address>0xc9f4</run_address>
         <size>0xa</size>
         <input_file_ref idref="fl-7"/>
      </object_component>
      <object_component id="oc-200">
         <name>.text:EPWM6_ISR</name>
         <load_address>0xc9fe</load_address>
         <run_address>0xc9fe</run_address>
         <size>0xa</size>
         <input_file_ref idref="fl-7"/>
      </object_component>
      <object_component id="oc-1d0">
         <name>.text:EPWM6_TZ_ISR</name>
         <load_address>0xca08</load_address>
         <run_address>0xca08</run_address>
         <size>0xa</size>
         <input_file_ref idref="fl-7"/>
      </object_component>
      <object_component id="oc-206">
         <name>.text:EPWM7_ISR</name>
         <load_address>0xca12</load_address>
         <run_address>0xca12</run_address>
         <size>0xa</size>
         <input_file_ref idref="fl-7"/>
      </object_component>
      <object_component id="oc-1d6">
         <name>.text:EPWM7_TZ_ISR</name>
         <load_address>0xca1c</load_address>
         <run_address>0xca1c</run_address>
         <size>0xa</size>
         <input_file_ref idref="fl-7"/>
      </object_component>
      <object_component id="oc-20c">
         <name>.text:EPWM8_ISR</name>
         <load_address>0xca26</load_address>
         <run_address>0xca26</run_address>
         <size>0xa</size>
         <input_file_ref idref="fl-7"/>
      </object_component>
      <object_component id="oc-1dc">
         <name>.text:EPWM8_TZ_ISR</name>
         <load_address>0xca30</load_address>
         <run_address>0xca30</run_address>
         <size>0xa</size>
         <input_file_ref idref="fl-7"/>
      </object_component>
      <object_component id="oc-404">
         <name>.text:EPWM9_ISR</name>
         <load_address>0xca3a</load_address>
         <run_address>0xca3a</run_address>
         <size>0xa</size>
         <input_file_ref idref="fl-7"/>
      </object_component>
      <object_component id="oc-3d4">
         <name>.text:EPWM9_TZ_ISR</name>
         <load_address>0xca44</load_address>
         <run_address>0xca44</run_address>
         <size>0xa</size>
         <input_file_ref idref="fl-7"/>
      </object_component>
      <object_component id="oc-23c">
         <name>.text:EQEP1_ISR</name>
         <load_address>0xca4e</load_address>
         <run_address>0xca4e</run_address>
         <size>0xa</size>
         <input_file_ref idref="fl-7"/>
      </object_component>
      <object_component id="oc-242">
         <name>.text:EQEP2_ISR</name>
         <load_address>0xca58</load_address>
         <run_address>0xca58</run_address>
         <size>0xa</size>
         <input_file_ref idref="fl-7"/>
      </object_component>
      <object_component id="oc-248">
         <name>.text:EQEP3_ISR</name>
         <load_address>0xca62</load_address>
         <run_address>0xca62</run_address>
         <size>0xa</size>
         <input_file_ref idref="fl-7"/>
      </object_component>
      <object_component id="oc-392">
         <name>.text:FMC_ISR</name>
         <load_address>0xca6c</load_address>
         <run_address>0xca6c</run_address>
         <size>0xa</size>
         <input_file_ref idref="fl-7"/>
      </object_component>
      <object_component id="oc-398">
         <name>.text:FPU_OFLOW_ISR</name>
         <load_address>0xca76</load_address>
         <run_address>0xca76</run_address>
         <size>0xa</size>
         <input_file_ref idref="fl-7"/>
      </object_component>
      <object_component id="oc-39e">
         <name>.text:FPU_UFLOW_ISR</name>
         <load_address>0xca80</load_address>
         <run_address>0xca80</run_address>
         <size>0xa</size>
         <input_file_ref idref="fl-7"/>
      </object_component>
      <object_component id="oc-44c">
         <name>.text:FSIRXA1_ISR</name>
         <load_address>0xca8a</load_address>
         <run_address>0xca8a</run_address>
         <size>0xa</size>
         <input_file_ref idref="fl-7"/>
      </object_component>
      <object_component id="oc-452">
         <name>.text:FSIRXA2_ISR</name>
         <load_address>0xca94</load_address>
         <run_address>0xca94</run_address>
         <size>0xa</size>
         <input_file_ref idref="fl-7"/>
      </object_component>
      <object_component id="oc-458">
         <name>.text:FSIRXB1_ISR</name>
         <load_address>0xca9e</load_address>
         <run_address>0xca9e</run_address>
         <size>0xa</size>
         <input_file_ref idref="fl-7"/>
      </object_component>
      <object_component id="oc-45e">
         <name>.text:FSIRXB2_ISR</name>
         <load_address>0xcaa8</load_address>
         <run_address>0xcaa8</run_address>
         <size>0xa</size>
         <input_file_ref idref="fl-7"/>
      </object_component>
      <object_component id="oc-4c4">
         <name>.text:FSIRXC1_ISR</name>
         <load_address>0xcab2</load_address>
         <run_address>0xcab2</run_address>
         <size>0xa</size>
         <input_file_ref idref="fl-7"/>
      </object_component>
      <object_component id="oc-4ca">
         <name>.text:FSIRXC2_ISR</name>
         <load_address>0xcabc</load_address>
         <run_address>0xcabc</run_address>
         <size>0xa</size>
         <input_file_ref idref="fl-7"/>
      </object_component>
      <object_component id="oc-4d0">
         <name>.text:FSIRXD1_ISR</name>
         <load_address>0xcac6</load_address>
         <run_address>0xcac6</run_address>
         <size>0xa</size>
         <input_file_ref idref="fl-7"/>
      </object_component>
      <object_component id="oc-4d6">
         <name>.text:FSIRXD2_ISR</name>
         <load_address>0xcad0</load_address>
         <run_address>0xcad0</run_address>
         <size>0xa</size>
         <input_file_ref idref="fl-7"/>
      </object_component>
      <object_component id="oc-4dc">
         <name>.text:FSIRXE1_ISR</name>
         <load_address>0xcada</load_address>
         <run_address>0xcada</run_address>
         <size>0xa</size>
         <input_file_ref idref="fl-7"/>
      </object_component>
      <object_component id="oc-4e2">
         <name>.text:FSIRXE2_ISR</name>
         <load_address>0xcae4</load_address>
         <run_address>0xcae4</run_address>
         <size>0xa</size>
         <input_file_ref idref="fl-7"/>
      </object_component>
      <object_component id="oc-4e8">
         <name>.text:FSIRXF1_ISR</name>
         <load_address>0xcaee</load_address>
         <run_address>0xcaee</run_address>
         <size>0xa</size>
         <input_file_ref idref="fl-7"/>
      </object_component>
      <object_component id="oc-4ee">
         <name>.text:FSIRXF2_ISR</name>
         <load_address>0xcaf8</load_address>
         <run_address>0xcaf8</run_address>
         <size>0xa</size>
         <input_file_ref idref="fl-7"/>
      </object_component>
      <object_component id="oc-4f4">
         <name>.text:FSIRXG1_ISR</name>
         <load_address>0xcb02</load_address>
         <run_address>0xcb02</run_address>
         <size>0xa</size>
         <input_file_ref idref="fl-7"/>
      </object_component>
      <object_component id="oc-4fa">
         <name>.text:FSIRXG2_ISR</name>
         <load_address>0xcb0c</load_address>
         <run_address>0xcb0c</run_address>
         <size>0xa</size>
         <input_file_ref idref="fl-7"/>
      </object_component>
      <object_component id="oc-500">
         <name>.text:FSIRXH1_ISR</name>
         <load_address>0xcb16</load_address>
         <run_address>0xcb16</run_address>
         <size>0xa</size>
         <input_file_ref idref="fl-7"/>
      </object_component>
      <object_component id="oc-506">
         <name>.text:FSIRXH2_ISR</name>
         <load_address>0xcb20</load_address>
         <run_address>0xcb20</run_address>
         <size>0xa</size>
         <input_file_ref idref="fl-7"/>
      </object_component>
      <object_component id="oc-434">
         <name>.text:FSITXA1_ISR</name>
         <load_address>0xcb2a</load_address>
         <run_address>0xcb2a</run_address>
         <size>0xa</size>
         <input_file_ref idref="fl-7"/>
      </object_component>
      <object_component id="oc-43a">
         <name>.text:FSITXA2_ISR</name>
         <load_address>0xcb34</load_address>
         <run_address>0xcb34</run_address>
         <size>0xa</size>
         <input_file_ref idref="fl-7"/>
      </object_component>
      <object_component id="oc-440">
         <name>.text:FSITXB1_ISR</name>
         <load_address>0xcb3e</load_address>
         <run_address>0xcb3e</run_address>
         <size>0xa</size>
         <input_file_ref idref="fl-7"/>
      </object_component>
      <object_component id="oc-446">
         <name>.text:FSITXB2_ISR</name>
         <load_address>0xcb48</load_address>
         <run_address>0xcb48</run_address>
         <size>0xa</size>
         <input_file_ref idref="fl-7"/>
      </object_component>
      <object_component id="oc-2c0">
         <name>.text:I2CA_FIFO_ISR</name>
         <load_address>0xcb52</load_address>
         <run_address>0xcb52</run_address>
         <size>0xa</size>
         <input_file_ref idref="fl-7"/>
      </object_component>
      <object_component id="oc-3a4">
         <name>.text:I2CA_HIGH_ISR</name>
         <load_address>0xcb5c</load_address>
         <run_address>0xcb5c</run_address>
         <size>0xa</size>
         <input_file_ref idref="fl-7"/>
      </object_component>
      <object_component id="oc-2ba">
         <name>.text:I2CA_ISR</name>
         <load_address>0xcb66</load_address>
         <run_address>0xcb66</run_address>
         <size>0xa</size>
         <input_file_ref idref="fl-7"/>
      </object_component>
      <object_component id="oc-2cc">
         <name>.text:I2CB_FIFO_ISR</name>
         <load_address>0xcb70</load_address>
         <run_address>0xcb70</run_address>
         <size>0xa</size>
         <input_file_ref idref="fl-7"/>
      </object_component>
      <object_component id="oc-2c6">
         <name>.text:I2CB_ISR</name>
         <load_address>0xcb7a</load_address>
         <run_address>0xcb7a</run_address>
         <size>0xa</size>
         <input_file_ref idref="fl-7"/>
      </object_component>
      <object_component id="oc-134">
         <name>.text:ILLEGAL_ISR</name>
         <load_address>0xcb84</load_address>
         <run_address>0xcb84</run_address>
         <size>0xa</size>
         <input_file_ref idref="fl-7"/>
      </object_component>
      <object_component id="oc-524">
         <name>.text:MCANA_0_ISR</name>
         <load_address>0xcb8e</load_address>
         <run_address>0xcb8e</run_address>
         <size>0xa</size>
         <input_file_ref idref="fl-7"/>
      </object_component>
      <object_component id="oc-52a">
         <name>.text:MCANA_1_ISR</name>
         <load_address>0xcb98</load_address>
         <run_address>0xcb98</run_address>
         <size>0xa</size>
         <input_file_ref idref="fl-7"/>
      </object_component>
      <object_component id="oc-530">
         <name>.text:MCANA_ECC_ISR</name>
         <load_address>0xcba2</load_address>
         <run_address>0xcba2</run_address>
         <size>0xa</size>
         <input_file_ref idref="fl-7"/>
      </object_component>
      <object_component id="oc-536">
         <name>.text:MCANA_WAKE_ISR</name>
         <load_address>0xcbac</load_address>
         <run_address>0xcbac</run_address>
         <size>0xa</size>
         <input_file_ref idref="fl-7"/>
      </object_component>
      <object_component id="oc-27e">
         <name>.text:MCBSPA_RX_ISR</name>
         <load_address>0xcbb6</load_address>
         <run_address>0xcbb6</run_address>
         <size>0xa</size>
         <input_file_ref idref="fl-7"/>
      </object_component>
      <object_component id="oc-284">
         <name>.text:MCBSPA_TX_ISR</name>
         <load_address>0xcbc0</load_address>
         <run_address>0xcbc0</run_address>
         <size>0xa</size>
         <input_file_ref idref="fl-7"/>
      </object_component>
      <object_component id="oc-28a">
         <name>.text:MCBSPB_RX_ISR</name>
         <load_address>0xcbca</load_address>
         <run_address>0xcbca</run_address>
         <size>0xa</size>
         <input_file_ref idref="fl-7"/>
      </object_component>
      <object_component id="oc-290">
         <name>.text:MCBSPB_TX_ISR</name>
         <load_address>0xcbd4</load_address>
         <run_address>0xcbd4</run_address>
         <size>0xa</size>
         <input_file_ref idref="fl-7"/>
      </object_component>
      <object_component id="oc-38c">
         <name>.text:MPOST_ISR</name>
         <load_address>0xcbde</load_address>
         <run_address>0xcbde</run_address>
         <size>0xa</size>
         <input_file_ref idref="fl-7"/>
      </object_component>
      <object_component id="oc-12e">
         <name>.text:NMI_ISR</name>
         <load_address>0xcbe8</load_address>
         <run_address>0xcbe8</run_address>
         <size>0xa</size>
         <input_file_ref idref="fl-7"/>
      </object_component>
      <object_component id="oc-5de">
         <name>.text:NOTUSED_ISR</name>
         <load_address>0xcbf2</load_address>
         <run_address>0xcbf2</run_address>
         <size>0xa</size>
         <input_file_ref idref="fl-7"/>
      </object_component>
      <object_component id="oc-5d2">
         <name>.text:PIE_RESERVED_ISR</name>
         <load_address>0xcbfc</load_address>
         <run_address>0xcbfc</run_address>
         <size>0xa</size>
         <input_file_ref idref="fl-7"/>
      </object_component>
      <object_component id="oc-53c">
         <name>.text:PMBUSA_ISR</name>
         <load_address>0xcc06</load_address>
         <run_address>0xcc06</run_address>
         <size>0xa</size>
         <input_file_ref idref="fl-7"/>
      </object_component>
      <object_component id="oc-122">
         <name>.text:RTOS_ISR</name>
         <load_address>0xcc10</load_address>
         <run_address>0xcc10</run_address>
         <size>0xa</size>
         <input_file_ref idref="fl-7"/>
      </object_component>
      <object_component id="oc-2ea">
         <name>.text:SCIA_RX_ISR</name>
         <load_address>0xcc1a</load_address>
         <run_address>0xcc1a</run_address>
         <size>0xa</size>
         <input_file_ref idref="fl-7"/>
      </object_component>
      <object_component id="oc-2f0">
         <name>.text:SCIA_TX_ISR</name>
         <load_address>0xcc24</load_address>
         <run_address>0xcc24</run_address>
         <size>0xa</size>
         <input_file_ref idref="fl-7"/>
      </object_component>
      <object_component id="oc-2f6">
         <name>.text:SCIB_RX_ISR</name>
         <load_address>0xcc2e</load_address>
         <run_address>0xcc2e</run_address>
         <size>0xa</size>
         <input_file_ref idref="fl-7"/>
      </object_component>
      <object_component id="oc-2fc">
         <name>.text:SCIB_TX_ISR</name>
         <load_address>0xcc38</load_address>
         <run_address>0xcc38</run_address>
         <size>0xa</size>
         <input_file_ref idref="fl-7"/>
      </object_component>
      <object_component id="oc-2d2">
         <name>.text:SCIC_RX_ISR</name>
         <load_address>0xcc42</load_address>
         <run_address>0xcc42</run_address>
         <size>0xa</size>
         <input_file_ref idref="fl-7"/>
      </object_component>
      <object_component id="oc-2d8">
         <name>.text:SCIC_TX_ISR</name>
         <load_address>0xcc4c</load_address>
         <run_address>0xcc4c</run_address>
         <size>0xa</size>
         <input_file_ref idref="fl-7"/>
      </object_component>
      <object_component id="oc-2de">
         <name>.text:SCID_RX_ISR</name>
         <load_address>0xcc56</load_address>
         <run_address>0xcc56</run_address>
         <size>0xa</size>
         <input_file_ref idref="fl-7"/>
      </object_component>
      <object_component id="oc-2e4">
         <name>.text:SCID_TX_ISR</name>
         <load_address>0xcc60</load_address>
         <run_address>0xcc60</run_address>
         <size>0xa</size>
         <input_file_ref idref="fl-7"/>
      </object_component>
      <object_component id="oc-47c">
         <name>.text:SDFM1DR1_ISR</name>
         <load_address>0xcc6a</load_address>
         <run_address>0xcc6a</run_address>
         <size>0xa</size>
         <input_file_ref idref="fl-7"/>
      </object_component>
      <object_component id="oc-482">
         <name>.text:SDFM1DR2_ISR</name>
         <load_address>0xcc74</load_address>
         <run_address>0xcc74</run_address>
         <size>0xa</size>
         <input_file_ref idref="fl-7"/>
      </object_component>
      <object_component id="oc-488">
         <name>.text:SDFM1DR3_ISR</name>
         <load_address>0xcc7e</load_address>
         <run_address>0xcc7e</run_address>
         <size>0xa</size>
         <input_file_ref idref="fl-7"/>
      </object_component>
      <object_component id="oc-48e">
         <name>.text:SDFM1DR4_ISR</name>
         <load_address>0xcc88</load_address>
         <run_address>0xcc88</run_address>
         <size>0xa</size>
         <input_file_ref idref="fl-7"/>
      </object_component>
      <object_component id="oc-464">
         <name>.text:SDFM1_ISR</name>
         <load_address>0xcc92</load_address>
         <run_address>0xcc92</run_address>
         <size>0xa</size>
         <input_file_ref idref="fl-7"/>
      </object_component>
      <object_component id="oc-4ac">
         <name>.text:SDFM2DR1_ISR</name>
         <load_address>0xcc9c</load_address>
         <run_address>0xcc9c</run_address>
         <size>0xa</size>
         <input_file_ref idref="fl-7"/>
      </object_component>
      <object_component id="oc-4b2">
         <name>.text:SDFM2DR2_ISR</name>
         <load_address>0xcca6</load_address>
         <run_address>0xcca6</run_address>
         <size>0xa</size>
         <input_file_ref idref="fl-7"/>
      </object_component>
      <object_component id="oc-4b8">
         <name>.text:SDFM2DR3_ISR</name>
         <load_address>0xccb0</load_address>
         <run_address>0xccb0</run_address>
         <size>0xa</size>
         <input_file_ref idref="fl-7"/>
      </object_component>
      <object_component id="oc-4be">
         <name>.text:SDFM2DR4_ISR</name>
         <load_address>0xccba</load_address>
         <run_address>0xccba</run_address>
         <size>0xa</size>
         <input_file_ref idref="fl-7"/>
      </object_component>
      <object_component id="oc-46a">
         <name>.text:SDFM2_ISR</name>
         <load_address>0xccc4</load_address>
         <run_address>0xccc4</run_address>
         <size>0xa</size>
         <input_file_ref idref="fl-7"/>
      </object_component>
      <object_component id="oc-266">
         <name>.text:SPIA_RX_ISR</name>
         <load_address>0xccce</load_address>
         <run_address>0xccce</run_address>
         <size>0xa</size>
         <input_file_ref idref="fl-7"/>
      </object_component>
      <object_component id="oc-26c">
         <name>.text:SPIA_TX_ISR</name>
         <load_address>0xccd8</load_address>
         <run_address>0xccd8</run_address>
         <size>0xa</size>
         <input_file_ref idref="fl-7"/>
      </object_component>
      <object_component id="oc-272">
         <name>.text:SPIB_RX_ISR</name>
         <load_address>0xcce2</load_address>
         <run_address>0xcce2</run_address>
         <size>0xa</size>
         <input_file_ref idref="fl-7"/>
      </object_component>
      <object_component id="oc-278">
         <name>.text:SPIB_TX_ISR</name>
         <load_address>0xccec</load_address>
         <run_address>0xccec</run_address>
         <size>0xa</size>
         <input_file_ref idref="fl-7"/>
      </object_component>
      <object_component id="oc-494">
         <name>.text:SPIC_RX_ISR</name>
         <load_address>0xccf6</load_address>
         <run_address>0xccf6</run_address>
         <size>0xa</size>
         <input_file_ref idref="fl-7"/>
      </object_component>
      <object_component id="oc-49a">
         <name>.text:SPIC_TX_ISR</name>
         <load_address>0xcd00</load_address>
         <run_address>0xcd00</run_address>
         <size>0xa</size>
         <input_file_ref idref="fl-7"/>
      </object_component>
      <object_component id="oc-4a0">
         <name>.text:SPID_RX_ISR</name>
         <load_address>0xcd0a</load_address>
         <run_address>0xcd0a</run_address>
         <size>0xa</size>
         <input_file_ref idref="fl-7"/>
      </object_component>
      <object_component id="oc-4a6">
         <name>.text:SPID_TX_ISR</name>
         <load_address>0xcd14</load_address>
         <run_address>0xcd14</run_address>
         <size>0xa</size>
         <input_file_ref idref="fl-7"/>
      </object_component>
      <object_component id="oc-3aa">
         <name>.text:SYS_ERR_ISR</name>
         <load_address>0xcd1e</load_address>
         <run_address>0xcd1e</run_address>
         <size>0xa</size>
         <input_file_ref idref="fl-7"/>
      </object_component>
      <object_component id="oc-1a6">
         <name>.text:TIMER0_ISR</name>
         <load_address>0xcd28</load_address>
         <run_address>0xcd28</run_address>
         <size>0xa</size>
         <input_file_ref idref="fl-7"/>
      </object_component>
      <object_component id="oc-10d">
         <name>.text:TIMER1_ISR</name>
         <load_address>0xcd32</load_address>
         <run_address>0xcd32</run_address>
         <size>0xa</size>
         <input_file_ref idref="fl-7"/>
      </object_component>
      <object_component id="oc-116">
         <name>.text:TIMER2_ISR</name>
         <load_address>0xcd3c</load_address>
         <run_address>0xcd3c</run_address>
         <size>0xa</size>
         <input_file_ref idref="fl-7"/>
      </object_component>
      <object_component id="oc-548">
         <name>.text:USBA_ISR</name>
         <load_address>0xcd46</load_address>
         <run_address>0xcd46</run_address>
         <size>0xa</size>
         <input_file_ref idref="fl-7"/>
      </object_component>
      <object_component id="oc-170">
         <name>.text:USER10_ISR</name>
         <load_address>0xcd50</load_address>
         <run_address>0xcd50</run_address>
         <size>0xa</size>
         <input_file_ref idref="fl-7"/>
      </object_component>
      <object_component id="oc-176">
         <name>.text:USER11_ISR</name>
         <load_address>0xcd5a</load_address>
         <run_address>0xcd5a</run_address>
         <size>0xa</size>
         <input_file_ref idref="fl-7"/>
      </object_component>
      <object_component id="oc-17c">
         <name>.text:USER12_ISR</name>
         <load_address>0xcd64</load_address>
         <run_address>0xcd64</run_address>
         <size>0xa</size>
         <input_file_ref idref="fl-7"/>
      </object_component>
      <object_component id="oc-13a">
         <name>.text:USER1_ISR</name>
         <load_address>0xcd6e</load_address>
         <run_address>0xcd6e</run_address>
         <size>0xa</size>
         <input_file_ref idref="fl-7"/>
      </object_component>
      <object_component id="oc-140">
         <name>.text:USER2_ISR</name>
         <load_address>0xcd78</load_address>
         <run_address>0xcd78</run_address>
         <size>0xa</size>
         <input_file_ref idref="fl-7"/>
      </object_component>
      <object_component id="oc-146">
         <name>.text:USER3_ISR</name>
         <load_address>0xcd82</load_address>
         <run_address>0xcd82</run_address>
         <size>0xa</size>
         <input_file_ref idref="fl-7"/>
      </object_component>
      <object_component id="oc-14c">
         <name>.text:USER4_ISR</name>
         <load_address>0xcd8c</load_address>
         <run_address>0xcd8c</run_address>
         <size>0xa</size>
         <input_file_ref idref="fl-7"/>
      </object_component>
      <object_component id="oc-152">
         <name>.text:USER5_ISR</name>
         <load_address>0xcd96</load_address>
         <run_address>0xcd96</run_address>
         <size>0xa</size>
         <input_file_ref idref="fl-7"/>
      </object_component>
      <object_component id="oc-158">
         <name>.text:USER6_ISR</name>
         <load_address>0xcda0</load_address>
         <run_address>0xcda0</run_address>
         <size>0xa</size>
         <input_file_ref idref="fl-7"/>
      </object_component>
      <object_component id="oc-15e">
         <name>.text:USER7_ISR</name>
         <load_address>0xcdaa</load_address>
         <run_address>0xcdaa</run_address>
         <size>0xa</size>
         <input_file_ref idref="fl-7"/>
      </object_component>
      <object_component id="oc-164">
         <name>.text:USER8_ISR</name>
         <load_address>0xcdb4</load_address>
         <run_address>0xcdb4</run_address>
         <size>0xa</size>
         <input_file_ref idref="fl-7"/>
      </object_component>
      <object_component id="oc-16a">
         <name>.text:USER9_ISR</name>
         <load_address>0xcdbe</load_address>
         <run_address>0xcdbe</run_address>
         <size>0xa</size>
         <input_file_ref idref="fl-7"/>
      </object_component>
      <object_component id="oc-1ac">
         <name>.text:WAKE_ISR</name>
         <load_address>0xcdc8</load_address>
         <run_address>0xcdc8</run_address>
         <size>0xa</size>
         <input_file_ref idref="fl-7"/>
      </object_component>
      <object_component id="oc-194">
         <name>.text:XINT1_ISR</name>
         <load_address>0xcdd2</load_address>
         <run_address>0xcdd2</run_address>
         <size>0xa</size>
         <input_file_ref idref="fl-7"/>
      </object_component>
      <object_component id="oc-19a">
         <name>.text:XINT2_ISR</name>
         <load_address>0xcddc</load_address>
         <run_address>0xcddc</run_address>
         <size>0xa</size>
         <input_file_ref idref="fl-7"/>
      </object_component>
      <object_component id="oc-37a">
         <name>.text:XINT3_ISR</name>
         <load_address>0xcde6</load_address>
         <run_address>0xcde6</run_address>
         <size>0xa</size>
         <input_file_ref idref="fl-7"/>
      </object_component>
      <object_component id="oc-380">
         <name>.text:XINT4_ISR</name>
         <load_address>0xcdf0</load_address>
         <run_address>0xcdf0</run_address>
         <size>0xa</size>
         <input_file_ref idref="fl-7"/>
      </object_component>
      <object_component id="oc-386">
         <name>.text:XINT5_ISR</name>
         <load_address>0xcdfa</load_address>
         <run_address>0xcdfa</run_address>
         <size>0xa</size>
         <input_file_ref idref="fl-7"/>
      </object_component>
      <object_component id="oc-851">
         <name>.text</name>
         <load_address>0xce04</load_address>
         <run_address>0xce04</run_address>
         <size>0x9</size>
         <input_file_ref idref="fl-36"/>
      </object_component>
      <object_component id="oc-ca">
         <name>.text:decompress:none</name>
         <load_address>0xce0d</load_address>
         <run_address>0xce0d</run_address>
         <size>0x8</size>
         <input_file_ref idref="fl-33"/>
      </object_component>
      <object_component id="oc-5fb">
         <name>.text</name>
         <load_address>0xce15</load_address>
         <run_address>0xce15</run_address>
         <size>0x8</size>
         <input_file_ref idref="fl-5"/>
      </object_component>
      <object_component id="oc-720">
         <name>.text</name>
         <load_address>0xce1d</load_address>
         <run_address>0xce1d</run_address>
         <size>0x7</size>
         <input_file_ref idref="fl-38"/>
      </object_component>
      <object_component id="oc-5f5">
         <name>.text:decompress:ZI</name>
         <load_address>0xce24</load_address>
         <run_address>0xce24</run_address>
         <size>0x6</size>
         <input_file_ref idref="fl-32"/>
      </object_component>
      <object_component id="oc-7fd">
         <name>.text:InitSysCtrl</name>
         <load_address>0xce2a</load_address>
         <run_address>0xce2a</run_address>
         <size>0x5</size>
         <input_file_ref idref="fl-e"/>
      </object_component>
      <object_component id="oc-9a8">
         <name>.cinit.RAMGS0.load</name>
         <load_address>0x10200</load_address>
         <run_address>0x10200</run_address>
         <size>0x11</size>
      </object_component>
      <object_component id="oc-9a3">
         <name>.cinit..data.load</name>
         <load_address>0x10211</load_address>
         <run_address>0x10211</run_address>
         <size>0x8</size>
      </object_component>
      <object_component id="oc-9a1">
         <name>__TI_handler_table</name>
         <load_address>0x1021a</load_address>
         <run_address>0x1021a</run_address>
         <size>0x6</size>
      </object_component>
      <object_component id="oc-9a6">
         <name>.cinit..bss_cla.load</name>
         <load_address>0x10220</load_address>
         <run_address>0x10220</run_address>
         <size>0x4</size>
      </object_component>
      <object_component id="oc-9a5">
         <name>.cinit..scratchpad.load</name>
         <load_address>0x10224</load_address>
         <run_address>0x10224</run_address>
         <size>0x4</size>
      </object_component>
      <object_component id="oc-9a4">
         <name>.cinit.CLADataLS0.load</name>
         <load_address>0x10228</load_address>
         <run_address>0x10228</run_address>
         <size>0x4</size>
      </object_component>
      <object_component id="oc-9a7">
         <name>.cinit.PieVectTableFile.load</name>
         <load_address>0x1022c</load_address>
         <run_address>0x1022c</run_address>
         <size>0x4</size>
      </object_component>
      <object_component id="oc-9a9">
         <name>.cinit.RAMGS1.load</name>
         <load_address>0x10230</load_address>
         <run_address>0x10230</run_address>
         <size>0x4</size>
      </object_component>
      <object_component id="oc-9a2">
         <name>__TI_cinit_table</name>
         <load_address>0x10234</load_address>
         <run_address>0x10234</run_address>
         <size>0x1c</size>
      </object_component>
      <object_component id="oc-5e4">
         <name>.stack</name>
         <uninitialized>true</uninitialized>
         <run_address>0x400</run_address>
         <size>0x0</size>
         <input_file_ref idref="fl-2e"/>
      </object_component>
      <object_component id="oc-9aa">
         <name>.stack</name>
         <uninitialized>true</uninitialized>
         <run_address>0x400</run_address>
         <size>0x0</size>
      </object_component>
      <object_component id="oc-113">
         <name>.const</name>
         <load_address>0x10040</load_address>
         <run_address>0x10040</run_address>
         <size>0x1c0</size>
         <input_file_ref idref="fl-b"/>
      </object_component>
      <object_component id="oc-7dd">
         <name>.data</name>
         <load_address>0x10000</load_address>
         <run_address>0x10000</run_address>
         <size>0x6</size>
         <input_file_ref idref="fl-35"/>
      </object_component>
      <object_component id="oc-7e0">
         <name>.data:_lock</name>
         <load_address>0x10006</load_address>
         <run_address>0x10006</run_address>
         <size>0x2</size>
         <input_file_ref idref="fl-36"/>
      </object_component>
      <object_component id="oc-8a1">
         <name>.data:_unlock</name>
         <load_address>0x10008</load_address>
         <run_address>0x10008</run_address>
         <size>0x2</size>
         <input_file_ref idref="fl-36"/>
      </object_component>
      <object_component id="oc-604">
         <name>Cla1Prog:Cla1Task1</name>
         <load_address>0x8800</load_address>
         <run_address>0x8800</run_address>
         <size>0x912</size>
         <input_file_ref idref="fl-3"/>
      </object_component>
      <object_component id="oc-62e">
         <name>Cla1Prog:Cla1Task8</name>
         <load_address>0x9112</load_address>
         <run_address>0x9112</run_address>
         <size>0x3e2</size>
         <input_file_ref idref="fl-3"/>
      </object_component>
      <object_component id="oc-60a">
         <name>Cla1Prog:Cla1Task2</name>
         <load_address>0x94f4</load_address>
         <run_address>0x94f4</run_address>
         <size>0x8</size>
         <input_file_ref idref="fl-3"/>
      </object_component>
      <object_component id="oc-610">
         <name>Cla1Prog:Cla1Task3</name>
         <load_address>0x94fc</load_address>
         <run_address>0x94fc</run_address>
         <size>0x8</size>
         <input_file_ref idref="fl-3"/>
      </object_component>
      <object_component id="oc-616">
         <name>Cla1Prog:Cla1Task4</name>
         <load_address>0x9504</load_address>
         <run_address>0x9504</run_address>
         <size>0x8</size>
         <input_file_ref idref="fl-3"/>
      </object_component>
      <object_component id="oc-61c">
         <name>Cla1Prog:Cla1Task5</name>
         <load_address>0x950c</load_address>
         <run_address>0x950c</run_address>
         <size>0x8</size>
         <input_file_ref idref="fl-3"/>
      </object_component>
      <object_component id="oc-622">
         <name>Cla1Prog:Cla1Task6</name>
         <load_address>0x9514</load_address>
         <run_address>0x9514</run_address>
         <size>0x8</size>
         <input_file_ref idref="fl-3"/>
      </object_component>
      <object_component id="oc-628">
         <name>Cla1Prog:Cla1Task7</name>
         <load_address>0x951c</load_address>
         <run_address>0x951c</run_address>
         <size>0x8</size>
         <input_file_ref idref="fl-3"/>
      </object_component>
      <object_component id="oc-736">
         <name>CLADataLS0</name>
         <uninitialized>true</uninitialized>
         <run_address>0x8000</run_address>
         <size>0x2aa</size>
         <input_file_ref idref="fl-3"/>
      </object_component>
      <object_component id="oc-742">
         <name>Cla1ToCpuMsgRAM</name>
         <uninitialized>true</uninitialized>
         <run_address>0x1480</run_address>
         <size>0x20</size>
         <input_file_ref idref="fl-3"/>
      </object_component>
      <object_component id="oc-733">
         <name>CpuToCla1MsgRAM</name>
         <uninitialized>true</uninitialized>
         <run_address>0x1500</run_address>
         <size>0x24</size>
         <input_file_ref idref="fl-3"/>
      </object_component>
      <object_component id="oc-745">
         <name>.scratchpad:Cla1Prog:Cla1Task1</name>
         <uninitialized>true</uninitialized>
         <run_address>0x83ba</run_address>
         <size>0x6</size>
         <input_file_ref idref="fl-3"/>
      </object_component>
      <object_component id="oc-73f">
         <name>.bss_cla:filter_Ihv</name>
         <uninitialized>true</uninitialized>
         <run_address>0x83aa</run_address>
         <size>0xc</size>
         <input_file_ref idref="fl-3"/>
      </object_component>
      <object_component id="oc-730">
         <name>.bss_cla</name>
         <uninitialized>true</uninitialized>
         <run_address>0x83b6</run_address>
         <size>0x4</size>
         <input_file_ref idref="fl-3"/>
      </object_component>
      <object_component id="oc-88b">
         <name>.TI.ramfunc</name>
         <load_address>0x1b1</load_address>
         <run_address>0x1b1</run_address>
         <size>0x4</size>
         <input_file_ref idref="fl-f"/>
      </object_component>
      <object_component id="oc-637">
         <name>PieVectTableFile</name>
         <uninitialized>true</uninitialized>
         <run_address>0xd00</run_address>
         <size>0x1c0</size>
         <input_file_ref idref="fl-8"/>
      </object_component>
      <object_component id="oc-872">
         <name>AdcaRegsFile</name>
         <uninitialized>true</uninitialized>
         <run_address>0x7400</run_address>
         <size>0x7c</size>
         <input_file_ref idref="fl-8"/>
      </object_component>
      <object_component id="oc-877">
         <name>AdccRegsFile</name>
         <uninitialized>true</uninitialized>
         <run_address>0x7500</run_address>
         <size>0x7c</size>
         <input_file_ref idref="fl-8"/>
      </object_component>
      <object_component id="oc-739">
         <name>AdcaResultRegsFile</name>
         <uninitialized>true</uninitialized>
         <run_address>0xb00</run_address>
         <size>0x18</size>
         <input_file_ref idref="fl-8"/>
      </object_component>
      <object_component id="oc-73c">
         <name>AdccResultRegsFile</name>
         <uninitialized>true</uninitialized>
         <run_address>0xb40</run_address>
         <size>0x18</size>
         <input_file_ref idref="fl-8"/>
      </object_component>
      <object_component id="oc-634">
         <name>Cla1RegsFile</name>
         <uninitialized>true</uninitialized>
         <run_address>0x1400</run_address>
         <size>0x48</size>
         <input_file_ref idref="fl-8"/>
      </object_component>
      <object_component id="oc-845">
         <name>Cmpss1RegsFile</name>
         <uninitialized>true</uninitialized>
         <run_address>0x5c80</run_address>
         <size>0x1b</size>
         <input_file_ref idref="fl-8"/>
      </object_component>
      <object_component id="oc-842">
         <name>Cmpss2RegsFile</name>
         <uninitialized>true</uninitialized>
         <run_address>0x5ca0</run_address>
         <size>0x1b</size>
         <input_file_ref idref="fl-8"/>
      </object_component>
      <object_component id="oc-848">
         <name>Cmpss4RegsFile</name>
         <uninitialized>true</uninitialized>
         <run_address>0x5ce0</run_address>
         <size>0x1b</size>
         <input_file_ref idref="fl-8"/>
      </object_component>
      <object_component id="oc-83f">
         <name>Cmpss5RegsFile</name>
         <uninitialized>true</uninitialized>
         <run_address>0x5d00</run_address>
         <size>0x1b</size>
         <input_file_ref idref="fl-8"/>
      </object_component>
      <object_component id="oc-833">
         <name>CpuSysRegsFile</name>
         <uninitialized>true</uninitialized>
         <run_address>0x5d300</run_address>
         <size>0x9c</size>
         <input_file_ref idref="fl-8"/>
      </object_component>
      <object_component id="oc-836">
         <name>DmaClaSrcSelRegsFile</name>
         <uninitialized>true</uninitialized>
         <run_address>0x7980</run_address>
         <size>0x1a</size>
         <input_file_ref idref="fl-8"/>
      </object_component>
      <object_component id="oc-74c">
         <name>EPwm7RegsFile</name>
         <uninitialized>true</uninitialized>
         <run_address>0x4600</run_address>
         <size>0x100</size>
         <input_file_ref idref="fl-8"/>
      </object_component>
[...]
      <symbol id="sm-94c">
         <name>USER6_ISR</name>
         <value>0xcda0</value>
         <object_component_ref idref="oc-158"/>
      </symbol>
      <symbol id="sm-94d">
         <name>CLA1_2_ISR</name>
         <value>0xc72a</value>
         <object_component_ref idref="oc-350"/>
      </symbol>
      <symbol id="sm-94e">
         <name>ECAT_ISR</name>
         <value>0xc8fa</value>
         <object_component_ref idref="oc-3b6"/>
      </symbol>
      <symbol id="sm-94f">
         <name>USER8_ISR</name>
         <value>0xcdb4</value>
         <object_component_ref idref="oc-164"/>
      </symbol>
      <symbol id="sm-950">
         <name>CM_STATUS_ISR</name>
         <value>0xc828</value>
         <object_component_ref idref="oc-542"/>
      </symbol>
      <symbol id="sm-951">
         <name>MCBSPB_RX_ISR</name>
         <value>0xcbca</value>
         <object_component_ref idref="oc-28a"/>
      </symbol>
      <symbol id="sm-952">
         <name>MCBSPB_TX_ISR</name>
         <value>0xcbd4</value>
         <object_component_ref idref="oc-290"/>
      </symbol>
      <symbol id="sm-953">
         <name>CLB4_ISR</name>
         <value>0xc7a2</value>
         <object_component_ref idref="oc-260"/>
      </symbol>
      <symbol id="sm-954">
         <name>SPIB_RX_ISR</name>
         <value>0xcce2</value>
         <object_component_ref idref="oc-272"/>
      </symbol>
      <symbol id="sm-955">
         <name>SPIB_TX_ISR</name>
         <value>0xccec</value>
         <object_component_ref idref="oc-278"/>
      </symbol>
      <symbol id="sm-956">
         <name>ECAP3_ISR</name>
         <value>0xc896</value>
         <object_component_ref idref="oc-21e"/>
      </symbol>
      <symbol id="sm-957">
         <name>EPWM16_TZ_ISR</name>
         <value>0xc990</value>
         <object_component_ref idref="oc-3fe"/>
      </symbol>
      <symbol id="sm-958">
         <name>EPWM13_TZ_ISR</name>
         <value>0xc954</value>
         <object_component_ref idref="oc-3ec"/>
      </symbol>
      <symbol id="sm-959">
         <name>EPWM1_ISR</name>
         <value>0xc99a</value>
         <object_component_ref idref="oc-1e2"/>
      </symbol>
      <symbol id="sm-95a">
         <name>CIPC3_ISR</name>
         <value>0xc70c</value>
         <object_component_ref idref="oc-3ce"/>
      </symbol>
      <symbol id="sm-95b">
         <name>DMA_CH2_ISR</name>
         <value>0xc850</value>
         <object_component_ref idref="oc-29c"/>
      </symbol>
      <symbol id="sm-95c">
         <name>USER12_ISR</name>
         <value>0xcd64</value>
         <object_component_ref idref="oc-17c"/>
      </symbol>
      <symbol id="sm-95d">
         <name>CMTOCPUXIPC0_ISR</name>
         <value>0xc7d4</value>
         <object_component_ref idref="oc-57e"/>
      </symbol>
      <symbol id="sm-95e">
         <name>EPWM16_ISR</name>
         <value>0xc986</value>
         <object_component_ref idref="oc-42e"/>
      </symbol>
      <symbol id="sm-95f">
         <name>XINT3_ISR</name>
         <value>0xcde6</value>
         <object_component_ref idref="oc-37a"/>
      </symbol>
      <symbol id="sm-960">
         <name>USER1_ISR</name>
         <value>0xcd6e</value>
         <object_component_ref idref="oc-13a"/>
      </symbol>
      <symbol id="sm-961">
         <name>CLA1_3_ISR</name>
         <value>0xc734</value>
         <object_component_ref idref="oc-356"/>
      </symbol>
      <symbol id="sm-962">
         <name>I2CA_ISR</name>
         <value>0xcb66</value>
         <object_component_ref idref="oc-2ba"/>
      </symbol>
      <symbol id="sm-963">
         <name>CANA0_ISR</name>
         <value>0xc6c6</value>
         <object_component_ref idref="oc-302"/>
      </symbol>
      <symbol id="sm-964">
         <name>CANB0_ISR</name>
         <value>0xc6da</value>
         <object_component_ref idref="oc-30e"/>
      </symbol>
      <symbol id="sm-965">
         <name>CLB5_ISR</name>
         <value>0xc7ac</value>
         <object_component_ref idref="oc-50c"/>
      </symbol>
      <symbol id="sm-966">
         <name>ECAP7_2_ISR</name>
         <value>0xc8c8</value>
         <object_component_ref idref="oc-5b4"/>
      </symbol>
      <symbol id="sm-967">
         <name>FSIRXA1_ISR</name>
         <value>0xca8a</value>
         <object_component_ref idref="oc-44c"/>
      </symbol>
      <symbol id="sm-968">
         <name>EPWM1_TZ_ISR</name>
         <value>0xc9a4</value>
         <object_component_ref idref="oc-1b2"/>
      </symbol>
      <symbol id="sm-969">
         <name>FSIRXB1_ISR</name>
         <value>0xca9e</value>
         <object_component_ref idref="oc-458"/>
      </symbol>
      <symbol id="sm-96a">
         <name>FSIRXC1_ISR</name>
         <value>0xcab2</value>
         <object_component_ref idref="oc-4c4"/>
      </symbol>
      <symbol id="sm-96b">
         <name>FSIRXD1_ISR</name>
         <value>0xcac6</value>
         <object_component_ref idref="oc-4d0"/>
      </symbol>
      <symbol id="sm-96c">
         <name>I2CA_FIFO_ISR</name>
         <value>0xcb52</value>
         <object_component_ref idref="oc-2c0"/>
      </symbol>
      <symbol id="sm-96d">
         <name>FSIRXE1_ISR</name>
         <value>0xcada</value>
         <object_component_ref idref="oc-4dc"/>
      </symbol>
      <symbol id="sm-96e">
         <name>FSIRXF1_ISR</name>
         <value>0xcaee</value>
         <object_component_ref idref="oc-4e8"/>
      </symbol>
      <symbol id="sm-96f">
         <name>FSIRXG1_ISR</name>
         <value>0xcb02</value>
         <object_component_ref idref="oc-4f4"/>
      </symbol>
      <symbol id="sm-970">
         <name>FSIRXH1_ISR</name>
         <value>0xcb16</value>
         <object_component_ref idref="oc-500"/>
      </symbol>
      <symbol id="sm-971">
         <name>EPWM2_ISR</name>
         <value>0xc9ae</value>
         <object_component_ref idref="oc-1e8"/>
      </symbol>
      <symbol id="sm-972">
         <name>USBA_ISR</name>
         <value>0xcd46</value>
         <object_component_ref idref="oc-548"/>
      </symbol>
      <symbol id="sm-973">
         <name>SDFM1DR4_ISR</name>
         <value>0xcc88</value>
         <object_component_ref idref="oc-48e"/>
      </symbol>
      <symbol id="sm-974">
         <name>ADCD_EVT_ISR</name>
         <value>0xc6bc</value>
         <object_component_ref idref="oc-566"/>
      </symbol>
      <symbol id="sm-975">
         <name>DMA_CH3_ISR</name>
         <value>0xc85a</value>
         <object_component_ref idref="oc-2a2"/>
      </symbol>
      <symbol id="sm-976">
         <name>FMC_ISR</name>
         <value>0xca6c</value>
         <object_component_ref idref="oc-392"/>
      </symbol>
      <symbol id="sm-977">
         <name>ADCC_EVT_ISR</name>
         <value>0xc68a</value>
         <object_component_ref idref="oc-54e"/>
      </symbol>
      <symbol id="sm-978">
         <name>EPWM11_ISR</name>
         <value>0xc922</value>
         <object_component_ref idref="oc-410"/>
      </symbol>
      <symbol id="sm-979">
         <name>DATALOG_ISR</name>
         <value>0xc83c</value>
         <object_component_ref idref="oc-11c"/>
      </symbol>
      <symbol id="sm-97a">
         <name>XINT2_ISR</name>
         <value>0xcddc</value>
         <object_component_ref idref="oc-19a"/>
      </symbol>
      <symbol id="sm-97b">
         <name>MCANA_0_ISR</name>
         <value>0xcb8e</value>
         <object_component_ref idref="oc-524"/>
      </symbol>
      <symbol id="sm-97c">
         <name>PIE_RESERVED_ISR</name>
         <value>0xcbfc</value>
         <object_component_ref idref="oc-5d2"/>
      </symbol>
      <symbol id="sm-97d">
         <name>SCIB_RX_ISR</name>
         <value>0xcc2e</value>
         <object_component_ref idref="oc-2f6"/>
      </symbol>
      <symbol id="sm-97e">
         <name>SCIB_TX_ISR</name>
         <value>0xcc38</value>
         <object_component_ref idref="oc-2fc"/>
      </symbol>
      <symbol id="sm-97f">
         <name>I2CB_ISR</name>
         <value>0xcb7a</value>
         <object_component_ref idref="oc-2c6"/>
      </symbol>
      <symbol id="sm-980">
         <name>CANA1_ISR</name>
         <value>0xc6d0</value>
         <object_component_ref idref="oc-308"/>
      </symbol>
      <symbol id="sm-981">
         <name>SPIC_RX_ISR</name>
         <value>0xccf6</value>
         <object_component_ref idref="oc-494"/>
      </symbol>
      <symbol id="sm-982">
         <name>CANB1_ISR</name>
         <value>0xc6e4</value>
         <object_component_ref idref="oc-314"/>
      </symbol>
      <symbol id="sm-983">
         <name>CPUCRC_ISR</name>
         <value>0xc832</value>
         <object_component_ref idref="oc-5ba"/>
      </symbol>
      <symbol id="sm-984">
         <name>CLB6_ISR</name>
         <value>0xc7b6</value>
         <object_component_ref idref="oc-512"/>
      </symbol>
      <symbol id="sm-985">
         <name>SPIC_TX_ISR</name>
         <value>0xcd00</value>
         <object_component_ref idref="oc-49a"/>
      </symbol>
      <symbol id="sm-986">
         <name>EPWM15_TZ_ISR</name>
         <value>0xc97c</value>
         <object_component_ref idref="oc-3f8"/>
      </symbol>
      <symbol id="sm-987">
         <name>FSIRXA2_ISR</name>
         <value>0xca94</value>
         <object_component_ref idref="oc-452"/>
      </symbol>
      <symbol id="sm-988">
         <name>FSIRXB2_ISR</name>
         <value>0xcaa8</value>
         <object_component_ref idref="oc-45e"/>
      </symbol>
      <symbol id="sm-989">
         <name>EPWM12_TZ_ISR</name>
         <value>0xc940</value>
         <object_component_ref idref="oc-3e6"/>
      </symbol>
      <symbol id="sm-98a">
         <name>FSIRXC2_ISR</name>
         <value>0xcabc</value>
         <object_component_ref idref="oc-4ca"/>
      </symbol>
      <symbol id="sm-98b">
         <name>ILLEGAL_ISR</name>
         <value>0xcb84</value>
         <object_component_ref idref="oc-134"/>
      </symbol>
      <symbol id="sm-98c">
         <name>FSIRXD2_ISR</name>
         <value>0xcad0</value>
         <object_component_ref idref="oc-4d6"/>
      </symbol>
      <symbol id="sm-98d">
         <name>FSIRXE2_ISR</name>
         <value>0xcae4</value>
         <object_component_ref idref="oc-4e2"/>
      </symbol>
      <symbol id="sm-98e">
         <name>FSIRXF2_ISR</name>
         <value>0xcaf8</value>
         <object_component_ref idref="oc-4ee"/>
      </symbol>
      <symbol id="sm-98f">
         <name>FSIRXG2_ISR</name>
         <value>0xcb0c</value>
         <object_component_ref idref="oc-4fa"/>
      </symbol>
      <symbol id="sm-990">
         <name>FSIRXH2_ISR</name>
         <value>0xcb20</value>
         <object_component_ref idref="oc-506"/>
      </symbol>
      <symbol id="sm-991">
         <name>EPWM3_ISR</name>
         <value>0xc9c2</value>
         <object_component_ref idref="oc-1ee"/>
      </symbol>
      <symbol id="sm-992">
         <name>I2CA_HIGH_ISR</name>
         <value>0xcb5c</value>
         <object_component_ref idref="oc-3a4"/>
      </symbol>
      <symbol id="sm-993">
         <name>FPU_UFLOW_ISR</name>
         <value>0xca80</value>
         <object_component_ref idref="oc-39e"/>
      </symbol>
      <symbol id="sm-994">
         <name>TIMER0_ISR</name>
         <value>0xcd28</value>
         <object_component_ref idref="oc-1a6"/>
      </symbol>
      <symbol id="sm-995">
         <name>EPWM10_ISR</name>
         <value>0xc90e</value>
         <object_component_ref idref="oc-40a"/>
      </symbol>
      <symbol id="sm-996">
         <name>USER3_ISR</name>
         <value>0xcd82</value>
         <object_component_ref idref="oc-146"/>
      </symbol>
      <symbol id="sm-997">
         <name>MCANA_1_ISR</name>
         <value>0xcb98</value>
         <object_component_ref idref="oc-52a"/>
      </symbol>
      <symbol id="sm-9fc">
         <name>EPwm10Regs</name>
         <value>0x4900</value>
         <object_component_ref idref="oc-749"/>
      </symbol>
      <symbol id="sm-9fd">
         <name>AdccRegs</name>
         <value>0x7500</value>
         <object_component_ref idref="oc-877"/>
      </symbol>
      <symbol id="sm-9fe">
         <name>Cla1Regs</name>
         <value>0x1400</value>
         <object_component_ref idref="oc-634"/>
      </symbol>
      <symbol id="sm-9ff">
         <name>PieVectTable</name>
         <value>0xd00</value>
         <object_component_ref idref="oc-637"/>
      </symbol>
      <symbol id="sm-a00">
         <name>DmaClaSrcSelRegs</name>
         <value>0x7980</value>
         <object_component_ref idref="oc-836"/>
      </symbol>
      <symbol id="sm-a01">
         <name>Cmpss4Regs</name>
         <value>0x5ce0</value>
         <object_component_ref idref="oc-848"/>
      </symbol>
      <symbol id="sm-a02">
         <name>MemCfgRegs</name>
         <value>0x5f400</value>
         <object_component_ref idref="oc-887"/>
      </symbol>
      <symbol id="sm-a03">
         <name>CpuSysRegs</name>
         <value>0x5d300</value>
         <object_component_ref idref="oc-833"/>
      </symbol>
      <symbol id="sm-a04">
         <name>Cmpss5Regs</name>
         <value>0x5d00</value>
         <object_component_ref idref="oc-83f"/>
      </symbol>
      <symbol id="sm-a05">
         <name>EPwm8Regs</name>
         <value>0x4700</value>
         <object_component_ref idref="oc-74f"/>
      </symbol>
      <symbol id="sm-a06">
         <name>Cmpss2Regs</name>
         <value>0x5ca0</value>
         <object_component_ref idref="oc-842"/>
      </symbol>
      <symbol id="sm-a07">
         <name>EPwm7Regs</name>
         <value>0x4600</value>
         <object_component_ref idref="oc-74c"/>
      </symbol>
      <symbol id="sm-a08">
         <name>EPwm9Regs</name>
         <value>0x4800</value>
         <object_component_ref idref="oc-746"/>
      </symbol>
      <symbol id="sm-a09">
         <name>AdcaResultRegs</name>
         <value>0xb00</value>
         <object_component_ref idref="oc-739"/>
      </symbol>
      <symbol id="sm-a0a">
         <name>AdccResultRegs</name>
         <value>0xb40</value>
         <object_component_ref idref="oc-73c"/>
      </symbol>
      <symbol id="sm-a0b">
         <name>PieCtrlRegs</name>
         <value>0xce0</value>
         <object_component_ref idref="oc-601"/>
      </symbol>
      <symbol id="sm-a0c">
         <name>WdRegs</name>
         <value>0x7000</value>
         <object_component_ref idref="oc-8ae"/>
      </symbol>
      <symbol id="sm-a0d">
         <name>Cmpss1Regs</name>
         <value>0x5c80</value>
         <object_component_ref idref="oc-845"/>
      </symbol>
      <symbol id="sm-a0e">
         <name>AdcaRegs</name>
         <value>0x7400</value>
         <object_component_ref idref="oc-872"/>
      </symbol>
      <symbol id="sm-a1c">
         <name>InitPieCtrl</name>
         <value>0xc4f1</value>
         <object_component_ref idref="oc-81b"/>
      </symbol>
      <symbol id="sm-a30">
         <name>InitPieVectTable</name>
         <value>0xc4cc</value>
         <object_component_ref idref="oc-821"/>
      </symbol>
      <symbol id="sm-a31">
         <name>PieVectTableInit</name>
         <value>0x10040</value>
         <object_component_ref idref="oc-113"/>
      </symbol>
      <symbol id="sm-a4e">
         <name>InitPeripheralClocks</name>
         <value>0x355</value>
         <object_component_ref idref="oc-86a"/>
      </symbol>
      <symbol id="sm-a4f">
         <name>InitSysCtrl</name>
         <value>0xce2a</value>
         <object_component_ref idref="oc-7fd"/>
      </symbol>
      <symbol id="sm-a50">
         <name>DisableDog</name>
         <value>0xc5d8</value>
         <object_component_ref idref="oc-864"/>
      </symbol>
      <symbol id="sm-a58">
         <name>F28x_usDelay</name>
         <value>0x1b1</value>
         <object_component_ref idref="oc-88b"/>
      </symbol>
      <symbol id="sm-a70">
         <name>Init_ADC_C</name>
         <value>0xc35c</value>
         <object_component_ref idref="oc-809"/>
      </symbol>
      <symbol id="sm-a71">
         <name>Init_ADC_A</name>
         <value>0xc2f6</value>
         <object_component_ref idref="oc-803"/>
      </symbol>
      <symbol id="sm-a7f">
         <name>PWM_VFDAB</name>
         <value>0x1b5</value>
         <object_component_ref idref="oc-80f"/>
      </symbol>
      <symbol id="sm-a89">
         <name>_c_int00</name>
         <value>0xc52d</value>
         <object_component_ref idref="oc-727"/>
      </symbol>
      <symbol id="sm-a8a">
         <name>__stack</name>
         <value>0x400</value>
         <object_component_ref idref="oc-5e4"/>
      </symbol>
      <symbol id="sm-a98">
         <name>_system_pre_init</name>
         <value>0x3fe</value>
         <object_component_ref idref="oc-770"/>
      </symbol>
      <symbol id="sm-aa7">
         <name>__TI_auto_init_nobinit_nopinit</name>
         <value>0xc478</value>
         <object_component_ref idref="oc-7a5"/>
      </symbol>
      <symbol id="sm-ab4">
         <name>__TI_zero_init</name>
         <value>0xce24</value>
         <object_component_ref idref="oc-5f5"/>
      </symbol>
      <symbol id="sm-ac1">
         <name>__TI_decompress_none</name>
         <value>0xce0d</value>
         <object_component_ref idref="oc-ca"/>
      </symbol>
      <symbol id="sm-ad5">
         <name>__TI_decompress_lzss</name>
         <value>0xc448</value>
         <object_component_ref idref="oc-c4"/>
      </symbol>
      <symbol id="sm-aeb">
         <name>C$$EXIT</name>
         <value>0xc4a3</value>
         <object_component_ref idref="oc-77d"/>
      </symbol>
      <symbol id="sm-aec">
         <name>abort</name>
         <value>0xc4a3</value>
         <object_component_ref idref="oc-77d"/>
      </symbol>
      <symbol id="sm-aed">
         <name>exit</name>
         <value>0xc4a5</value>
         <object_component_ref idref="oc-77d"/>
      </symbol>
      <symbol id="sm-aee">
         <name>__TI_dtors_ptr</name>
         <value>0x10004</value>
         <object_component_ref idref="oc-7dd"/>
      </symbol>
      <symbol id="sm-aef">
         <name>__TI_cleanup_ptr</name>
         <value>0x10002</value>
         <object_component_ref idref="oc-7dd"/>
      </symbol>
      <symbol id="sm-af0">
         <name>__TI_enable_exit_profile_output</name>
         <value>0x10000</value>
         <object_component_ref idref="oc-7dd"/>
      </symbol>
      <symbol id="sm-b07">
         <name>_nop</name>
         <value>0xce0c</value>
         <object_component_ref idref="oc-851"/>
      </symbol>
      <symbol id="sm-b08">
         <name>_lock</name>
         <value>0x10006</value>
         <object_component_ref idref="oc-7e0"/>
      </symbol>
      <symbol id="sm-b09">
         <name>_unlock</name>
         <value>0x10008</value>
         <object_component_ref idref="oc-8a1"/>
      </symbol>
      <symbol id="sm-b0a">
         <name>_register_lock</name>
         <value>0xce08</value>
         <object_component_ref idref="oc-851"/>
      </symbol>
      <symbol id="sm-b0b">
         <name>_register_unlock</name>
         <value>0xce04</value>
         <object_component_ref idref="oc-851"/>
      </symbol>
      <symbol id="sm-b1a">
         <name>_args_main</name>
         <value>0xc5f2</value>
         <object_component_ref idref="oc-777"/>
      </symbol>
      <symbol id="sm-b29">
         <name>memset</name>
         <value>0xce1d</value>
         <object_component_ref idref="oc-720"/>
      </symbol>
      <symbol id="sm-b3c">
         <name>memcpy</name>
         <value>0xc510</value>
         <object_component_ref idref="oc-5e7"/>
      </symbol>
      <symbol id="sm-b49">
         <name>_system_post_cinit</name>
         <value>0xc7fc</value>
         <object_component_ref idref="oc-7e8"/>
      </symbol>
      <symbol id="sm-b4b">
         <name>__c_args__</name>
         <value>0x0</value>
      </symbol>
   </symbol_table>
   <title>Link successful</title>
</link_info>
