<?xml version="1.0" encoding="ISO-8859-1" ?>
<link_info>
   <banner>TMS320C2000 Linker PC v22.6.1.LTS</banner>
   <copyright>Copyright (c) 1996-2018 Texas Instruments Incorporated</copyright>
   <link_time>0x68850388</link_time>
   <link_errors>0x0</link_errors>
   <output_file>sdfm_ex1_filter_sync_cla_cpu2.out</output_file>
   <entry_point>
      <name>code_start</name>
      <address>0x0</address>
   </entry_point>
   <input_file_list>
      <input_file id="fl-2">
         <path>.\</path>
         <kind>object</kind>
         <file>f2838x_adc.obj</file>
         <name>f2838x_adc.obj</name>
      </input_file>
      <input_file id="fl-3">
         <path>.\</path>
         <kind>object</kind>
         <file>f2838x_codestartbranch.obj</file>
         <name>f2838x_codestartbranch.obj</name>
      </input_file>
      <input_file id="fl-4">
         <path>.\</path>
         <kind>object</kind>
         <file>f2838x_cputimers.obj</file>
         <name>f2838x_cputimers.obj</name>
      </input_file>
      <input_file id="fl-5">
         <path>.\</path>
         <kind>object</kind>
         <file>f2838x_defaultisr.obj</file>
         <name>f2838x_defaultisr.obj</name>
      </input_file>
      <input_file id="fl-6">
         <path>.\</path>
         <kind>object</kind>
         <file>f2838x_globalvariabledefs.obj</file>
         <name>f2838x_globalvariabledefs.obj</name>
      </input_file>
      <input_file id="fl-7">
         <path>.\</path>
         <kind>object</kind>
         <file>f2838x_gpio.obj</file>
         <name>f2838x_gpio.obj</name>
      </input_file>
      <input_file id="fl-8">
         <path>.\</path>
         <kind>object</kind>
         <file>f2838x_piectrl.obj</file>
         <name>f2838x_piectrl.obj</name>
      </input_file>
      <input_file id="fl-9">
         <path>.\</path>
         <kind>object</kind>
         <file>f2838x_pievect.obj</file>
         <name>f2838x_pievect.obj</name>
      </input_file>
      <input_file id="fl-a">
         <path>.\</path>
         <kind>object</kind>
         <file>f2838x_sdfm_drivers.obj</file>
         <name>f2838x_sdfm_drivers.obj</name>
      </input_file>
      <input_file id="fl-b">
         <path>.\</path>
         <kind>object</kind>
         <file>f2838x_struct.obj</file>
         <name>f2838x_struct.obj</name>
      </input_file>
      <input_file id="fl-c">
         <path>.\</path>
         <kind>object</kind>
         <file>f2838x_sysctrl.obj</file>
         <name>f2838x_sysctrl.obj</name>
      </input_file>
      <input_file id="fl-d">
         <path>.\</path>
         <kind>object</kind>
         <file>f2838x_usdelay.obj</file>
         <name>f2838x_usdelay.obj</name>
      </input_file>
      <input_file id="fl-e">
         <path>.\</path>
         <kind>object</kind>
         <file>sdfm_ex1_filter_cla_sync_cpu2.obj</file>
         <name>sdfm_ex1_filter_cla_sync_cpu2.obj</name>
      </input_file>
      <input_file id="fl-f">
         <path>.\</path>
         <kind>object</kind>
         <file>sdfm_ex1_filter_sync_cla_cpu2.obj</file>
         <name>sdfm_ex1_filter_sync_cla_cpu2.obj</name>
      </input_file>
      <input_file id="fl-14">
         <kind>object</kind>
         <file>&lt;internal&gt;</file>
         <name>&lt;internal&gt;</name>
      </input_file>
      <input_file id="fl-20">
         <path>C:\ti\ccs1250\ccs\tools\compiler\ti-cgt-c2000_22.6.1.LTS\lib\</path>
         <kind>archive</kind>
         <file>rts2800_fpu64_eabi.lib</file>
         <name>boot28.asm.obj</name>
      </input_file>
      <input_file id="fl-21">
         <path>C:\ti\ccs1250\ccs\tools\compiler\ti-cgt-c2000_22.6.1.LTS\lib\</path>
         <kind>archive</kind>
         <file>rts2800_fpu64_eabi.lib</file>
         <name>ll_cmp28.asm.obj</name>
      </input_file>
      <input_file id="fl-22">
         <path>C:\ti\ccs1250\ccs\tools\compiler\ti-cgt-c2000_22.6.1.LTS\lib\</path>
         <kind>archive</kind>
         <file>rts2800_fpu64_eabi.lib</file>
         <name>pre_init.c.obj</name>
      </input_file>
      <input_file id="fl-23">
         <path>C:\ti\ccs1250\ccs\tools\compiler\ti-cgt-c2000_22.6.1.LTS\lib\</path>
         <kind>archive</kind>
         <file>rts2800_fpu64_eabi.lib</file>
         <name>autoinit.c.obj</name>
      </input_file>
      <input_file id="fl-24">
         <path>C:\ti\ccs1250\ccs\tools\compiler\ti-cgt-c2000_22.6.1.LTS\lib\</path>
         <kind>archive</kind>
         <file>rts2800_fpu64_eabi.lib</file>
         <name>copy_zero_init.c.obj</name>
      </input_file>
      <input_file id="fl-25">
         <path>C:\ti\ccs1250\ccs\tools\compiler\ti-cgt-c2000_22.6.1.LTS\lib\</path>
         <kind>archive</kind>
         <file>rts2800_fpu64_eabi.lib</file>
         <name>copy_decompress_none.c.obj</name>
      </input_file>
      <input_file id="fl-26">
         <path>C:\ti\ccs1250\ccs\tools\compiler\ti-cgt-c2000_22.6.1.LTS\lib\</path>
         <kind>archive</kind>
         <file>rts2800_fpu64_eabi.lib</file>
         <name>copy_decompress_lzss.c.obj</name>
      </input_file>
      <input_file id="fl-27">
         <path>C:\ti\ccs1250\ccs\tools\compiler\ti-cgt-c2000_22.6.1.LTS\lib\</path>
         <kind>archive</kind>
         <file>rts2800_fpu64_eabi.lib</file>
         <name>exit.c.obj</name>
      </input_file>
      <input_file id="fl-28">
         <path>C:\ti\ccs1250\ccs\tools\compiler\ti-cgt-c2000_22.6.1.LTS\lib\</path>
         <kind>archive</kind>
         <file>rts2800_fpu64_eabi.lib</file>
         <name>_lock.c.obj</name>
      </input_file>
      <input_file id="fl-29">
         <path>C:\ti\ccs1250\ccs\tools\compiler\ti-cgt-c2000_22.6.1.LTS\lib\</path>
         <kind>archive</kind>
         <file>rts2800_fpu64_eabi.lib</file>
         <name>args_main.c.obj</name>
      </input_file>
      <input_file id="fl-2a">
         <path>C:\ti\ccs1250\ccs\tools\compiler\ti-cgt-c2000_22.6.1.LTS\lib\</path>
         <kind>archive</kind>
         <file>rts2800_fpu64_eabi.lib</file>
         <name>memset.c.obj</name>
      </input_file>
      <input_file id="fl-2b">
         <path>C:\ti\ccs1250\ccs\tools\compiler\ti-cgt-c2000_22.6.1.LTS\lib\</path>
         <kind>archive</kind>
         <file>rts2800_fpu64_eabi.lib</file>
         <name>cpy_tbl.c.obj</name>
      </input_file>
      <input_file id="fl-2c">
         <path>C:\ti\ccs1250\ccs\tools\compiler\ti-cgt-c2000_22.6.1.LTS\lib\</path>
         <kind>archive</kind>
         <file>rts2800_fpu64_eabi.lib</file>
         <name>memcpy.c.obj</name>
      </input_file>
      <input_file id="fl-2d">
         <path>C:\ti\ccs1250\ccs\tools\compiler\ti-cgt-c2000_22.6.1.LTS\lib\</path>
         <kind>archive</kind>
         <file>rts2800_fpu64_eabi.lib</file>
         <name>startup.c.obj</name>
      </input_file>
   </input_file_list>
   <object_component_list>
      <object_component id="oc-d6">
         <name>codestart</name>
         <load_address>0x0</load_address>
         <run_address>0x0</run_address>
         <size>0x2</size>
         <input_file_ref idref="fl-3"/>
      </object_component>
      <object_component id="oc-802">
         <name>.text:Sdfm_configureInterrupt</name>
         <load_address>0x1b1</load_address>
         <run_address>0x1b1</run_address>
         <size>0x1c1</size>
         <input_file_ref idref="fl-a"/>
      </object_component>
      <object_component id="oc-7e4">
         <name>.text:Sdfm_configureInputCtrl</name>
         <load_address>0x372</load_address>
         <run_address>0x372</run_address>
         <size>0x7e</size>
         <input_file_ref idref="fl-a"/>
      </object_component>
      <object_component id="oc-7f6">
         <name>.text:Sdfm_enableMFE</name>
         <load_address>0x3f0</load_address>
         <run_address>0x3f0</run_address>
         <size>0x10</size>
         <input_file_ref idref="fl-a"/>
      </object_component>
      <object_component id="oc-481">
         <name>.text:SDFM2DR2_ISR</name>
         <load_address>0x9000</load_address>
         <run_address>0x9000</run_address>
         <size>0xa</size>
         <input_file_ref idref="fl-5"/>
      </object_component>
      <object_component id="oc-487">
         <name>.text:SDFM2DR3_ISR</name>
         <load_address>0x900a</load_address>
         <run_address>0x900a</run_address>
         <size>0xa</size>
         <input_file_ref idref="fl-5"/>
      </object_component>
      <object_component id="oc-48d">
         <name>.text:SDFM2DR4_ISR</name>
         <load_address>0x9014</load_address>
         <run_address>0x9014</run_address>
         <size>0xa</size>
         <input_file_ref idref="fl-5"/>
      </object_component>
      <object_component id="oc-439">
         <name>.text:SDFM2_ISR</name>
         <load_address>0x901e</load_address>
         <run_address>0x901e</run_address>
         <size>0xa</size>
         <input_file_ref idref="fl-5"/>
      </object_component>
      <object_component id="oc-235">
         <name>.text:SPIA_RX_ISR</name>
         <load_address>0x9028</load_address>
         <run_address>0x9028</run_address>
         <size>0xa</size>
         <input_file_ref idref="fl-5"/>
      </object_component>
      <object_component id="oc-23b">
         <name>.text:SPIA_TX_ISR</name>
         <load_address>0x9032</load_address>
         <run_address>0x9032</run_address>
         <size>0xa</size>
         <input_file_ref idref="fl-5"/>
      </object_component>
      <object_component id="oc-241">
         <name>.text:SPIB_RX_ISR</name>
         <load_address>0x903c</load_address>
         <run_address>0x903c</run_address>
         <size>0xa</size>
         <input_file_ref idref="fl-5"/>
      </object_component>
      <object_component id="oc-247">
         <name>.text:SPIB_TX_ISR</name>
         <load_address>0x9046</load_address>
         <run_address>0x9046</run_address>
         <size>0xa</size>
         <input_file_ref idref="fl-5"/>
      </object_component>
      <object_component id="oc-463">
         <name>.text:SPIC_RX_ISR</name>
         <load_address>0x9050</load_address>
         <run_address>0x9050</run_address>
         <size>0xa</size>
         <input_file_ref idref="fl-5"/>
      </object_component>
      <object_component id="oc-469">
         <name>.text:SPIC_TX_ISR</name>
         <load_address>0x905a</load_address>
         <run_address>0x905a</run_address>
         <size>0xa</size>
         <input_file_ref idref="fl-5"/>
      </object_component>
      <object_component id="oc-46f">
         <name>.text:SPID_RX_ISR</name>
         <load_address>0x9064</load_address>
         <run_address>0x9064</run_address>
         <size>0xa</size>
         <input_file_ref idref="fl-5"/>
      </object_component>
      <object_component id="oc-475">
         <name>.text:SPID_TX_ISR</name>
         <load_address>0x906e</load_address>
         <run_address>0x906e</run_address>
         <size>0xa</size>
         <input_file_ref idref="fl-5"/>
      </object_component>
      <object_component id="oc-379">
         <name>.text:SYS_ERR_ISR</name>
         <load_address>0x9078</load_address>
         <run_address>0x9078</run_address>
         <size>0xa</size>
         <input_file_ref idref="fl-5"/>
      </object_component>
      <object_component id="oc-175">
         <name>.text:TIMER0_ISR</name>
         <load_address>0x9082</load_address>
         <run_address>0x9082</run_address>
         <size>0xa</size>
         <input_file_ref idref="fl-5"/>
      </object_component>
      <object_component id="oc-dc">
         <name>.text:TIMER1_ISR</name>
         <load_address>0x908c</load_address>
         <run_address>0x908c</run_address>
         <size>0xa</size>
         <input_file_ref idref="fl-5"/>
      </object_component>
      <object_component id="oc-e5">
         <name>.text:TIMER2_ISR</name>
         <load_address>0x9096</load_address>
         <run_address>0x9096</run_address>
         <size>0xa</size>
         <input_file_ref idref="fl-5"/>
      </object_component>
      <object_component id="oc-517">
         <name>.text:USBA_ISR</name>
         <load_address>0x90a0</load_address>
         <run_address>0x90a0</run_address>
         <size>0xa</size>
         <input_file_ref idref="fl-5"/>
      </object_component>
      <object_component id="oc-13f">
         <name>.text:USER10_ISR</name>
         <load_address>0x90aa</load_address>
         <run_address>0x90aa</run_address>
         <size>0xa</size>
         <input_file_ref idref="fl-5"/>
      </object_component>
      <object_component id="oc-145">
         <name>.text:USER11_ISR</name>
         <load_address>0x90b4</load_address>
         <run_address>0x90b4</run_address>
         <size>0xa</size>
         <input_file_ref idref="fl-5"/>
      </object_component>
      <object_component id="oc-14b">
         <name>.text:USER12_ISR</name>
         <load_address>0x90be</load_address>
         <run_address>0x90be</run_address>
         <size>0xa</size>
         <input_file_ref idref="fl-5"/>
      </object_component>
      <object_component id="oc-109">
         <name>.text:USER1_ISR</name>
         <load_address>0x90c8</load_address>
         <run_address>0x90c8</run_address>
         <size>0xa</size>
         <input_file_ref idref="fl-5"/>
      </object_component>
      <object_component id="oc-10f">
         <name>.text:USER2_ISR</name>
         <load_address>0x90d2</load_address>
         <run_address>0x90d2</run_address>
         <size>0xa</size>
         <input_file_ref idref="fl-5"/>
      </object_component>
      <object_component id="oc-115">
         <name>.text:USER3_ISR</name>
         <load_address>0x90dc</load_address>
         <run_address>0x90dc</run_address>
         <size>0xa</size>
         <input_file_ref idref="fl-5"/>
      </object_component>
      <object_component id="oc-11b">
         <name>.text:USER4_ISR</name>
         <load_address>0x90e6</load_address>
         <run_address>0x90e6</run_address>
         <size>0xa</size>
         <input_file_ref idref="fl-5"/>
      </object_component>
      <object_component id="oc-121">
         <name>.text:USER5_ISR</name>
         <load_address>0x90f0</load_address>
         <run_address>0x90f0</run_address>
         <size>0xa</size>
         <input_file_ref idref="fl-5"/>
      </object_component>
      <object_component id="oc-127">
         <name>.text:USER6_ISR</name>
         <load_address>0x90fa</load_address>
         <run_address>0x90fa</run_address>
         <size>0xa</size>
         <input_file_ref idref="fl-5"/>
      </object_component>
      <object_component id="oc-12d">
         <name>.text:USER7_ISR</name>
         <load_address>0x9104</load_address>
         <run_address>0x9104</run_address>
         <size>0xa</size>
         <input_file_ref idref="fl-5"/>
      </object_component>
      <object_component id="oc-133">
         <name>.text:USER8_ISR</name>
         <load_address>0x910e</load_address>
         <run_address>0x910e</run_address>
         <size>0xa</size>
         <input_file_ref idref="fl-5"/>
      </object_component>
      <object_component id="oc-139">
         <name>.text:USER9_ISR</name>
         <load_address>0x9118</load_address>
         <run_address>0x9118</run_address>
         <size>0xa</size>
         <input_file_ref idref="fl-5"/>
      </object_component>
      <object_component id="oc-17b">
         <name>.text:WAKE_ISR</name>
         <load_address>0x9122</load_address>
         <run_address>0x9122</run_address>
         <size>0xa</size>
         <input_file_ref idref="fl-5"/>
      </object_component>
      <object_component id="oc-163">
         <name>.text:XINT1_ISR</name>
         <load_address>0x912c</load_address>
         <run_address>0x912c</run_address>
         <size>0xa</size>
         <input_file_ref idref="fl-5"/>
      </object_component>
      <object_component id="oc-169">
         <name>.text:XINT2_ISR</name>
         <load_address>0x9136</load_address>
         <run_address>0x9136</run_address>
         <size>0xa</size>
         <input_file_ref idref="fl-5"/>
      </object_component>
      <object_component id="oc-349">
         <name>.text:XINT3_ISR</name>
         <load_address>0x9140</load_address>
         <run_address>0x9140</run_address>
         <size>0xa</size>
         <input_file_ref idref="fl-5"/>
      </object_component>
      <object_component id="oc-34f">
         <name>.text:XINT4_ISR</name>
         <load_address>0x914a</load_address>
         <run_address>0x914a</run_address>
         <size>0xa</size>
         <input_file_ref idref="fl-5"/>
      </object_component>
      <object_component id="oc-355">
         <name>.text:XINT5_ISR</name>
         <load_address>0x9154</load_address>
         <run_address>0x9154</run_address>
         <size>0xa</size>
         <input_file_ref idref="fl-5"/>
      </object_component>
      <object_component id="oc-81a">
         <name>.text</name>
         <load_address>0x915e</load_address>
         <run_address>0x915e</run_address>
         <size>0x9</size>
         <input_file_ref idref="fl-28"/>
      </object_component>
      <object_component id="oc-cf">
         <name>.text:decompress:none</name>
         <load_address>0x9167</load_address>
         <run_address>0x9167</run_address>
         <size>0x8</size>
         <input_file_ref idref="fl-25"/>
      </object_component>
      <object_component id="oc-600">
         <name>.text</name>
         <load_address>0x916f</load_address>
         <run_address>0x916f</run_address>
         <size>0x8</size>
         <input_file_ref idref="fl-3"/>
      </object_component>
      <object_component id="oc-707">
         <name>.text</name>
         <load_address>0x9177</load_address>
         <run_address>0x9177</run_address>
         <size>0x7</size>
         <input_file_ref idref="fl-2a"/>
      </object_component>
      <object_component id="oc-5fa">
         <name>.text:decompress:ZI</name>
         <load_address>0x917e</load_address>
         <run_address>0x917e</run_address>
         <size>0x6</size>
         <input_file_ref idref="fl-24"/>
      </object_component>
      <object_component id="oc-7cc">
         <name>.text:InitSysCtrl</name>
         <load_address>0x9184</load_address>
         <run_address>0x9184</run_address>
         <size>0x5</size>
         <input_file_ref idref="fl-c"/>
      </object_component>
      <object_component id="oc-7ea">
         <name>.text:Sdfm_configureComparator</name>
         <load_address>0xc000</load_address>
         <run_address>0xc000</run_address>
         <size>0x2ba</size>
         <input_file_ref idref="fl-a"/>
      </object_component>
      <object_component id="oc-7f0">
         <name>.text:Sdfm_configureData_filter</name>
         <load_address>0xc2ba</load_address>
         <run_address>0xc2ba</run_address>
         <size>0x266</size>
         <input_file_ref idref="fl-a"/>
      </object_component>
      <object_component id="oc-7a4">
         <name>.text:main</name>
         <load_address>0xc520</load_address>
         <run_address>0xc520</run_address>
         <size>0xfb</size>
         <input_file_ref idref="fl-f"/>
      </object_component>
      <object_component id="oc-833">
         <name>.text:InitPeripheralClocks</name>
         <load_address>0xc61b</load_address>
         <run_address>0xc61b</run_address>
         <size>0xa9</size>
         <input_file_ref idref="fl-c"/>
      </object_component>
      <object_component id="oc-7fc">
         <name>.text:Sdfm_configureExternalreset</name>
         <load_address>0xc6c4</load_address>
         <run_address>0xc6c4</run_address>
         <size>0x72</size>
         <input_file_ref idref="fl-a"/>
      </object_component>
      <object_component id="oc-5b9">
         <name>.text:CLA_initCpu2Cla</name>
         <load_address>0xc736</load_address>
         <run_address>0xc736</run_address>
         <size>0x37</size>
         <input_file_ref idref="fl-f"/>
      </object_component>
      <object_component id="oc-7de">
         <name>.text:Cla_initMemoryMap</name>
         <load_address>0xc76d</load_address>
         <run_address>0xc76d</run_address>
         <size>0x36</size>
         <input_file_ref idref="fl-f"/>
      </object_component>
      <object_component id="oc-c9">
         <name>.text:decompress:lzss</name>
         <load_address>0xc7a3</load_address>
         <run_address>0xc7a3</run_address>
         <size>0x30</size>
         <input_file_ref idref="fl-26"/>
      </object_component>
      <object_component id="oc-774">
         <name>.text:__TI_auto_init_nobinit_nopinit</name>
         <load_address>0xc7d3</load_address>
         <run_address>0xc7d3</run_address>
         <size>0x2b</size>
         <input_file_ref idref="fl-23"/>
      </object_component>
      <object_component id="oc-747">
         <name>.text</name>
         <load_address>0xc7fe</load_address>
         <run_address>0xc7fe</run_address>
         <size>0x2</size>
         <input_file_ref idref="fl-22"/>
      </object_component>
      <object_component id="oc-754">
         <name>.text</name>
         <load_address>0xc800</load_address>
         <run_address>0xc800</run_address>
         <size>0x29</size>
         <input_file_ref idref="fl-27"/>
      </object_component>
      <object_component id="oc-7d8">
         <name>.text:InitPieVectTable</name>
         <load_address>0xc829</load_address>
         <run_address>0xc829</run_address>
         <size>0x25</size>
         <input_file_ref idref="fl-9"/>
      </object_component>
      <object_component id="oc-7d2">
         <name>.text:InitPieCtrl</name>
         <load_address>0xc84e</load_address>
         <run_address>0xc84e</run_address>
         <size>0x1f</size>
         <input_file_ref idref="fl-8"/>
      </object_component>
      <object_component id="oc-5ec">
         <name>.text</name>
         <load_address>0xc86d</load_address>
         <run_address>0xc86d</run_address>
         <size>0x1d</size>
         <input_file_ref idref="fl-2c"/>
      </object_component>
      <object_component id="oc-70e">
         <name>.text</name>
         <load_address>0xc88a</load_address>
         <run_address>0xc88a</run_address>
         <size>0x19</size>
         <input_file_ref idref="fl-20"/>
      </object_component>
      <object_component id="oc-5b3">
         <name>.text:cla1Isr1</name>
         <load_address>0xc8a3</load_address>
         <run_address>0xc8a3</run_address>
         <size>0x13</size>
         <input_file_ref idref="fl-f"/>
      </object_component>
      <object_component id="oc-5bf">
         <name>.text:cla1Isr2</name>
         <load_address>0xc8b6</load_address>
         <run_address>0xc8b6</run_address>
         <size>0x13</size>
         <input_file_ref idref="fl-f"/>
      </object_component>
      <object_component id="oc-5e3">
         <name>.text:cla1Isr8</name>
         <load_address>0xc8c9</load_address>
         <run_address>0xc8c9</run_address>
         <size>0x11</size>
         <input_file_ref idref="fl-f"/>
      </object_component>
      <object_component id="oc-808">
         <name>.text:Sdfm_enableMIE</name>
         <load_address>0xc8da</load_address>
         <run_address>0xc8da</run_address>
         <size>0x10</size>
         <input_file_ref idref="fl-a"/>
      </object_component>
      <object_component id="oc-5c5">
         <name>.text:cla1Isr3</name>
         <load_address>0xc8ea</load_address>
         <run_address>0xc8ea</run_address>
         <size>0xf</size>
         <input_file_ref idref="fl-f"/>
      </object_component>
      <object_component id="oc-5cb">
         <name>.text:cla1Isr4</name>
         <load_address>0xc8f9</load_address>
         <run_address>0xc8f9</run_address>
         <size>0xf</size>
         <input_file_ref idref="fl-f"/>
      </object_component>
      <object_component id="oc-5d1">
         <name>.text:cla1Isr5</name>
         <load_address>0xc908</load_address>
         <run_address>0xc908</run_address>
         <size>0xf</size>
         <input_file_ref idref="fl-f"/>
      </object_component>
      <object_component id="oc-5d7">
         <name>.text:cla1Isr6</name>
         <load_address>0xc917</load_address>
         <run_address>0xc917</run_address>
         <size>0xf</size>
         <input_file_ref idref="fl-f"/>
      </object_component>
      <object_component id="oc-5dd">
         <name>.text:cla1Isr7</name>
         <load_address>0xc926</load_address>
         <run_address>0xc926</run_address>
         <size>0xf</size>
         <input_file_ref idref="fl-f"/>
      </object_component>
      <object_component id="oc-82d">
         <name>.text:DisableDog</name>
         <load_address>0xc935</load_address>
         <run_address>0xc935</run_address>
         <size>0xd</size>
         <input_file_ref idref="fl-c"/>
      </object_component>
      <object_component id="oc-5a7">
         <name>.text:EMPTY_ISR</name>
         <load_address>0xc942</load_address>
         <run_address>0xc942</run_address>
         <size>0xd</size>
         <input_file_ref idref="fl-5"/>
      </object_component>
      <object_component id="oc-74e">
         <name>.text</name>
         <load_address>0xc94f</load_address>
         <run_address>0xc94f</run_address>
         <size>0xc</size>
         <input_file_ref idref="fl-29"/>
      </object_component>
      <object_component id="oc-151">
         <name>.text:ADCA1_ISR</name>
         <load_address>0xc95b</load_address>
         <run_address>0xc95b</run_address>
         <size>0xa</size>
         <input_file_ref idref="fl-5"/>
      </object_component>
      <object_component id="oc-2ef">
         <name>.text:ADCA2_ISR</name>
         <load_address>0xc965</load_address>
         <run_address>0xc965</run_address>
         <size>0xa</size>
         <input_file_ref idref="fl-5"/>
      </object_component>
      <object_component id="oc-2f5">
         <name>.text:ADCA3_ISR</name>
         <load_address>0xc96f</load_address>
         <run_address>0xc96f</run_address>
         <size>0xa</size>
         <input_file_ref idref="fl-5"/>
      </object_component>
      <object_component id="oc-2fb">
         <name>.text:ADCA4_ISR</name>
         <load_address>0xc979</load_address>
         <run_address>0xc979</run_address>
         <size>0xa</size>
         <input_file_ref idref="fl-5"/>
      </object_component>
      <object_component id="oc-2e9">
         <name>.text:ADCA_EVT_ISR</name>
         <load_address>0xc983</load_address>
         <run_address>0xc983</run_address>
         <size>0xa</size>
         <input_file_ref idref="fl-5"/>
      </object_component>
      <object_component id="oc-157">
         <name>.text:ADCB1_ISR</name>
         <load_address>0xc98d</load_address>
         <run_address>0xc98d</run_address>
         <size>0xa</size>
         <input_file_ref idref="fl-5"/>
      </object_component>
      <object_component id="oc-307">
         <name>.text:ADCB2_ISR</name>
         <load_address>0xc997</load_address>
         <run_address>0xc997</run_address>
         <size>0xa</size>
         <input_file_ref idref="fl-5"/>
      </object_component>
      <object_component id="oc-30d">
         <name>.text:ADCB3_ISR</name>
         <load_address>0xc9a1</load_address>
         <run_address>0xc9a1</run_address>
         <size>0xa</size>
         <input_file_ref idref="fl-5"/>
      </object_component>
      <object_component id="oc-313">
         <name>.text:ADCB4_ISR</name>
         <load_address>0xc9ab</load_address>
         <run_address>0xc9ab</run_address>
         <size>0xa</size>
         <input_file_ref idref="fl-5"/>
      </object_component>
      <object_component id="oc-301">
         <name>.text:ADCB_EVT_ISR</name>
         <load_address>0xc9b5</load_address>
         <run_address>0xc9b5</run_address>
         <size>0xa</size>
         <input_file_ref idref="fl-5"/>
      </object_component>
      <object_component id="oc-15d">
         <name>.text:ADCC1_ISR</name>
         <load_address>0xc9bf</load_address>
         <run_address>0xc9bf</run_address>
         <size>0xa</size>
         <input_file_ref idref="fl-5"/>
      </object_component>
      <object_component id="oc-523">
         <name>.text:ADCC2_ISR</name>
         <load_address>0xc9c9</load_address>
         <run_address>0xc9c9</run_address>
         <size>0xa</size>
         <input_file_ref idref="fl-5"/>
      </object_component>
      <object_component id="oc-529">
         <name>.text:ADCC3_ISR</name>
         <load_address>0xc9d3</load_address>
         <run_address>0xc9d3</run_address>
         <size>0xa</size>
         <input_file_ref idref="fl-5"/>
      </object_component>
      <object_component id="oc-52f">
         <name>.text:ADCC4_ISR</name>
         <load_address>0xc9dd</load_address>
         <run_address>0xc9dd</run_address>
         <size>0xa</size>
         <input_file_ref idref="fl-5"/>
      </object_component>
      <object_component id="oc-51d">
         <name>.text:ADCC_EVT_ISR</name>
         <load_address>0xc9e7</load_address>
         <run_address>0xc9e7</run_address>
         <size>0xa</size>
         <input_file_ref idref="fl-5"/>
      </object_component>
      <object_component id="oc-16f">
         <name>.text:ADCD1_ISR</name>
         <load_address>0xc9f1</load_address>
         <run_address>0xc9f1</run_address>
         <size>0xa</size>
         <input_file_ref idref="fl-5"/>
      </object_component>
      <object_component id="oc-53b">
         <name>.text:ADCD2_ISR</name>
         <load_address>0xc9fb</load_address>
         <run_address>0xc9fb</run_address>
         <size>0xa</size>
         <input_file_ref idref="fl-5"/>
      </object_component>
      <object_component id="oc-541">
         <name>.text:ADCD3_ISR</name>
         <load_address>0xca05</load_address>
         <run_address>0xca05</run_address>
         <size>0xa</size>
         <input_file_ref idref="fl-5"/>
      </object_component>
      <object_component id="oc-547">
         <name>.text:ADCD4_ISR</name>
         <load_address>0xca0f</load_address>
         <run_address>0xca0f</run_address>
         <size>0xa</size>
         <input_file_ref idref="fl-5"/>
      </object_component>
      <object_component id="oc-535">
         <name>.text:ADCD_EVT_ISR</name>
         <load_address>0xca19</load_address>
         <run_address>0xca19</run_address>
         <size>0xa</size>
         <input_file_ref idref="fl-5"/>
      </object_component>
      <object_component id="oc-2d1">
         <name>.text:CANA0_ISR</name>
         <load_address>0xca23</load_address>
         <run_address>0xca23</run_address>
         <size>0xa</size>
         <input_file_ref idref="fl-5"/>
      </object_component>
      <object_component id="oc-2d7">
         <name>.text:CANA1_ISR</name>
         <load_address>0xca2d</load_address>
         <run_address>0xca2d</run_address>
         <size>0xa</size>
         <input_file_ref idref="fl-5"/>
      </object_component>
      <object_component id="oc-2dd">
         <name>.text:CANB0_ISR</name>
         <load_address>0xca37</load_address>
         <run_address>0xca37</run_address>
         <size>0xa</size>
         <input_file_ref idref="fl-5"/>
      </object_component>
      <object_component id="oc-2e3">
         <name>.text:CANB1_ISR</name>
         <load_address>0xca41</load_address>
         <run_address>0xca41</run_address>
         <size>0xa</size>
         <input_file_ref idref="fl-5"/>
      </object_component>
      <object_component id="oc-38b">
         <name>.text:CIPC0_ISR</name>
         <load_address>0xca4b</load_address>
         <run_address>0xca4b</run_address>
         <size>0xa</size>
         <input_file_ref idref="fl-5"/>
      </object_component>
      <object_component id="oc-391">
         <name>.text:CIPC1_ISR</name>
         <load_address>0xca55</load_address>
         <run_address>0xca55</run_address>
         <size>0xa</size>
         <input_file_ref idref="fl-5"/>
      </object_component>
      <object_component id="oc-397">
         <name>.text:CIPC2_ISR</name>
         <load_address>0xca5f</load_address>
         <run_address>0xca5f</run_address>
         <size>0xa</size>
         <input_file_ref idref="fl-5"/>
      </object_component>
      <object_component id="oc-39d">
         <name>.text:CIPC3_ISR</name>
         <load_address>0xca69</load_address>
         <run_address>0xca69</run_address>
         <size>0xa</size>
         <input_file_ref idref="fl-5"/>
      </object_component>
      <object_component id="oc-58f">
         <name>.text:CLA1CRC_ISR</name>
         <load_address>0xca73</load_address>
         <run_address>0xca73</run_address>
         <size>0xa</size>
         <input_file_ref idref="fl-5"/>
      </object_component>
      <object_component id="oc-319">
         <name>.text:CLA1_1_ISR</name>
         <load_address>0xca7d</load_address>
         <run_address>0xca7d</run_address>
         <size>0xa</size>
         <input_file_ref idref="fl-5"/>
      </object_component>
      <object_component id="oc-31f">
         <name>.text:CLA1_2_ISR</name>
         <load_address>0xca87</load_address>
         <run_address>0xca87</run_address>
         <size>0xa</size>
         <input_file_ref idref="fl-5"/>
      </object_component>
      <object_component id="oc-325">
         <name>.text:CLA1_3_ISR</name>
         <load_address>0xca91</load_address>
         <run_address>0xca91</run_address>
         <size>0xa</size>
         <input_file_ref idref="fl-5"/>
      </object_component>
      <object_component id="oc-32b">
         <name>.text:CLA1_4_ISR</name>
         <load_address>0xca9b</load_address>
         <run_address>0xca9b</run_address>
         <size>0xa</size>
         <input_file_ref idref="fl-5"/>
      </object_component>
      <object_component id="oc-331">
         <name>.text:CLA1_5_ISR</name>
         <load_address>0xcaa5</load_address>
         <run_address>0xcaa5</run_address>
         <size>0xa</size>
         <input_file_ref idref="fl-5"/>
      </object_component>
      <object_component id="oc-337">
         <name>.text:CLA1_6_ISR</name>
         <load_address>0xcaaf</load_address>
         <run_address>0xcaaf</run_address>
         <size>0xa</size>
         <input_file_ref idref="fl-5"/>
      </object_component>
      <object_component id="oc-33d">
         <name>.text:CLA1_7_ISR</name>
         <load_address>0xcab9</load_address>
         <run_address>0xcab9</run_address>
         <size>0xa</size>
         <input_file_ref idref="fl-5"/>
      </object_component>
      <object_component id="oc-343">
         <name>.text:CLA1_8_ISR</name>
         <load_address>0xcac3</load_address>
         <run_address>0xcac3</run_address>
         <size>0xa</size>
         <input_file_ref idref="fl-5"/>
      </object_component>
      <object_component id="oc-595">
         <name>.text:CLA_OVERFLOW_ISR</name>
         <load_address>0xcacd</load_address>
         <run_address>0xcacd</run_address>
         <size>0xa</size>
         <input_file_ref idref="fl-5"/>
      </object_component>
      <object_component id="oc-59b">
         <name>.text:CLA_UNDERFLOW_ISR</name>
         <load_address>0xcad7</load_address>
         <run_address>0xcad7</run_address>
         <size>0xa</size>
         <input_file_ref idref="fl-5"/>
      </object_component>
      <object_component id="oc-21d">
         <name>.text:CLB1_ISR</name>
         <load_address>0xcae1</load_address>
         <run_address>0xcae1</run_address>
         <size>0xa</size>
         <input_file_ref idref="fl-5"/>
      </object_component>
      <object_component id="oc-223">
         <name>.text:CLB2_ISR</name>
         <load_address>0xcaeb</load_address>
         <run_address>0xcaeb</run_address>
         <size>0xa</size>
         <input_file_ref idref="fl-5"/>
      </object_component>
      <object_component id="oc-229">
         <name>.text:CLB3_ISR</name>
         <load_address>0xcaf5</load_address>
         <run_address>0xcaf5</run_address>
         <size>0xa</size>
         <input_file_ref idref="fl-5"/>
      </object_component>
      <object_component id="oc-22f">
         <name>.text:CLB4_ISR</name>
         <load_address>0xcaff</load_address>
         <run_address>0xcaff</run_address>
         <size>0xa</size>
         <input_file_ref idref="fl-5"/>
      </object_component>
      <object_component id="oc-4db">
         <name>.text:CLB5_ISR</name>
         <load_address>0xcb09</load_address>
         <run_address>0xcb09</run_address>
         <size>0xa</size>
         <input_file_ref idref="fl-5"/>
      </object_component>
      <object_component id="oc-4e1">
         <name>.text:CLB6_ISR</name>
         <load_address>0xcb13</load_address>
         <run_address>0xcb13</run_address>
         <size>0xa</size>
         <input_file_ref idref="fl-5"/>
      </object_component>
      <object_component id="oc-4e7">
         <name>.text:CLB7_ISR</name>
         <load_address>0xcb1d</load_address>
         <run_address>0xcb1d</run_address>
         <size>0xa</size>
         <input_file_ref idref="fl-5"/>
      </object_component>
      <object_component id="oc-4ed">
         <name>.text:CLB8_ISR</name>
         <load_address>0xcb27</load_address>
         <run_address>0xcb27</run_address>
         <size>0xa</size>
         <input_file_ref idref="fl-5"/>
      </object_component>
      <object_component id="oc-54d">
         <name>.text:CMTOCPUXIPC0_ISR</name>
         <load_address>0xcb31</load_address>
         <run_address>0xcb31</run_address>
         <size>0xa</size>
         <input_file_ref idref="fl-5"/>
      </object_component>
      <object_component id="oc-553">
         <name>.text:CMTOCPUXIPC1_ISR</name>
         <load_address>0xcb3b</load_address>
         <run_address>0xcb3b</run_address>
         <size>0xa</size>
         <input_file_ref idref="fl-5"/>
      </object_component>
      <object_component id="oc-559">
         <name>.text:CMTOCPUXIPC2_ISR</name>
         <load_address>0xcb45</load_address>
         <run_address>0xcb45</run_address>
         <size>0xa</size>
         <input_file_ref idref="fl-5"/>
      </object_component>
      <object_component id="oc-55f">
         <name>.text:CMTOCPUXIPC3_ISR</name>
         <load_address>0xcb4f</load_address>
         <run_address>0xcb4f</run_address>
         <size>0xa</size>
         <input_file_ref idref="fl-5"/>
      </object_component>
      <object_component id="oc-565">
         <name>.text:CMTOCPUXIPC4_ISR</name>
         <load_address>0xcb59</load_address>
         <run_address>0xcb59</run_address>
         <size>0xa</size>
         <input_file_ref idref="fl-5"/>
      </object_component>
      <object_component id="oc-56b">
         <name>.text:CMTOCPUXIPC5_ISR</name>
         <load_address>0xcb63</load_address>
         <run_address>0xcb63</run_address>
         <size>0xa</size>
         <input_file_ref idref="fl-5"/>
      </object_component>
      <object_component id="oc-571">
         <name>.text:CMTOCPUXIPC6_ISR</name>
         <load_address>0xcb6d</load_address>
         <run_address>0xcb6d</run_address>
         <size>0xa</size>
         <input_file_ref idref="fl-5"/>
      </object_component>
      <object_component id="oc-577">
         <name>.text:CMTOCPUXIPC7_ISR</name>
         <load_address>0xcb77</load_address>
         <run_address>0xcb77</run_address>
         <size>0xa</size>
         <input_file_ref idref="fl-5"/>
      </object_component>
      <object_component id="oc-511">
         <name>.text:CM_STATUS_ISR</name>
         <load_address>0xcb81</load_address>
         <run_address>0xcb81</run_address>
         <size>0xa</size>
         <input_file_ref idref="fl-5"/>
      </object_component>
      <object_component id="oc-589">
         <name>.text:CPUCRC_ISR</name>
         <load_address>0xcb8b</load_address>
         <run_address>0xcb8b</run_address>
         <size>0xa</size>
         <input_file_ref idref="fl-5"/>
      </object_component>
      <object_component id="oc-eb">
         <name>.text:DATALOG_ISR</name>
         <load_address>0xcb95</load_address>
         <run_address>0xcb95</run_address>
         <size>0xa</size>
         <input_file_ref idref="fl-5"/>
      </object_component>
      <object_component id="oc-265">
         <name>.text:DMA_CH1_ISR</name>
         <load_address>0xcb9f</load_address>
         <run_address>0xcb9f</run_address>
         <size>0xa</size>
         <input_file_ref idref="fl-5"/>
      </object_component>
      <object_component id="oc-26b">
         <name>.text:DMA_CH2_ISR</name>
         <load_address>0xcba9</load_address>
         <run_address>0xcba9</run_address>
         <size>0xa</size>
         <input_file_ref idref="fl-5"/>
      </object_component>
      <object_component id="oc-271">
         <name>.text:DMA_CH3_ISR</name>
         <load_address>0xcbb3</load_address>
         <run_address>0xcbb3</run_address>
         <size>0xa</size>
         <input_file_ref idref="fl-5"/>
      </object_component>
      <object_component id="oc-277">
         <name>.text:DMA_CH4_ISR</name>
         <load_address>0xcbbd</load_address>
         <run_address>0xcbbd</run_address>
         <size>0xa</size>
         <input_file_ref idref="fl-5"/>
      </object_component>
      <object_component id="oc-27d">
         <name>.text:DMA_CH5_ISR</name>
         <load_address>0xcbc7</load_address>
         <run_address>0xcbc7</run_address>
         <size>0xa</size>
         <input_file_ref idref="fl-5"/>
      </object_component>
      <object_component id="oc-283">
         <name>.text:DMA_CH6_ISR</name>
         <load_address>0xcbd1</load_address>
         <run_address>0xcbd1</run_address>
         <size>0xa</size>
         <input_file_ref idref="fl-5"/>
      </object_component>
      <object_component id="oc-1e1">
         <name>.text:ECAP1_ISR</name>
         <load_address>0xcbdb</load_address>
         <run_address>0xcbdb</run_address>
         <size>0xa</size>
         <input_file_ref idref="fl-5"/>
      </object_component>
      <object_component id="oc-1e7">
         <name>.text:ECAP2_ISR</name>
         <load_address>0xcbe5</load_address>
         <run_address>0xcbe5</run_address>
         <size>0xa</size>
         <input_file_ref idref="fl-5"/>
      </object_component>
      <object_component id="oc-1ed">
         <name>.text:ECAP3_ISR</name>
         <load_address>0xcbef</load_address>
         <run_address>0xcbef</run_address>
         <size>0xa</size>
         <input_file_ref idref="fl-5"/>
      </object_component>
      <object_component id="oc-1f3">
         <name>.text:ECAP4_ISR</name>
         <load_address>0xcbf9</load_address>
         <run_address>0xcbf9</run_address>
         <size>0xa</size>
         <input_file_ref idref="fl-5"/>
      </object_component>
      <object_component id="oc-1f9">
         <name>.text:ECAP5_ISR</name>
         <load_address>0xcc03</load_address>
         <run_address>0xcc03</run_address>
         <size>0xa</size>
         <input_file_ref idref="fl-5"/>
      </object_component>
      <object_component id="oc-57d">
         <name>.text:ECAP6_2_ISR</name>
         <load_address>0xcc0d</load_address>
         <run_address>0xcc0d</run_address>
         <size>0xa</size>
         <input_file_ref idref="fl-5"/>
      </object_component>
      <object_component id="oc-1ff">
         <name>.text:ECAP6_ISR</name>
         <load_address>0xcc17</load_address>
         <run_address>0xcc17</run_address>
         <size>0xa</size>
         <input_file_ref idref="fl-5"/>
      </object_component>
      <object_component id="oc-583">
         <name>.text:ECAP7_2_ISR</name>
         <load_address>0xcc21</load_address>
         <run_address>0xcc21</run_address>
         <size>0xa</size>
         <input_file_ref idref="fl-5"/>
      </object_component>
      <object_component id="oc-205">
         <name>.text:ECAP7_ISR</name>
         <load_address>0xcc2b</load_address>
         <run_address>0xcc2b</run_address>
         <size>0xa</size>
         <input_file_ref idref="fl-5"/>
      </object_component>
      <object_component id="oc-43f">
         <name>.text:ECATRST_ISR</name>
         <load_address>0xcc35</load_address>
         <run_address>0xcc35</run_address>
         <size>0xa</size>
         <input_file_ref idref="fl-5"/>
      </object_component>
      <object_component id="oc-37f">
         <name>.text:ECATSYNC0_ISR</name>
         <load_address>0xcc3f</load_address>
         <run_address>0xcc3f</run_address>
         <size>0xa</size>
         <input_file_ref idref="fl-5"/>
      </object_component>
      <object_component id="oc-445">
         <name>.text:ECATSYNC1_ISR</name>
         <load_address>0xcc49</load_address>
         <run_address>0xcc49</run_address>
         <size>0xa</size>
         <input_file_ref idref="fl-5"/>
      </object_component>
      <object_component id="oc-385">
         <name>.text:ECAT_ISR</name>
         <load_address>0xcc53</load_address>
         <run_address>0xcc53</run_address>
         <size>0xa</size>
         <input_file_ref idref="fl-5"/>
      </object_component>
      <object_component id="oc-f7">
         <name>.text:EMU_ISR</name>
         <load_address>0xcc5d</load_address>
         <run_address>0xcc5d</run_address>
         <size>0xa</size>
         <input_file_ref idref="fl-5"/>
      </object_component>
      <object_component id="oc-3d9">
         <name>.text:EPWM10_ISR</name>
         <load_address>0xcc67</load_address>
         <run_address>0xcc67</run_address>
         <size>0xa</size>
         <input_file_ref idref="fl-5"/>
      </object_component>
      <object_component id="oc-3a9">
         <name>.text:EPWM10_TZ_ISR</name>
         <load_address>0xcc71</load_address>
         <run_address>0xcc71</run_address>
         <size>0xa</size>
         <input_file_ref idref="fl-5"/>
      </object_component>
      <object_component id="oc-3df">
         <name>.text:EPWM11_ISR</name>
         <load_address>0xcc7b</load_address>
         <run_address>0xcc7b</run_address>
         <size>0xa</size>
         <input_file_ref idref="fl-5"/>
      </object_component>
      <object_component id="oc-3af">
         <name>.text:EPWM11_TZ_ISR</name>
         <load_address>0xcc85</load_address>
         <run_address>0xcc85</run_address>
         <size>0xa</size>
         <input_file_ref idref="fl-5"/>
      </object_component>
      <object_component id="oc-3e5">
         <name>.text:EPWM12_ISR</name>
         <load_address>0xcc8f</load_address>
         <run_address>0xcc8f</run_address>
         <size>0xa</size>
         <input_file_ref idref="fl-5"/>
      </object_component>
      <object_component id="oc-3b5">
         <name>.text:EPWM12_TZ_ISR</name>
         <load_address>0xcc99</load_address>
         <run_address>0xcc99</run_address>
         <size>0xa</size>
         <input_file_ref idref="fl-5"/>
      </object_component>
      <object_component id="oc-3eb">
         <name>.text:EPWM13_ISR</name>
         <load_address>0xcca3</load_address>
         <run_address>0xcca3</run_address>
         <size>0xa</size>
         <input_file_ref idref="fl-5"/>
      </object_component>
      <object_component id="oc-3bb">
         <name>.text:EPWM13_TZ_ISR</name>
         <load_address>0xccad</load_address>
         <run_address>0xccad</run_address>
         <size>0xa</size>
         <input_file_ref idref="fl-5"/>
      </object_component>
      <object_component id="oc-3f1">
         <name>.text:EPWM14_ISR</name>
         <load_address>0xccb7</load_address>
         <run_address>0xccb7</run_address>
         <size>0xa</size>
         <input_file_ref idref="fl-5"/>
      </object_component>
      <object_component id="oc-3c1">
         <name>.text:EPWM14_TZ_ISR</name>
         <load_address>0xccc1</load_address>
         <run_address>0xccc1</run_address>
         <size>0xa</size>
         <input_file_ref idref="fl-5"/>
      </object_component>
      <object_component id="oc-3f7">
         <name>.text:EPWM15_ISR</name>
         <load_address>0xcccb</load_address>
         <run_address>0xcccb</run_address>
         <size>0xa</size>
         <input_file_ref idref="fl-5"/>
      </object_component>
      <object_component id="oc-3c7">
         <name>.text:EPWM15_TZ_ISR</name>
         <load_address>0xccd5</load_address>
         <run_address>0xccd5</run_address>
         <size>0xa</size>
         <input_file_ref idref="fl-5"/>
      </object_component>
      <object_component id="oc-3fd">
         <name>.text:EPWM16_ISR</name>
         <load_address>0xccdf</load_address>
         <run_address>0xccdf</run_address>
         <size>0xa</size>
         <input_file_ref idref="fl-5"/>
      </object_component>
      <object_component id="oc-3cd">
         <name>.text:EPWM16_TZ_ISR</name>
         <load_address>0xcce9</load_address>
         <run_address>0xcce9</run_address>
         <size>0xa</size>
         <input_file_ref idref="fl-5"/>
      </object_component>
      <object_component id="oc-1b1">
         <name>.text:EPWM1_ISR</name>
         <load_address>0xccf3</load_address>
         <run_address>0xccf3</run_address>
         <size>0xa</size>
         <input_file_ref idref="fl-5"/>
      </object_component>
      <object_component id="oc-181">
         <name>.text:EPWM1_TZ_ISR</name>
         <load_address>0xccfd</load_address>
         <run_address>0xccfd</run_address>
         <size>0xa</size>
         <input_file_ref idref="fl-5"/>
      </object_component>
      <object_component id="oc-1b7">
         <name>.text:EPWM2_ISR</name>
         <load_address>0xcd07</load_address>
         <run_address>0xcd07</run_address>
         <size>0xa</size>
         <input_file_ref idref="fl-5"/>
      </object_component>
      <object_component id="oc-187">
         <name>.text:EPWM2_TZ_ISR</name>
         <load_address>0xcd11</load_address>
         <run_address>0xcd11</run_address>
         <size>0xa</size>
         <input_file_ref idref="fl-5"/>
      </object_component>
      <object_component id="oc-1bd">
         <name>.text:EPWM3_ISR</name>
         <load_address>0xcd1b</load_address>
         <run_address>0xcd1b</run_address>
         <size>0xa</size>
         <input_file_ref idref="fl-5"/>
      </object_component>
      <object_component id="oc-18d">
         <name>.text:EPWM3_TZ_ISR</name>
         <load_address>0xcd25</load_address>
         <run_address>0xcd25</run_address>
         <size>0xa</size>
         <input_file_ref idref="fl-5"/>
      </object_component>
      <object_component id="oc-1c3">
         <name>.text:EPWM4_ISR</name>
         <load_address>0xcd2f</load_address>
         <run_address>0xcd2f</run_address>
         <size>0xa</size>
         <input_file_ref idref="fl-5"/>
      </object_component>
      <object_component id="oc-193">
         <name>.text:EPWM4_TZ_ISR</name>
         <load_address>0xcd39</load_address>
         <run_address>0xcd39</run_address>
         <size>0xa</size>
         <input_file_ref idref="fl-5"/>
      </object_component>
      <object_component id="oc-1c9">
         <name>.text:EPWM5_ISR</name>
         <load_address>0xcd43</load_address>
         <run_address>0xcd43</run_address>
         <size>0xa</size>
         <input_file_ref idref="fl-5"/>
      </object_component>
      <object_component id="oc-199">
         <name>.text:EPWM5_TZ_ISR</name>
         <load_address>0xcd4d</load_address>
         <run_address>0xcd4d</run_address>
         <size>0xa</size>
         <input_file_ref idref="fl-5"/>
      </object_component>
      <object_component id="oc-1cf">
         <name>.text:EPWM6_ISR</name>
         <load_address>0xcd57</load_address>
         <run_address>0xcd57</run_address>
         <size>0xa</size>
         <input_file_ref idref="fl-5"/>
      </object_component>
      <object_component id="oc-19f">
         <name>.text:EPWM6_TZ_ISR</name>
         <load_address>0xcd61</load_address>
         <run_address>0xcd61</run_address>
         <size>0xa</size>
         <input_file_ref idref="fl-5"/>
      </object_component>
      <object_component id="oc-1d5">
         <name>.text:EPWM7_ISR</name>
         <load_address>0xcd6b</load_address>
         <run_address>0xcd6b</run_address>
         <size>0xa</size>
         <input_file_ref idref="fl-5"/>
      </object_component>
      <object_component id="oc-1a5">
         <name>.text:EPWM7_TZ_ISR</name>
         <load_address>0xcd75</load_address>
         <run_address>0xcd75</run_address>
         <size>0xa</size>
         <input_file_ref idref="fl-5"/>
      </object_component>
      <object_component id="oc-1db">
         <name>.text:EPWM8_ISR</name>
         <load_address>0xcd7f</load_address>
         <run_address>0xcd7f</run_address>
         <size>0xa</size>
         <input_file_ref idref="fl-5"/>
      </object_component>
      <object_component id="oc-1ab">
         <name>.text:EPWM8_TZ_ISR</name>
         <load_address>0xcd89</load_address>
         <run_address>0xcd89</run_address>
         <size>0xa</size>
         <input_file_ref idref="fl-5"/>
      </object_component>
      <object_component id="oc-3d3">
         <name>.text:EPWM9_ISR</name>
         <load_address>0xcd93</load_address>
         <run_address>0xcd93</run_address>
         <size>0xa</size>
         <input_file_ref idref="fl-5"/>
      </object_component>
      <object_component id="oc-3a3">
         <name>.text:EPWM9_TZ_ISR</name>
         <load_address>0xcd9d</load_address>
         <run_address>0xcd9d</run_address>
         <size>0xa</size>
         <input_file_ref idref="fl-5"/>
      </object_component>
      <object_component id="oc-20b">
         <name>.text:EQEP1_ISR</name>
         <load_address>0xcda7</load_address>
         <run_address>0xcda7</run_address>
         <size>0xa</size>
         <input_file_ref idref="fl-5"/>
      </object_component>
      <object_component id="oc-211">
         <name>.text:EQEP2_ISR</name>
         <load_address>0xcdb1</load_address>
         <run_address>0xcdb1</run_address>
         <size>0xa</size>
         <input_file_ref idref="fl-5"/>
      </object_component>
      <object_component id="oc-217">
         <name>.text:EQEP3_ISR</name>
         <load_address>0xcdbb</load_address>
         <run_address>0xcdbb</run_address>
         <size>0xa</size>
         <input_file_ref idref="fl-5"/>
      </object_component>
      <object_component id="oc-361">
         <name>.text:FMC_ISR</name>
         <load_address>0xcdc5</load_address>
         <run_address>0xcdc5</run_address>
         <size>0xa</size>
         <input_file_ref idref="fl-5"/>
      </object_component>
      <object_component id="oc-367">
         <name>.text:FPU_OFLOW_ISR</name>
         <load_address>0xcdcf</load_address>
         <run_address>0xcdcf</run_address>
         <size>0xa</size>
         <input_file_ref idref="fl-5"/>
      </object_component>
      <object_component id="oc-36d">
         <name>.text:FPU_UFLOW_ISR</name>
         <load_address>0xcdd9</load_address>
         <run_address>0xcdd9</run_address>
         <size>0xa</size>
         <input_file_ref idref="fl-5"/>
      </object_component>
      <object_component id="oc-41b">
         <name>.text:FSIRXA1_ISR</name>
         <load_address>0xcde3</load_address>
         <run_address>0xcde3</run_address>
         <size>0xa</size>
         <input_file_ref idref="fl-5"/>
      </object_component>
      <object_component id="oc-421">
         <name>.text:FSIRXA2_ISR</name>
         <load_address>0xcded</load_address>
         <run_address>0xcded</run_address>
         <size>0xa</size>
         <input_file_ref idref="fl-5"/>
      </object_component>
      <object_component id="oc-427">
         <name>.text:FSIRXB1_ISR</name>
         <load_address>0xcdf7</load_address>
         <run_address>0xcdf7</run_address>
         <size>0xa</size>
         <input_file_ref idref="fl-5"/>
      </object_component>
      <object_component id="oc-42d">
         <name>.text:FSIRXB2_ISR</name>
         <load_address>0xce01</load_address>
         <run_address>0xce01</run_address>
         <size>0xa</size>
         <input_file_ref idref="fl-5"/>
      </object_component>
      <object_component id="oc-493">
         <name>.text:FSIRXC1_ISR</name>
         <load_address>0xce0b</load_address>
         <run_address>0xce0b</run_address>
         <size>0xa</size>
         <input_file_ref idref="fl-5"/>
      </object_component>
      <object_component id="oc-499">
         <name>.text:FSIRXC2_ISR</name>
         <load_address>0xce15</load_address>
         <run_address>0xce15</run_address>
         <size>0xa</size>
         <input_file_ref idref="fl-5"/>
      </object_component>
      <object_component id="oc-49f">
         <name>.text:FSIRXD1_ISR</name>
         <load_address>0xce1f</load_address>
         <run_address>0xce1f</run_address>
         <size>0xa</size>
         <input_file_ref idref="fl-5"/>
      </object_component>
      <object_component id="oc-4a5">
         <name>.text:FSIRXD2_ISR</name>
         <load_address>0xce29</load_address>
         <run_address>0xce29</run_address>
         <size>0xa</size>
         <input_file_ref idref="fl-5"/>
      </object_component>
      <object_component id="oc-4ab">
         <name>.text:FSIRXE1_ISR</name>
         <load_address>0xce33</load_address>
         <run_address>0xce33</run_address>
         <size>0xa</size>
         <input_file_ref idref="fl-5"/>
      </object_component>
      <object_component id="oc-4b1">
         <name>.text:FSIRXE2_ISR</name>
         <load_address>0xce3d</load_address>
         <run_address>0xce3d</run_address>
         <size>0xa</size>
         <input_file_ref idref="fl-5"/>
      </object_component>
      <object_component id="oc-4b7">
         <name>.text:FSIRXF1_ISR</name>
         <load_address>0xce47</load_address>
         <run_address>0xce47</run_address>
         <size>0xa</size>
         <input_file_ref idref="fl-5"/>
      </object_component>
      <object_component id="oc-4bd">
         <name>.text:FSIRXF2_ISR</name>
         <load_address>0xce51</load_address>
         <run_address>0xce51</run_address>
         <size>0xa</size>
         <input_file_ref idref="fl-5"/>
      </object_component>
      <object_component id="oc-4c3">
         <name>.text:FSIRXG1_ISR</name>
         <load_address>0xce5b</load_address>
         <run_address>0xce5b</run_address>
         <size>0xa</size>
         <input_file_ref idref="fl-5"/>
      </object_component>
      <object_component id="oc-4c9">
         <name>.text:FSIRXG2_ISR</name>
         <load_address>0xce65</load_address>
         <run_address>0xce65</run_address>
         <size>0xa</size>
         <input_file_ref idref="fl-5"/>
      </object_component>
      <object_component id="oc-4cf">
         <name>.text:FSIRXH1_ISR</name>
         <load_address>0xce6f</load_address>
         <run_address>0xce6f</run_address>
         <size>0xa</size>
         <input_file_ref idref="fl-5"/>
      </object_component>
      <object_component id="oc-4d5">
         <name>.text:FSIRXH2_ISR</name>
         <load_address>0xce79</load_address>
         <run_address>0xce79</run_address>
         <size>0xa</size>
         <input_file_ref idref="fl-5"/>
      </object_component>
      <object_component id="oc-403">
         <name>.text:FSITXA1_ISR</name>
         <load_address>0xce83</load_address>
         <run_address>0xce83</run_address>
         <size>0xa</size>
         <input_file_ref idref="fl-5"/>
      </object_component>
      <object_component id="oc-409">
         <name>.text:FSITXA2_ISR</name>
         <load_address>0xce8d</load_address>
         <run_address>0xce8d</run_address>
         <size>0xa</size>
         <input_file_ref idref="fl-5"/>
      </object_component>
      <object_component id="oc-40f">
         <name>.text:FSITXB1_ISR</name>
         <load_address>0xce97</load_address>
         <run_address>0xce97</run_address>
         <size>0xa</size>
         <input_file_ref idref="fl-5"/>
      </object_component>
      <object_component id="oc-415">
         <name>.text:FSITXB2_ISR</name>
         <load_address>0xcea1</load_address>
         <run_address>0xcea1</run_address>
         <size>0xa</size>
         <input_file_ref idref="fl-5"/>
      </object_component>
      <object_component id="oc-28f">
         <name>.text:I2CA_FIFO_ISR</name>
         <load_address>0xceab</load_address>
         <run_address>0xceab</run_address>
         <size>0xa</size>
         <input_file_ref idref="fl-5"/>
      </object_component>
      <object_component id="oc-373">
         <name>.text:I2CA_HIGH_ISR</name>
         <load_address>0xceb5</load_address>
         <run_address>0xceb5</run_address>
         <size>0xa</size>
         <input_file_ref idref="fl-5"/>
      </object_component>
      <object_component id="oc-289">
         <name>.text:I2CA_ISR</name>
         <load_address>0xcebf</load_address>
         <run_address>0xcebf</run_address>
         <size>0xa</size>
         <input_file_ref idref="fl-5"/>
      </object_component>
      <object_component id="oc-29b">
         <name>.text:I2CB_FIFO_ISR</name>
         <load_address>0xcec9</load_address>
         <run_address>0xcec9</run_address>
         <size>0xa</size>
         <input_file_ref idref="fl-5"/>
      </object_component>
      <object_component id="oc-295">
         <name>.text:I2CB_ISR</name>
         <load_address>0xced3</load_address>
         <run_address>0xced3</run_address>
         <size>0xa</size>
         <input_file_ref idref="fl-5"/>
      </object_component>
      <object_component id="oc-103">
         <name>.text:ILLEGAL_ISR</name>
         <load_address>0xcedd</load_address>
         <run_address>0xcedd</run_address>
         <size>0xa</size>
         <input_file_ref idref="fl-5"/>
      </object_component>
      <object_component id="oc-4f3">
         <name>.text:MCANA_0_ISR</name>
         <load_address>0xcee7</load_address>
         <run_address>0xcee7</run_address>
         <size>0xa</size>
         <input_file_ref idref="fl-5"/>
      </object_component>
      <object_component id="oc-4f9">
         <name>.text:MCANA_1_ISR</name>
         <load_address>0xcef1</load_address>
         <run_address>0xcef1</run_address>
         <size>0xa</size>
         <input_file_ref idref="fl-5"/>
      </object_component>
      <object_component id="oc-4ff">
         <name>.text:MCANA_ECC_ISR</name>
         <load_address>0xcefb</load_address>
         <run_address>0xcefb</run_address>
         <size>0xa</size>
         <input_file_ref idref="fl-5"/>
      </object_component>
      <object_component id="oc-505">
         <name>.text:MCANA_WAKE_ISR</name>
         <load_address>0xcf05</load_address>
         <run_address>0xcf05</run_address>
         <size>0xa</size>
         <input_file_ref idref="fl-5"/>
      </object_component>
      <object_component id="oc-24d">
         <name>.text:MCBSPA_RX_ISR</name>
         <load_address>0xcf0f</load_address>
         <run_address>0xcf0f</run_address>
         <size>0xa</size>
         <input_file_ref idref="fl-5"/>
      </object_component>
      <object_component id="oc-253">
         <name>.text:MCBSPA_TX_ISR</name>
         <load_address>0xcf19</load_address>
         <run_address>0xcf19</run_address>
         <size>0xa</size>
         <input_file_ref idref="fl-5"/>
      </object_component>
      <object_component id="oc-259">
         <name>.text:MCBSPB_RX_ISR</name>
         <load_address>0xcf23</load_address>
         <run_address>0xcf23</run_address>
         <size>0xa</size>
         <input_file_ref idref="fl-5"/>
      </object_component>
      <object_component id="oc-25f">
         <name>.text:MCBSPB_TX_ISR</name>
         <load_address>0xcf2d</load_address>
         <run_address>0xcf2d</run_address>
         <size>0xa</size>
         <input_file_ref idref="fl-5"/>
      </object_component>
      <object_component id="oc-35b">
         <name>.text:MPOST_ISR</name>
         <load_address>0xcf37</load_address>
         <run_address>0xcf37</run_address>
         <size>0xa</size>
         <input_file_ref idref="fl-5"/>
      </object_component>
      <object_component id="oc-fd">
         <name>.text:NMI_ISR</name>
         <load_address>0xcf41</load_address>
         <run_address>0xcf41</run_address>
         <size>0xa</size>
         <input_file_ref idref="fl-5"/>
      </object_component>
      <object_component id="oc-5ad">
         <name>.text:NOTUSED_ISR</name>
         <load_address>0xcf4b</load_address>
         <run_address>0xcf4b</run_address>
         <size>0xa</size>
         <input_file_ref idref="fl-5"/>
      </object_component>
      <object_component id="oc-5a1">
         <name>.text:PIE_RESERVED_ISR</name>
         <load_address>0xcf55</load_address>
         <run_address>0xcf55</run_address>
         <size>0xa</size>
         <input_file_ref idref="fl-5"/>
      </object_component>
      <object_component id="oc-50b">
         <name>.text:PMBUSA_ISR</name>
         <load_address>0xcf5f</load_address>
         <run_address>0xcf5f</run_address>
         <size>0xa</size>
         <input_file_ref idref="fl-5"/>
      </object_component>
      <object_component id="oc-f1">
         <name>.text:RTOS_ISR</name>
         <load_address>0xcf69</load_address>
         <run_address>0xcf69</run_address>
         <size>0xa</size>
         <input_file_ref idref="fl-5"/>
      </object_component>
      <object_component id="oc-2b9">
         <name>.text:SCIA_RX_ISR</name>
         <load_address>0xcf73</load_address>
         <run_address>0xcf73</run_address>
         <size>0xa</size>
         <input_file_ref idref="fl-5"/>
      </object_component>
      <object_component id="oc-2bf">
         <name>.text:SCIA_TX_ISR</name>
         <load_address>0xcf7d</load_address>
         <run_address>0xcf7d</run_address>
         <size>0xa</size>
         <input_file_ref idref="fl-5"/>
      </object_component>
      <object_component id="oc-2c5">
         <name>.text:SCIB_RX_ISR</name>
         <load_address>0xcf87</load_address>
         <run_address>0xcf87</run_address>
         <size>0xa</size>
         <input_file_ref idref="fl-5"/>
      </object_component>
      <object_component id="oc-2cb">
         <name>.text:SCIB_TX_ISR</name>
         <load_address>0xcf91</load_address>
         <run_address>0xcf91</run_address>
         <size>0xa</size>
         <input_file_ref idref="fl-5"/>
      </object_component>
      <object_component id="oc-2a1">
         <name>.text:SCIC_RX_ISR</name>
         <load_address>0xcf9b</load_address>
         <run_address>0xcf9b</run_address>
         <size>0xa</size>
         <input_file_ref idref="fl-5"/>
      </object_component>
      <object_component id="oc-2a7">
         <name>.text:SCIC_TX_ISR</name>
         <load_address>0xcfa5</load_address>
         <run_address>0xcfa5</run_address>
         <size>0xa</size>
         <input_file_ref idref="fl-5"/>
      </object_component>
      <object_component id="oc-2ad">
         <name>.text:SCID_RX_ISR</name>
         <load_address>0xcfaf</load_address>
         <run_address>0xcfaf</run_address>
         <size>0xa</size>
         <input_file_ref idref="fl-5"/>
      </object_component>
      <object_component id="oc-2b3">
         <name>.text:SCID_TX_ISR</name>
         <load_address>0xcfb9</load_address>
         <run_address>0xcfb9</run_address>
         <size>0xa</size>
         <input_file_ref idref="fl-5"/>
      </object_component>
      <object_component id="oc-44b">
         <name>.text:SDFM1DR1_ISR</name>
         <load_address>0xcfc3</load_address>
         <run_address>0xcfc3</run_address>
         <size>0xa</size>
         <input_file_ref idref="fl-5"/>
      </object_component>
      <object_component id="oc-451">
         <name>.text:SDFM1DR2_ISR</name>
         <load_address>0xcfcd</load_address>
         <run_address>0xcfcd</run_address>
         <size>0xa</size>
         <input_file_ref idref="fl-5"/>
      </object_component>
      <object_component id="oc-457">
         <name>.text:SDFM1DR3_ISR</name>
         <load_address>0xcfd7</load_address>
         <run_address>0xcfd7</run_address>
         <size>0xa</size>
         <input_file_ref idref="fl-5"/>
      </object_component>
      <object_component id="oc-45d">
         <name>.text:SDFM1DR4_ISR</name>
         <load_address>0xcfe1</load_address>
         <run_address>0xcfe1</run_address>
         <size>0xa</size>
         <input_file_ref idref="fl-5"/>
      </object_component>
      <object_component id="oc-433">
         <name>.text:SDFM1_ISR</name>
         <load_address>0xcfeb</load_address>
         <run_address>0xcfeb</run_address>
         <size>0xa</size>
         <input_file_ref idref="fl-5"/>
      </object_component>
      <object_component id="oc-47b">
         <name>.text:SDFM2DR1_ISR</name>
         <load_address>0xcff5</load_address>
         <run_address>0xcff5</run_address>
         <size>0xa</size>
         <input_file_ref idref="fl-5"/>
      </object_component>
      <object_component id="oc-7b7">
         <name>.text</name>
         <load_address>0xcfff</load_address>
         <run_address>0xcfff</run_address>
         <size>0x1</size>
         <input_file_ref idref="fl-2d"/>
      </object_component>
      <object_component id="oc-957">
         <name>.cinit..data.load</name>
         <load_address>0x9800</load_address>
         <run_address>0x9800</run_address>
         <size>0xe</size>
      </object_component>
      <object_component id="oc-954">
         <name>__TI_handler_table</name>
         <load_address>0x980e</load_address>
         <run_address>0x980e</run_address>
         <size>0x6</size>
      </object_component>
      <object_component id="oc-956">
         <name>.cinit..bss.load</name>
         <load_address>0x9814</load_address>
         <run_address>0x9814</run_address>
         <size>0x4</size>
      </object_component>
      <object_component id="oc-95d">
         <name>.cinit..bss_cla.load</name>
         <load_address>0x9818</load_address>
         <run_address>0x9818</run_address>
         <size>0x4</size>
      </object_component>
      <object_component id="oc-95c">
         <name>.cinit..scratchpad.load</name>
         <load_address>0x981c</load_address>
         <run_address>0x981c</run_address>
         <size>0x4</size>
      </object_component>
      <object_component id="oc-958">
         <name>.cinit.Filter1_RegsFile.load</name>
         <load_address>0x9820</load_address>
         <run_address>0x9820</run_address>
         <size>0x4</size>
      </object_component>
      <object_component id="oc-959">
         <name>.cinit.Filter2_RegsFile.load</name>
         <load_address>0x9824</load_address>
         <run_address>0x9824</run_address>
         <size>0x4</size>
      </object_component>
      <object_component id="oc-95a">
         <name>.cinit.Filter3_RegsFile.load</name>
         <load_address>0x9828</load_address>
         <run_address>0x9828</run_address>
         <size>0x4</size>
      </object_component>
      <object_component id="oc-95b">
         <name>.cinit.Filter4_RegsFile.load</name>
         <load_address>0x982c</load_address>
         <run_address>0x982c</run_address>
         <size>0x4</size>
      </object_component>
      <object_component id="oc-95e">
         <name>.cinit.PieVectTableFile.load</name>
         <load_address>0x9830</load_address>
         <run_address>0x9830</run_address>
         <size>0x4</size>
      </object_component>
      <object_component id="oc-955">
         <name>__TI_cinit_table</name>
         <load_address>0x9834</load_address>
         <run_address>0x9834</run_address>
         <size>0x24</size>
      </object_component>
      <object_component id="oc-5e9">
         <name>.stack</name>
         <uninitialized>true</uninitialized>
         <run_address>0x400</run_address>
         <size>0x0</size>
         <input_file_ref idref="fl-20"/>
      </object_component>
      <object_component id="oc-95f">
         <name>.stack</name>
         <uninitialized>true</uninitialized>
         <run_address>0x400</run_address>
         <size>0x0</size>
      </object_component>
      <object_component id="oc-811">
         <name>.bss</name>
         <uninitialized>true</uninitialized>
         <run_address>0xa000</run_address>
         <size>0x1</size>
         <input_file_ref idref="fl-f"/>
      </object_component>
      <object_component id="oc-e2">
         <name>.const</name>
         <load_address>0xa040</load_address>
         <run_address>0xa040</run_address>
         <size>0x1c0</size>
         <input_file_ref idref="fl-9"/>
      </object_component>
      <object_component id="oc-842">
         <name>.data:SDFM</name>
         <load_address>0xa002</load_address>
         <run_address>0xa002</run_address>
         <size>0x6</size>
         <input_file_ref idref="fl-b"/>
      </object_component>
      <object_component id="oc-7ac">
         <name>.data</name>
         <load_address>0xa008</load_address>
         <run_address>0xa008</run_address>
         <size>0x6</size>
         <input_file_ref idref="fl-27"/>
      </object_component>
      <object_component id="oc-7af">
         <name>.data:_lock</name>
         <load_address>0xa00e</load_address>
         <run_address>0xa00e</run_address>
         <size>0x2</size>
         <input_file_ref idref="fl-28"/>
      </object_component>
      <object_component id="oc-851">
         <name>.data:_unlock</name>
         <load_address>0xa010</load_address>
         <run_address>0xa010</run_address>
         <size>0x2</size>
         <input_file_ref idref="fl-28"/>
      </object_component>
      <object_component id="oc-727">
         <name>Filter1_RegsFile</name>
         <uninitialized>true</uninitialized>
         <run_address>0xb400</run_address>
         <size>0x400</size>
         <input_file_ref idref="fl-e"/>
      </object_component>
      <object_component id="oc-72a">
         <name>Filter2_RegsFile</name>
         <uninitialized>true</uninitialized>
         <run_address>0xb000</run_address>
         <size>0x400</size>
         <input_file_ref idref="fl-e"/>
      </object_component>
      <object_component id="oc-72d">
         <name>Filter3_RegsFile</name>
         <uninitialized>true</uninitialized>
         <run_address>0xbc00</run_address>
         <size>0x400</size>
         <input_file_ref idref="fl-e"/>
      </object_component>
      <object_component id="oc-730">
         <name>Filter4_RegsFile</name>
         <uninitialized>true</uninitialized>
         <run_address>0xb800</run_address>
         <size>0x400</size>
         <input_file_ref idref="fl-e"/>
      </object_component>
      <object_component id="oc-6dd">
         <name>Cla1Prog:Cla1Task1</name>
         <load_address>0xa800</load_address>
         <run_address>0xa800</run_address>
         <size>0x94</size>
         <input_file_ref idref="fl-e"/>
      </object_component>
      <object_component id="oc-6e3">
         <name>Cla1Prog:Cla1Task2</name>
         <load_address>0xa894</load_address>
         <run_address>0xa894</run_address>
         <size>0x94</size>
         <input_file_ref idref="fl-e"/>
      </object_component>
      <object_component id="oc-6e9">
         <name>Cla1Prog:Cla1Task8</name>
         <load_address>0xa928</load_address>
         <run_address>0xa928</run_address>
         <size>0x10</size>
         <input_file_ref idref="fl-e"/>
      </object_component>
      <object_component id="oc-723">
         <name>.scratchpad:Cla1Prog:Cla1Task1</name>
         <uninitialized>true</uninitialized>
         <run_address>0x8802</run_address>
         <size>0x2</size>
         <input_file_ref idref="fl-e"/>
      </object_component>
      <object_component id="oc-738">
         <name>.scratchpad:Cla1Prog:Cla1Task2</name>
         <uninitialized>true</uninitialized>
         <run_address>0x8802</run_address>
         <size>0x2</size>
         <input_file_ref idref="fl-e"/>
      </object_component>
      <object_component id="oc-724">
         <name>.bss_cla</name>
         <uninitialized>true</uninitialized>
         <run_address>0x8800</run_address>
         <size>0x2</size>
         <input_file_ref idref="fl-e"/>
      </object_component>
      <object_component id="oc-6f2">
         <name>PieVectTableFile</name>
         <uninitialized>true</uninitialized>
         <run_address>0xd00</run_address>
         <size>0x1c0</size>
         <input_file_ref idref="fl-6"/>
      </object_component>
      <object_component id="oc-6ef">
         <name>Cla1RegsFile</name>
         <uninitialized>true</uninitialized>
         <run_address>0x1400</run_address>
         <size>0x48</size>
         <input_file_ref idref="fl-6"/>
      </object_component>
      <object_component id="oc-862">
         <name>CpuSysRegsFile</name>
         <uninitialized>true</uninitialized>
         <run_address>0x5d300</run_address>
         <size>0x9c</size>
         <input_file_ref idref="fl-6"/>
      </object_component>
      <object_component id="oc-80e">
         <name>DmaClaSrcSelRegsFile</name>
         <uninitialized>true</uninitialized>
         <run_address>0x7980</run_address>
         <size>0x1a</size>
         <input_file_ref idref="fl-6"/>
      </object_component>
      <object_component id="oc-83e">
         <name>MemCfgRegsFile</name>
         <uninitialized>true</uninitialized>
         <run_address>0x5f400</run_address>
         <size>0xae</size>
         <input_file_ref idref="fl-6"/>
      </object_component>
      <object_component id="oc-6d8">
         <name>PieCtrlRegsFile</name>
         <uninitialized>true</uninitialized>
         <run_address>0xce0</run_address>
         <size>0x1a</size>
         <input_file_ref idref="fl-6"/>
      </object_component>
      <object_component id="oc-720">
         <name>Sdfm1RegsFile</name>
         <uninitialized>true</uninitialized>
         <run_address>0x5e00</run_address>
         <size>0x80</size>
         <input_file_ref idref="fl-6"/>
      </object_component>
      <object_component id="oc-735">
         <name>Sdfm2RegsFile</name>
         <uninitialized>true</uninitialized>
         <run_address>0x5e80</run_address>
         <size>0x80</size>
         <input_file_ref idref="fl-6"/>
      </object_component>
      <object_component id="oc-85e">
         <name>WdRegsFile</name>
         <uninitialized>true</uninitialized>
         <run_address>0x7000</run_address>
         <size>0x2b</size>
         <input_file_ref idref="fl-6"/>
      </object_component>
      <object_component id="oc-d7">
         <name>.debug_info</name>
         <load_address>0x0</load_address>
         <run_address>0x0</run_address>
         <size>0xfd</size>
         <input_file_ref idref="fl-3"/>
      </object_component>
      <object_component id="oc-603">
         <name>.debug_info</name>
         <load_address>0xfd</load_address>
         <run_address>0xfd</run_address>
         <size>0xfe</size>
         <input_file_ref idref="fl-3"/>
      </object_component>
      <object_component id="oc-dd">
         <name>.debug_info</name>
         <load_address>0x1fb</load_address>
         <run_address>0x1fb</run_address>
         <size>0x10e</size>
         <input_file_ref idref="fl-5"/>
      </object_component>
      <object_component id="oc-e6">
         <name>.debug_info</name>
         <load_address>0x309</load_address>
         <run_address>0x309</run_address>
         <size>0x10e</size>
         <input_file_ref idref="fl-5"/>
      </object_component>
      <object_component id="oc-ec">
         <name>.debug_info</name>
         <load_address>0x417</load_address>
         <run_address>0x417</run_address>
         <size>0x110</size>
         <input_file_ref idref="fl-5"/>
      </object_component>
      <object_component id="oc-f2">
         <name>.debug_info</name>
         <load_address>0x527</load_address>
         <run_address>0x527</run_address>
         <size>0x10a</size>
         <input_file_ref idref="fl-5"/>
      </object_component>
      <object_component id="oc-f8">
[...]
         <object_component_ref idref="oc-26b"/>
      </symbol>
      <symbol id="sm-7f0">
         <name>USER12_ISR</name>
         <value>0x90be</value>
         <object_component_ref idref="oc-14b"/>
      </symbol>
      <symbol id="sm-7f1">
         <name>CMTOCPUXIPC0_ISR</name>
         <value>0xcb31</value>
         <object_component_ref idref="oc-54d"/>
      </symbol>
      <symbol id="sm-7f2">
         <name>EPWM16_ISR</name>
         <value>0xccdf</value>
         <object_component_ref idref="oc-3fd"/>
      </symbol>
      <symbol id="sm-7f3">
         <name>XINT3_ISR</name>
         <value>0x9140</value>
         <object_component_ref idref="oc-349"/>
      </symbol>
      <symbol id="sm-7f4">
         <name>USER1_ISR</name>
         <value>0x90c8</value>
         <object_component_ref idref="oc-109"/>
      </symbol>
      <symbol id="sm-7f5">
         <name>CLA1_3_ISR</name>
         <value>0xca91</value>
         <object_component_ref idref="oc-325"/>
      </symbol>
      <symbol id="sm-7f6">
         <name>I2CA_ISR</name>
         <value>0xcebf</value>
         <object_component_ref idref="oc-289"/>
      </symbol>
      <symbol id="sm-7f7">
         <name>CANA0_ISR</name>
         <value>0xca23</value>
         <object_component_ref idref="oc-2d1"/>
      </symbol>
      <symbol id="sm-7f8">
         <name>CANB0_ISR</name>
         <value>0xca37</value>
         <object_component_ref idref="oc-2dd"/>
      </symbol>
      <symbol id="sm-7f9">
         <name>CLB5_ISR</name>
         <value>0xcb09</value>
         <object_component_ref idref="oc-4db"/>
      </symbol>
      <symbol id="sm-7fa">
         <name>ECAP7_2_ISR</name>
         <value>0xcc21</value>
         <object_component_ref idref="oc-583"/>
      </symbol>
      <symbol id="sm-7fb">
         <name>FSIRXA1_ISR</name>
         <value>0xcde3</value>
         <object_component_ref idref="oc-41b"/>
      </symbol>
      <symbol id="sm-7fc">
         <name>EPWM1_TZ_ISR</name>
         <value>0xccfd</value>
         <object_component_ref idref="oc-181"/>
      </symbol>
      <symbol id="sm-7fd">
         <name>FSIRXB1_ISR</name>
         <value>0xcdf7</value>
         <object_component_ref idref="oc-427"/>
      </symbol>
      <symbol id="sm-7fe">
         <name>FSIRXC1_ISR</name>
         <value>0xce0b</value>
         <object_component_ref idref="oc-493"/>
      </symbol>
      <symbol id="sm-7ff">
         <name>FSIRXD1_ISR</name>
         <value>0xce1f</value>
         <object_component_ref idref="oc-49f"/>
      </symbol>
      <symbol id="sm-800">
         <name>I2CA_FIFO_ISR</name>
         <value>0xceab</value>
         <object_component_ref idref="oc-28f"/>
      </symbol>
      <symbol id="sm-801">
         <name>FSIRXE1_ISR</name>
         <value>0xce33</value>
         <object_component_ref idref="oc-4ab"/>
      </symbol>
      <symbol id="sm-802">
         <name>FSIRXF1_ISR</name>
         <value>0xce47</value>
         <object_component_ref idref="oc-4b7"/>
      </symbol>
      <symbol id="sm-803">
         <name>FSIRXG1_ISR</name>
         <value>0xce5b</value>
         <object_component_ref idref="oc-4c3"/>
      </symbol>
      <symbol id="sm-804">
         <name>FSIRXH1_ISR</name>
         <value>0xce6f</value>
         <object_component_ref idref="oc-4cf"/>
      </symbol>
      <symbol id="sm-805">
         <name>EPWM2_ISR</name>
         <value>0xcd07</value>
         <object_component_ref idref="oc-1b7"/>
      </symbol>
      <symbol id="sm-806">
         <name>USBA_ISR</name>
         <value>0x90a0</value>
         <object_component_ref idref="oc-517"/>
      </symbol>
      <symbol id="sm-807">
         <name>SDFM1DR4_ISR</name>
         <value>0xcfe1</value>
         <object_component_ref idref="oc-45d"/>
      </symbol>
      <symbol id="sm-808">
         <name>ADCD_EVT_ISR</name>
         <value>0xca19</value>
         <object_component_ref idref="oc-535"/>
      </symbol>
      <symbol id="sm-809">
         <name>DMA_CH3_ISR</name>
         <value>0xcbb3</value>
         <object_component_ref idref="oc-271"/>
      </symbol>
      <symbol id="sm-80a">
         <name>FMC_ISR</name>
         <value>0xcdc5</value>
         <object_component_ref idref="oc-361"/>
      </symbol>
      <symbol id="sm-80b">
         <name>ADCC_EVT_ISR</name>
         <value>0xc9e7</value>
         <object_component_ref idref="oc-51d"/>
      </symbol>
      <symbol id="sm-80c">
         <name>EPWM11_ISR</name>
         <value>0xcc7b</value>
         <object_component_ref idref="oc-3df"/>
      </symbol>
      <symbol id="sm-80d">
         <name>DATALOG_ISR</name>
         <value>0xcb95</value>
         <object_component_ref idref="oc-eb"/>
      </symbol>
      <symbol id="sm-80e">
         <name>XINT2_ISR</name>
         <value>0x9136</value>
         <object_component_ref idref="oc-169"/>
      </symbol>
      <symbol id="sm-80f">
         <name>MCANA_0_ISR</name>
         <value>0xcee7</value>
         <object_component_ref idref="oc-4f3"/>
      </symbol>
      <symbol id="sm-810">
         <name>PIE_RESERVED_ISR</name>
         <value>0xcf55</value>
         <object_component_ref idref="oc-5a1"/>
      </symbol>
      <symbol id="sm-811">
         <name>SCIB_RX_ISR</name>
         <value>0xcf87</value>
         <object_component_ref idref="oc-2c5"/>
      </symbol>
      <symbol id="sm-812">
         <name>SCIB_TX_ISR</name>
         <value>0xcf91</value>
         <object_component_ref idref="oc-2cb"/>
      </symbol>
      <symbol id="sm-813">
         <name>I2CB_ISR</name>
         <value>0xced3</value>
         <object_component_ref idref="oc-295"/>
      </symbol>
      <symbol id="sm-814">
         <name>CANA1_ISR</name>
         <value>0xca2d</value>
         <object_component_ref idref="oc-2d7"/>
      </symbol>
      <symbol id="sm-815">
         <name>SPIC_RX_ISR</name>
         <value>0x9050</value>
         <object_component_ref idref="oc-463"/>
      </symbol>
      <symbol id="sm-816">
         <name>CANB1_ISR</name>
         <value>0xca41</value>
         <object_component_ref idref="oc-2e3"/>
      </symbol>
      <symbol id="sm-817">
         <name>CPUCRC_ISR</name>
         <value>0xcb8b</value>
         <object_component_ref idref="oc-589"/>
      </symbol>
      <symbol id="sm-818">
         <name>CLB6_ISR</name>
         <value>0xcb13</value>
         <object_component_ref idref="oc-4e1"/>
      </symbol>
      <symbol id="sm-819">
         <name>SPIC_TX_ISR</name>
         <value>0x905a</value>
         <object_component_ref idref="oc-469"/>
      </symbol>
      <symbol id="sm-81a">
         <name>EPWM15_TZ_ISR</name>
         <value>0xccd5</value>
         <object_component_ref idref="oc-3c7"/>
      </symbol>
      <symbol id="sm-81b">
         <name>FSIRXA2_ISR</name>
         <value>0xcded</value>
         <object_component_ref idref="oc-421"/>
      </symbol>
      <symbol id="sm-81c">
         <name>FSIRXB2_ISR</name>
         <value>0xce01</value>
         <object_component_ref idref="oc-42d"/>
      </symbol>
      <symbol id="sm-81d">
         <name>EPWM12_TZ_ISR</name>
         <value>0xcc99</value>
         <object_component_ref idref="oc-3b5"/>
      </symbol>
      <symbol id="sm-81e">
         <name>FSIRXC2_ISR</name>
         <value>0xce15</value>
         <object_component_ref idref="oc-499"/>
      </symbol>
      <symbol id="sm-81f">
         <name>ILLEGAL_ISR</name>
         <value>0xcedd</value>
         <object_component_ref idref="oc-103"/>
      </symbol>
      <symbol id="sm-820">
         <name>FSIRXD2_ISR</name>
         <value>0xce29</value>
         <object_component_ref idref="oc-4a5"/>
      </symbol>
      <symbol id="sm-821">
         <name>FSIRXE2_ISR</name>
         <value>0xce3d</value>
         <object_component_ref idref="oc-4b1"/>
      </symbol>
      <symbol id="sm-822">
         <name>FSIRXF2_ISR</name>
         <value>0xce51</value>
         <object_component_ref idref="oc-4bd"/>
      </symbol>
      <symbol id="sm-823">
         <name>FSIRXG2_ISR</name>
         <value>0xce65</value>
         <object_component_ref idref="oc-4c9"/>
      </symbol>
      <symbol id="sm-824">
         <name>FSIRXH2_ISR</name>
         <value>0xce79</value>
         <object_component_ref idref="oc-4d5"/>
      </symbol>
      <symbol id="sm-825">
         <name>EPWM3_ISR</name>
         <value>0xcd1b</value>
         <object_component_ref idref="oc-1bd"/>
      </symbol>
      <symbol id="sm-826">
         <name>I2CA_HIGH_ISR</name>
         <value>0xceb5</value>
         <object_component_ref idref="oc-373"/>
      </symbol>
      <symbol id="sm-827">
         <name>FPU_UFLOW_ISR</name>
         <value>0xcdd9</value>
         <object_component_ref idref="oc-36d"/>
      </symbol>
      <symbol id="sm-828">
         <name>TIMER0_ISR</name>
         <value>0x9082</value>
         <object_component_ref idref="oc-175"/>
      </symbol>
      <symbol id="sm-829">
         <name>EPWM10_ISR</name>
         <value>0xcc67</value>
         <object_component_ref idref="oc-3d9"/>
      </symbol>
      <symbol id="sm-82a">
         <name>USER3_ISR</name>
         <value>0x90dc</value>
         <object_component_ref idref="oc-115"/>
      </symbol>
      <symbol id="sm-82b">
         <name>MCANA_1_ISR</name>
         <value>0xcef1</value>
         <object_component_ref idref="oc-4f9"/>
      </symbol>
      <symbol id="sm-85e">
         <name>Cla1Regs</name>
         <value>0x1400</value>
         <object_component_ref idref="oc-6ef"/>
      </symbol>
      <symbol id="sm-85f">
         <name>PieVectTable</name>
         <value>0xd00</value>
         <object_component_ref idref="oc-6f2"/>
      </symbol>
      <symbol id="sm-860">
         <name>DmaClaSrcSelRegs</name>
         <value>0x7980</value>
         <object_component_ref idref="oc-80e"/>
      </symbol>
      <symbol id="sm-861">
         <name>MemCfgRegs</name>
         <value>0x5f400</value>
         <object_component_ref idref="oc-83e"/>
      </symbol>
      <symbol id="sm-862">
         <name>CpuSysRegs</name>
         <value>0x5d300</value>
         <object_component_ref idref="oc-862"/>
      </symbol>
      <symbol id="sm-863">
         <name>Sdfm1Regs</name>
         <value>0x5e00</value>
         <object_component_ref idref="oc-720"/>
      </symbol>
      <symbol id="sm-864">
         <name>PieCtrlRegs</name>
         <value>0xce0</value>
         <object_component_ref idref="oc-6d8"/>
      </symbol>
      <symbol id="sm-865">
         <name>WdRegs</name>
         <value>0x7000</value>
         <object_component_ref idref="oc-85e"/>
      </symbol>
      <symbol id="sm-866">
         <name>Sdfm2Regs</name>
         <value>0x5e80</value>
         <object_component_ref idref="oc-735"/>
      </symbol>
      <symbol id="sm-874">
         <name>InitPieCtrl</name>
         <value>0xc84e</value>
         <object_component_ref idref="oc-7d2"/>
      </symbol>
      <symbol id="sm-888">
         <name>InitPieVectTable</name>
         <value>0xc829</value>
         <object_component_ref idref="oc-7d8"/>
      </symbol>
      <symbol id="sm-889">
         <name>PieVectTableInit</name>
         <value>0xa040</value>
         <object_component_ref idref="oc-e2"/>
      </symbol>
      <symbol id="sm-8e8">
         <name>Sdfm_enableMIE</name>
         <value>0xc8da</value>
         <object_component_ref idref="oc-808"/>
      </symbol>
      <symbol id="sm-8e9">
         <name>Sdfm_configureInterrupt</name>
         <value>0x1b1</value>
         <object_component_ref idref="oc-802"/>
      </symbol>
      <symbol id="sm-8ea">
         <name>Sdfm_configureExternalreset</name>
         <value>0xc6c4</value>
         <object_component_ref idref="oc-7fc"/>
      </symbol>
      <symbol id="sm-8eb">
         <name>Sdfm_configureData_filter</name>
         <value>0xc2ba</value>
         <object_component_ref idref="oc-7f0"/>
      </symbol>
      <symbol id="sm-8ec">
         <name>Sdfm_configureComparator</name>
         <value>0xc000</value>
         <object_component_ref idref="oc-7ea"/>
      </symbol>
      <symbol id="sm-8ed">
         <name>Sdfm_configureInputCtrl</name>
         <value>0x372</value>
         <object_component_ref idref="oc-7e4"/>
      </symbol>
      <symbol id="sm-8ee">
         <name>Sdfm_enableMFE</name>
         <value>0x3f0</value>
         <object_component_ref idref="oc-7f6"/>
      </symbol>
      <symbol id="sm-8f9">
         <name>SDFM</name>
         <value>0xa002</value>
         <object_component_ref idref="oc-842"/>
      </symbol>
      <symbol id="sm-914">
         <name>InitPeripheralClocks</name>
         <value>0xc61b</value>
         <object_component_ref idref="oc-833"/>
      </symbol>
      <symbol id="sm-915">
         <name>InitSysCtrl</name>
         <value>0x9184</value>
         <object_component_ref idref="oc-7cc"/>
      </symbol>
      <symbol id="sm-916">
         <name>DisableDog</name>
         <value>0xc935</value>
         <object_component_ref idref="oc-82d"/>
      </symbol>
      <symbol id="sm-954">
         <name>Filter4_Result_CPU2</name>
         <value>0xb800</value>
         <object_component_ref idref="oc-730"/>
      </symbol>
      <symbol id="sm-955">
         <name>Filter1_Result_CPU2</name>
         <value>0xb400</value>
         <object_component_ref idref="oc-727"/>
      </symbol>
      <symbol id="sm-956">
         <name>Cla1Task2</name>
         <value>0xa894</value>
         <object_component_ref idref="oc-6e3"/>
      </symbol>
      <symbol id="sm-957">
         <name>Cla1Task1</name>
         <value>0xa800</value>
         <object_component_ref idref="oc-6dd"/>
      </symbol>
      <symbol id="sm-958">
         <name>Cla1Task8</name>
         <value>0xa928</value>
         <object_component_ref idref="oc-6e9"/>
      </symbol>
      <symbol id="sm-959">
         <name>Filter3_Result_CPU2</name>
         <value>0xbc00</value>
         <object_component_ref idref="oc-72d"/>
      </symbol>
      <symbol id="sm-95a">
         <name>loopCounter2</name>
         <value>0x8801</value>
         <object_component_ref idref="oc-724"/>
      </symbol>
      <symbol id="sm-95b">
         <name>loopCounter1</name>
         <value>0x8800</value>
         <object_component_ref idref="oc-724"/>
      </symbol>
      <symbol id="sm-95c">
         <name>Filter2_Result_CPU2</name>
         <value>0xb000</value>
         <object_component_ref idref="oc-72a"/>
      </symbol>
      <symbol id="sm-9b8">
         <name>Cla_initMemoryMap</name>
         <value>0xc76d</value>
         <object_component_ref idref="oc-7de"/>
      </symbol>
      <symbol id="sm-9b9">
         <name>gPeripheralNumber</name>
         <value>0xa000</value>
         <object_component_ref idref="oc-811"/>
      </symbol>
      <symbol id="sm-9ba">
         <name>main</name>
         <value>0xc520</value>
         <object_component_ref idref="oc-7a4"/>
      </symbol>
      <symbol id="sm-9bb">
         <name>cla1Isr4</name>
         <value>0xc8f9</value>
         <object_component_ref idref="oc-5cb"/>
      </symbol>
      <symbol id="sm-9bc">
         <name>cla1Isr5</name>
         <value>0xc908</value>
         <object_component_ref idref="oc-5d1"/>
      </symbol>
      <symbol id="sm-9bd">
         <name>cla1Isr6</name>
         <value>0xc917</value>
         <object_component_ref idref="oc-5d7"/>
      </symbol>
      <symbol id="sm-9be">
         <name>cla1Isr7</name>
         <value>0xc926</value>
         <object_component_ref idref="oc-5dd"/>
      </symbol>
      <symbol id="sm-9bf">
         <name>cla1Isr1</name>
         <value>0xc8a3</value>
         <object_component_ref idref="oc-5b3"/>
      </symbol>
      <symbol id="sm-9c0">
         <name>cla1Isr2</name>
         <value>0xc8b6</value>
         <object_component_ref idref="oc-5bf"/>
      </symbol>
      <symbol id="sm-9c1">
         <name>cla1Isr3</name>
         <value>0xc8ea</value>
         <object_component_ref idref="oc-5c5"/>
      </symbol>
      <symbol id="sm-9c2">
         <name>cla1Isr8</name>
         <value>0xc8c9</value>
         <object_component_ref idref="oc-5e3"/>
      </symbol>
      <symbol id="sm-9c3">
         <name>CLA_initCpu2Cla</name>
         <value>0xc736</value>
         <object_component_ref idref="oc-5b9"/>
      </symbol>
      <symbol id="sm-9cd">
         <name>_c_int00</name>
         <value>0xc88a</value>
         <object_component_ref idref="oc-70e"/>
      </symbol>
      <symbol id="sm-9ce">
         <name>__stack</name>
         <value>0x400</value>
         <object_component_ref idref="oc-5e9"/>
      </symbol>
      <symbol id="sm-9dc">
         <name>_system_pre_init</name>
         <value>0xc7fe</value>
         <object_component_ref idref="oc-747"/>
      </symbol>
      <symbol id="sm-9eb">
         <name>__TI_auto_init_nobinit_nopinit</name>
         <value>0xc7d3</value>
         <object_component_ref idref="oc-774"/>
      </symbol>
      <symbol id="sm-9f8">
         <name>__TI_zero_init</name>
         <value>0x917e</value>
         <object_component_ref idref="oc-5fa"/>
      </symbol>
      <symbol id="sm-a05">
         <name>__TI_decompress_none</name>
         <value>0x9167</value>
         <object_component_ref idref="oc-cf"/>
      </symbol>
      <symbol id="sm-a19">
         <name>__TI_decompress_lzss</name>
         <value>0xc7a3</value>
         <object_component_ref idref="oc-c9"/>
      </symbol>
      <symbol id="sm-a2f">
         <name>C$$EXIT</name>
         <value>0xc800</value>
         <object_component_ref idref="oc-754"/>
      </symbol>
      <symbol id="sm-a30">
         <name>abort</name>
         <value>0xc800</value>
         <object_component_ref idref="oc-754"/>
      </symbol>
      <symbol id="sm-a31">
         <name>exit</name>
         <value>0xc802</value>
         <object_component_ref idref="oc-754"/>
      </symbol>
      <symbol id="sm-a32">
         <name>__TI_dtors_ptr</name>
         <value>0xa00c</value>
         <object_component_ref idref="oc-7ac"/>
      </symbol>
      <symbol id="sm-a33">
         <name>__TI_cleanup_ptr</name>
         <value>0xa00a</value>
         <object_component_ref idref="oc-7ac"/>
      </symbol>
      <symbol id="sm-a34">
         <name>__TI_enable_exit_profile_output</name>
         <value>0xa008</value>
         <object_component_ref idref="oc-7ac"/>
      </symbol>
      <symbol id="sm-a4b">
         <name>_nop</name>
         <value>0x9166</value>
         <object_component_ref idref="oc-81a"/>
      </symbol>
      <symbol id="sm-a4c">
         <name>_lock</name>
         <value>0xa00e</value>
         <object_component_ref idref="oc-7af"/>
      </symbol>
      <symbol id="sm-a4d">
         <name>_unlock</name>
         <value>0xa010</value>
         <object_component_ref idref="oc-851"/>
      </symbol>
      <symbol id="sm-a4e">
         <name>_register_lock</name>
         <value>0x9162</value>
         <object_component_ref idref="oc-81a"/>
      </symbol>
      <symbol id="sm-a4f">
         <name>_register_unlock</name>
         <value>0x915e</value>
         <object_component_ref idref="oc-81a"/>
      </symbol>
      <symbol id="sm-a5e">
         <name>_args_main</name>
         <value>0xc94f</value>
         <object_component_ref idref="oc-74e"/>
      </symbol>
      <symbol id="sm-a6d">
         <name>memset</name>
         <value>0x9177</value>
         <object_component_ref idref="oc-707"/>
      </symbol>
      <symbol id="sm-a80">
         <name>memcpy</name>
         <value>0xc86d</value>
         <object_component_ref idref="oc-5ec"/>
      </symbol>
      <symbol id="sm-a8d">
         <name>_system_post_cinit</name>
         <value>0xcfff</value>
         <object_component_ref idref="oc-7b7"/>
      </symbol>
      <symbol id="sm-a8f">
         <name>__c_args__</name>
         <value>0x0</value>
      </symbol>
   </symbol_table>
   <title>Link successful</title>
</link_info>
