******************************************************************************
             TMS320C2000 Linker PC v22.6.1                     
******************************************************************************
>> Linked Sat Jul 26 23:34:16 2025

OUTPUT FILE NAME:   <sdfm_ex1_filter_sync_cla_cpu2.out>
ENTRY POINT SYMBOL: "code_start"  address: 00000000


MEMORY CONFIGURATION

         name            origin    length      used     unused   attr    fill
----------------------  --------  ---------  --------  --------  ----  --------
PAGE 0:
  BEGIN                 00000000   00000002  00000002  00000000  RWIX
  BOOT_RSVD             00000002   000001af  00000000  000001af  RWIX
  RAMM0                 000001b1   0000024f  0000024f  00000000  RWIX
  RAMM1                 00000400   000003f8  00000100  000002f8  RWIX
  CLA1_MSGRAMLOW        00001480   00000080  00000000  00000080  RWIX
  CLA1_MSGRAMHIGH       00001500   00000080  00000000  00000080  RWIX
  RAMLS0                00008000   00000800  00000000  00000800  RWIX
  RAMLS1                00008800   00000800  00000104  000006fc  RWIX
  RAMLS2                00009000   00000800  00000189  00000677  RWIX
  RAMLS3                00009800   00000800  00000058  000007a8  RWIX
  RAMLS4                0000a000   00000800  000001d1  0000062f  RWIX
  RAMLS5                0000a800   00000800  00000138  000006c8  RWIX
  RAMLS6                0000b000   00000800  00000800  00000000  RWIX
  RAMLS7                0000b800   00000800  00000800  00000000  RWIX
  RAMD0                 0000c000   00000800  00000800  00000000  RWIX
  RAMD1                 0000c800   00000800  00000800  00000000  RWIX
  RAMGS0                0000d000   00001000  00000000  00001000  RWIX
  RAMGS1                0000e000   00001000  00000000  00001000  RWIX
  RAMGS2                0000f000   00001000  00000000  00001000  RWIX
  RAMGS3                00010000   00001000  00000000  00001000  RWIX
  RAMGS4                00011000   00001000  00000000  00001000  RWIX
  RAMGS5                00012000   00001000  00000000  00001000  RWIX
  RAMGS6                00013000   00001000  00000000  00001000  RWIX
  RAMGS7                00014000   00001000  00000000  00001000  RWIX
  RAMGS8                00015000   00001000  00000000  00001000  RWIX
  RAMGS9                00016000   00001000  00000000  00001000  RWIX
  RAMGS10               00017000   00001000  00000000  00001000  RWIX
  RAMGS11               00018000   00001000  00000000  00001000  RWIX
  RAMGS12               00019000   00001000  00000000  00001000  RWIX
  RAMGS13               0001a000   00001000  00000000  00001000  RWIX
  RAMGS14               0001b000   00001000  00000000  00001000  RWIX
  RAMGS15               0001c000   00000ff8  00000000  00000ff8  RWIX
  CMTOCPURAM            00038000   00000800  00000000  00000800  RWIX
  CPUTOCMRAM            00039000   00000800  00000000  00000800  RWIX
  CPU1TOCPU2RAM         0003a000   00000800  00000000  00000800  RWIX
  CPU2TOCPU1RAM         0003b000   00000800  00000000  00000800  RWIX
  CANA_MSG_RAM          00049000   00000800  00000000  00000800  RWIX
  CANB_MSG_RAM          0004b000   00000800  00000000  00000800  RWIX
  FLASH0                00080000   00002000  00000000  00002000  RWIX
  FLASH1                00082000   00002000  00000000  00002000  RWIX
  FLASH2                00084000   00002000  00000000  00002000  RWIX
  FLASH3                00086000   00002000  00000000  00002000  RWIX
  FLASH4                00088000   00008000  00000000  00008000  RWIX
  FLASH5                00090000   00008000  00000000  00008000  RWIX
  FLASH6                00098000   00008000  00000000  00008000  RWIX
  FLASH7                000a0000   00008000  00000000  00008000  RWIX
  FLASH8                000a8000   00008000  00000000  00008000  RWIX
  FLASH9                000b0000   00008000  00000000  00008000  RWIX
  FLASH10               000b8000   00002000  00000000  00002000  RWIX
  FLASH11               000ba000   00002000  00000000  00002000  RWIX
  FLASH12               000bc000   00002000  00000000  00002000  RWIX
  FLASH13               000be000   00002000  00000000  00002000  RWIX
  RESET                 003fffc0   00000002  00000000  00000002  RWIX

PAGE 1:
  ADCARESULT            00000b00   00000018  00000000  00000018  RWIX
  ADCBRESULT            00000b20   00000018  00000000  00000018  RWIX
  ADCCRESULT            00000b40   00000018  00000000  00000018  RWIX
  ADCDRESULT            00000b60   00000018  00000000  00000018  RWIX
  CPUTIMER0             00000c00   00000008  00000000  00000008  RWIX
  CPUTIMER1             00000c08   00000008  00000000  00000008  RWIX
  CPUTIMER2             00000c10   00000008  00000000  00000008  RWIX
  PIECTRL               00000ce0   0000001a  0000001a  00000000  RWIX
  PIEVECTTABLE          00000d00   00000200  000001c0  00000040  RWIX
  DMA                   00001000   00000200  00000000  00000200  RWIX
  CLA1                  00001400   00000080  00000048  00000038  RWIX
  CLB1LOGICCFG          00003000   00000052  00000000  00000052  RWIX
  CLB1LOGICCTRL         00003100   00000040  00000000  00000040  RWIX
  CLB1DATAEXCH          00003180   00000080  00000000  00000080  RWIX
  CLB2LOGICCFG          00003200   00000052  00000000  00000052  RWIX
  CLB2LOGICCTRL         00003300   00000040  00000000  00000040  RWIX
  CLB2DATAEXCH          00003380   00000080  00000000  00000080  RWIX
  CLB3LOGICCFG          00003400   00000052  00000000  00000052  RWIX
  CLB3LOGICCTRL         00003500   00000040  00000000  00000040  RWIX
  CLB3DATAEXCH          00003580   00000080  00000000  00000080  RWIX
  CLB4LOGICCFG          00003600   00000052  00000000  00000052  RWIX
  CLB4LOGICCTRL         00003700   00000040  00000000  00000040  RWIX
  CLB4DATAEXCH          00003780   00000080  00000000  00000080  RWIX
  CLB5LOGICCFG          00003800   00000052  00000000  00000052  RWIX
  CLB5LOGICCTRL         00003900   00000040  00000000  00000040  RWIX
  CLB5DATAEXCH          00003980   00000080  00000000  00000080  RWIX
  CLB6LOGICCFG          00003a00   00000052  00000000  00000052  RWIX
  CLB6LOGICCTRL         00003b00   00000040  00000000  00000040  RWIX
  CLB6DATAEXCH          00003b80   00000080  00000000  00000080  RWIX
  CLB7LOGICCFG          00003c00   00000052  00000000  00000052  RWIX
  CLB7LOGICCTRL         00003d00   00000040  00000000  00000040  RWIX
  CLB7DATAEXCH          00003d80   00000080  00000000  00000080  RWIX
  CLB8LOGICCFG          00003e00   00000052  00000000  00000052  RWIX
  CLB8LOGICCTRL         00003f00   00000040  00000000  00000040  RWIX
  CLB8DATAEXCH          00003f80   00000080  00000000  00000080  RWIX
  EPWM1                 00004000   00000100  00000000  00000100  RWIX
  EPWM2                 00004100   00000100  00000000  00000100  RWIX
  EPWM3                 00004200   00000100  00000000  00000100  RWIX
  EPWM4                 00004300   00000100  00000000  00000100  RWIX
  EPWM5                 00004400   00000100  00000000  00000100  RWIX
  EPWM6                 00004500   00000100  00000000  00000100  RWIX
  EPWM7                 00004600   00000100  00000000  00000100  RWIX
  EPWM8                 00004700   00000100  00000000  00000100  RWIX
  EPWM9                 00004800   00000100  00000000  00000100  RWIX
  EPWM10                00004900   00000100  00000000  00000100  RWIX
  EPWM11                00004a00   00000100  00000000  00000100  RWIX
  EPWM12                00004b00   00000100  00000000  00000100  RWIX
  EPWM13                00004c00   00000100  00000000  00000100  RWIX
  EPWM14                00004d00   00000100  00000000  00000100  RWIX
  EPWM15                00004e00   00000100  00000000  00000100  RWIX
  EPWM16                00004f00   00000100  00000000  00000100  RWIX
  EQEP1                 00005100   00000040  00000000  00000040  RWIX
  EQEP2                 00005140   00000040  00000000  00000040  RWIX
  EQEP3                 00005180   00000040  00000000  00000040  RWIX
  ECAP1                 00005200   00000020  00000000  00000020  RWIX
  ECAP2                 00005240   00000020  00000000  00000020  RWIX
  ECAP3                 00005280   00000020  00000000  00000020  RWIX
  ECAP4                 000052c0   00000020  00000000  00000020  RWIX
  ECAP5                 00005300   00000020  00000000  00000020  RWIX
  ECAP6                 00005340   00000020  00000000  00000020  RWIX
  HRCAP6                00005360   00000020  00000000  00000020  RWIX
  ECAP7                 00005380   00000020  00000000  00000020  RWIX
  HRCAP7                000053a0   00000020  00000000  00000020  RWIX
  DACA                  00005c00   00000008  00000000  00000008  RWIX
  DACB                  00005c10   00000008  00000000  00000008  RWIX
  DACC                  00005c20   00000008  00000000  00000008  RWIX
  CMPSS1                00005c80   00000020  00000000  00000020  RWIX
  CMPSS2                00005ca0   00000020  00000000  00000020  RWIX
  CMPSS3                00005cc0   00000020  00000000  00000020  RWIX
  CMPSS4                00005ce0   00000020  00000000  00000020  RWIX
  CMPSS5                00005d00   00000020  00000000  00000020  RWIX
  CMPSS6                00005d20   00000020  00000000  00000020  RWIX
  CMPSS7                00005d40   00000020  00000000  00000020  RWIX
  CMPSS8                00005d60   00000020  00000000  00000020  RWIX
  SDFM1                 00005e00   00000080  00000080  00000000  RWIX
  SDFM2                 00005e80   00000080  00000080  00000000  RWIX
  MCBSPA                00006000   00000024  00000000  00000024  RWIX
  MCBSPB                00006040   00000024  00000000  00000024  RWIX
  SPIA                  00006100   00000010  00000000  00000010  RWIX
  SPIB                  00006110   00000010  00000000  00000010  RWIX
  SPIC                  00006120   00000010  00000000  00000010  RWIX
  SPID                  00006130   00000010  00000000  00000010  RWIX
  BGCRCCPU              00006340   00000040  00000000  00000040  RWIX
  BGCRCCLA1             00006380   00000040  00000000  00000040  RWIX
  PMBUSA                00006400   00000020  00000000  00000020  RWIX
  FSITXA                00006600   00000050  00000000  00000050  RWIX
  FSIRXA                00006680   00000050  00000000  00000050  RWIX
  FSITXB                00006700   00000050  00000000  00000050  RWIX
  FSIRXB                00006780   00000050  00000000  00000050  RWIX
  FSIRXC                00006880   00000050  00000000  00000050  RWIX
  FSIRXD                00006980   00000050  00000000  00000050  RWIX
  FSIRXE                00006a80   00000050  00000000  00000050  RWIX
  FSIRXF                00006b80   00000050  00000000  00000050  RWIX
  FSIRXG                00006c80   00000050  00000000  00000050  RWIX
  FSIRXH                00006d80   00000050  00000000  00000050  RWIX
  WD                    00007000   0000002c  0000002b  00000001  RWIX
  NMIINTRUPT            00007060   00000010  00000000  00000010  RWIX
  XINT                  00007070   0000000c  00000000  0000000c  RWIX
  SCIA                  00007200   00000010  00000000  00000010  RWIX
  SCIB                  00007210   00000010  00000000  00000010  RWIX
  SCIC                  00007220   00000010  00000000  00000010  RWIX
  SCID                  00007230   00000010  00000000  00000010  RWIX
  I2CA                  00007300   00000022  00000000  00000022  RWIX
  I2CB                  00007340   00000022  00000000  00000022  RWIX
  ADCA                  00007400   00000080  00000000  00000080  RWIX
  ADCB                  00007480   00000080  00000000  00000080  RWIX
  ADCC                  00007500   00000080  00000000  00000080  RWIX
  ADCD                  00007580   00000080  00000000  00000080  RWIX
  DMACLASRCSEL          00007980   0000001a  0000001a  00000000  RWIX
  GPIODATA              00007f00   00000040  00000000  00000040  RWIX
  GPIODATAREAD          00007f80   00000010  00000000  00000010  RWIX
  EMIF1                 00047000   00000070  00000000  00000070  RWIX
  CANA                  00048000   00000200  00000000  00000200  RWIX
  CANB                  0004a000   00000200  00000000  00000200  RWIX
  CPU2TOCPU1IPC         0005ce00   00000026  00000000  00000026  RWIX
  CPU2TOCMIPC           0005ce40   00000026  00000000  00000026  RWIX
  CLKCFG                0005d200   00000100  00000000  00000100  RWIX
  CPUSYS                0005d300   000000a0  0000009c  00000004  RWIX
  SYSSTATUS             0005d400   00000100  00000000  00000100  RWIX
  SYSPERIPHAC           0005d500   00000200  00000000  00000200  RWIX
  ERADGLOBAL            0005e800   00000014  00000000  00000014  RWIX
  ERADHWBP1             0005e900   00000008  00000000  00000008  RWIX
  ERADHWBP2             0005e908   00000008  00000000  00000008  RWIX
  ERADHWBP3             0005e910   00000008  00000000  00000008  RWIX
  ERADHWBP4             0005e918   00000008  00000000  00000008  RWIX
  ERADHWBP5             0005e920   00000008  00000000  00000008  RWIX
  ERADHWBP6             0005e928   00000008  00000000  00000008  RWIX
  ERADHWBP7             0005e930   00000008  00000000  00000008  RWIX
  ERADHWBP8             0005e938   00000008  00000000  00000008  RWIX
  ERADCOUNTER1          0005e980   00000010  00000000  00000010  RWIX
  ERADCOUNTER2          0005e990   00000010  00000000  00000010  RWIX
  ERADCOUNTER3          0005e9a0   00000010  00000000  00000010  RWIX
  ERADCOUNTER4          0005e9b0   00000010  00000000  00000010  RWIX
  ERADCRCGLOBAL         0005ea00   00000010  00000000  00000010  RWIX
  ERADCRC1              0005ea10   00000010  00000000  00000010  RWIX
  ERADCRC2              0005ea20   00000010  00000000  00000010  RWIX
  ERADCRC3              0005ea30   00000010  00000000  00000010  RWIX
  ERADCRC4              0005ea40   00000010  00000000  00000010  RWIX
  ERADCRC5              0005ea50   00000010  00000000  00000010  RWIX
  ERADCRC6              0005ea60   00000010  00000000  00000010  RWIX
  ERADCRC7              0005ea70   00000010  00000000  00000010  RWIX
  ERADCRC8              0005ea80   00000010  00000000  00000010  RWIX
  DCSMZ1                0005f000   0000003e  00000000  0000003e  RWIX
  DCSMZ2                0005f080   0000003e  00000000  0000003e  RWIX
  DCSMCOMMON            0005f0c0   00000020  00000000  00000020  RWIX
  MEMCFG                0005f400   000000c0  000000ae  00000012  RWIX
  EMIF1CONFIG           0005f4c0   00000020  00000000  00000020  RWIX
  ACCESSPROTECTION      0005f500   00000040  00000000  00000040  RWIX
  MEMORYERROR           0005f540   00000040  00000000  00000040  RWIX
  ROMWAITSTATE          0005f580   00000008  00000000  00000008  RWIX
  ROMPREFETCH           0005f588   00000008  00000000  00000008  RWIX
  TESTERROR             0005f590   00000010  00000000  00000010  RWIX
  FLASH0CTRL            0005f800   00000182  00000000  00000182  RWIX
  FLASH0ECC             0005fb00   00000028  00000000  00000028  RWIX
  UID                   00070200   00000010  00000000  00000010  RWIX


SECTION ALLOCATION MAP

 output                                  attributes/
section   page    origin      length       input sections
--------  ----  ----------  ----------   ----------------
codestart 
*          0    00000000    00000002     
                  00000000    00000002     f2838x_codestartbranch.obj (codestart)

.cinit     0    00009800    00000058     
                  00009800    0000000e     (.cinit..data.load) [load image, compression = lzss]
                  0000980e    00000006     (__TI_handler_table)
                  00009814    00000004     (.cinit..bss.load) [load image, compression = zero_init]
                  00009818    00000004     (.cinit..bss_cla.load) [load image, compression = zero_init]
                  0000981c    00000004     (.cinit..scratchpad.load) [load image, compression = zero_init]
                  00009820    00000004     (.cinit.Filter1_RegsFile.load) [load image, compression = zero_init]
                  00009824    00000004     (.cinit.Filter2_RegsFile.load) [load image, compression = zero_init]
                  00009828    00000004     (.cinit.Filter3_RegsFile.load) [load image, compression = zero_init]
                  0000982c    00000004     (.cinit.Filter4_RegsFile.load) [load image, compression = zero_init]
                  00009830    00000004     (.cinit.PieVectTableFile.load) [load image, compression = zero_init]
                  00009834    00000024     (__TI_cinit_table)

.reset     0    003fffc0    00000000     DSECT

.stack     0    00000400    00000100     UNINITIALIZED
                  00000400    00000100     --HOLE--

.bss       0    0000a000    00000001     UNINITIALIZED
                  0000a000    00000001     sdfm_ex1_filter_sync_cla_cpu2.obj (.bss)

.init_array 
*          0    000001b1    00000000     UNINITIALIZED

.data      0    0000a002    00000010     UNINITIALIZED
                  0000a002    00000006     f2838x_struct.obj (.data:SDFM)
                  0000a008    00000006     rts2800_fpu64_eabi.lib : exit.c.obj (.data)
                  0000a00e    00000002                            : _lock.c.obj (.data:_lock)
                  0000a010    00000002                            : _lock.c.obj (.data:_unlock)

.const     0    0000a040    000001c0     
                  0000a040    000001c0     f2838x_pievect.obj (.const)

.bss_cla   0    00008800    00000002     UNINITIALIZED
                  00008800    00000002     sdfm_ex1_filter_cla_sync_cpu2.obj (.bss_cla)

.scratchpad 
*          0    00008802    00000002     UNINITIALIZED
                  00008802    00000002     sdfm_ex1_filter_cla_sync_cpu2.obj (.scratchpad:Cla1Prog:Cla1Task1)
                  00008802    00000002     sdfm_ex1_filter_cla_sync_cpu2.obj (.scratchpad:Cla1Prog:Cla1Task2)

Cla1Prog   0    0000a800    00000138     
                  0000a800    00000094     sdfm_ex1_filter_cla_sync_cpu2.obj (Cla1Prog:Cla1Task1)
                  0000a894    00000094     sdfm_ex1_filter_cla_sync_cpu2.obj (Cla1Prog:Cla1Task2)
                  0000a928    00000010     sdfm_ex1_filter_cla_sync_cpu2.obj (Cla1Prog:Cla1Task8)

Filter2_RegsFile 
*          0    0000b000    00000400     UNINITIALIZED
                  0000b000    00000400     sdfm_ex1_filter_cla_sync_cpu2.obj (Filter2_RegsFile)

Filter1_RegsFile 
*          0    0000b400    00000400     UNINITIALIZED
                  0000b400    00000400     sdfm_ex1_filter_cla_sync_cpu2.obj (Filter1_RegsFile)

Filter4_RegsFile 
*          0    0000b800    00000400     UNINITIALIZED
                  0000b800    00000400     sdfm_ex1_filter_cla_sync_cpu2.obj (Filter4_RegsFile)

Filter3_RegsFile 
*          0    0000bc00    00000400     UNINITIALIZED
                  0000bc00    00000400     sdfm_ex1_filter_cla_sync_cpu2.obj (Filter3_RegsFile)

CLAscratch 
*          0    00008804    00000100     UNINITIALIZED
                  00008804    00000100     --HOLE--

PieVectTableFile 
*          1    00000d00    000001c0     UNINITIALIZED
                  00000d00    000001c0     f2838x_globalvariabledefs.obj (PieVectTableFile)

EmuKeyVar 
*          1    00000d00    00000000     UNINITIALIZED

EmuBModeVar 
*          1    00000d00    00000000     UNINITIALIZED

EmuBootPinsVar 
*          1    00000d00    00000000     UNINITIALIZED

FlashCallbackVar 
*          1    00000d00    00000000     UNINITIALIZED

FlashScalingVar 
*          1    00000d00    00000000     UNINITIALIZED

Cla1RegsFile 
*          1    00001400    00000048     UNINITIALIZED
                  00001400    00000048     f2838x_globalvariabledefs.obj (Cla1RegsFile)

CpuSysRegsFile 
*          1    0005d300    0000009c     UNINITIALIZED
                  0005d300    0000009c     f2838x_globalvariabledefs.obj (CpuSysRegsFile)

DmaClaSrcSelRegsFile 
*          1    00007980    0000001a     UNINITIALIZED
                  00007980    0000001a     f2838x_globalvariabledefs.obj (DmaClaSrcSelRegsFile)

MemCfgRegsFile 
*          1    0005f400    000000ae     UNINITIALIZED
                  0005f400    000000ae     f2838x_globalvariabledefs.obj (MemCfgRegsFile)

PieCtrlRegsFile 
*          1    00000ce0    0000001a     UNINITIALIZED
                  00000ce0    0000001a     f2838x_globalvariabledefs.obj (PieCtrlRegsFile)

Sdfm1RegsFile 
*          1    00005e00    00000080     UNINITIALIZED
                  00005e00    00000080     f2838x_globalvariabledefs.obj (Sdfm1RegsFile)

Sdfm2RegsFile 
*          1    00005e80    00000080     UNINITIALIZED
                  00005e80    00000080     f2838x_globalvariabledefs.obj (Sdfm2RegsFile)

WdRegsFile 
*          1    00007000    0000002b     UNINITIALIZED
                  00007000    0000002b     f2838x_globalvariabledefs.obj (WdRegsFile)

.text.1    0    000001b1    0000024f     
                  000001b1    000001c1     f2838x_sdfm_drivers.obj (.text:Sdfm_configureInterrupt)
                  00000372    0000007e     f2838x_sdfm_drivers.obj (.text:Sdfm_configureInputCtrl)
                  000003f0    00000010     f2838x_sdfm_drivers.obj (.text:Sdfm_enableMFE)

.text.2    0    00009000    00000189     
                  00009000    0000000a     f2838x_defaultisr.obj (.text:SDFM2DR2_ISR)
                  0000900a    0000000a     f2838x_defaultisr.obj (.text:SDFM2DR3_ISR)
                  00009014    0000000a     f2838x_defaultisr.obj (.text:SDFM2DR4_ISR)
                  0000901e    0000000a     f2838x_defaultisr.obj (.text:SDFM2_ISR)
                  00009028    0000000a     f2838x_defaultisr.obj (.text:SPIA_RX_ISR)
                  00009032    0000000a     f2838x_defaultisr.obj (.text:SPIA_TX_ISR)
                  0000903c    0000000a     f2838x_defaultisr.obj (.text:SPIB_RX_ISR)
                  00009046    0000000a     f2838x_defaultisr.obj (.text:SPIB_TX_ISR)
                  00009050    0000000a     f2838x_defaultisr.obj (.text:SPIC_RX_ISR)
                  0000905a    0000000a     f2838x_defaultisr.obj (.text:SPIC_TX_ISR)
                  00009064    0000000a     f2838x_defaultisr.obj (.text:SPID_RX_ISR)
                  0000906e    0000000a     f2838x_defaultisr.obj (.text:SPID_TX_ISR)
                  00009078    0000000a     f2838x_defaultisr.obj (.text:SYS_ERR_ISR)
                  00009082    0000000a     f2838x_defaultisr.obj (.text:TIMER0_ISR)
                  0000908c    0000000a     f2838x_defaultisr.obj (.text:TIMER1_ISR)
                  00009096    0000000a     f2838x_defaultisr.obj (.text:TIMER2_ISR)
                  000090a0    0000000a     f2838x_defaultisr.obj (.text:USBA_ISR)
                  000090aa    0000000a     f2838x_defaultisr.obj (.text:USER10_ISR)
                  000090b4    0000000a     f2838x_defaultisr.obj (.text:USER11_ISR)
                  000090be    0000000a     f2838x_defaultisr.obj (.text:USER12_ISR)
                  000090c8    0000000a     f2838x_defaultisr.obj (.text:USER1_ISR)
                  000090d2    0000000a     f2838x_defaultisr.obj (.text:USER2_ISR)
                  000090dc    0000000a     f2838x_defaultisr.obj (.text:USER3_ISR)
                  000090e6    0000000a     f2838x_defaultisr.obj (.text:USER4_ISR)
                  000090f0    0000000a     f2838x_defaultisr.obj (.text:USER5_ISR)
                  000090fa    0000000a     f2838x_defaultisr.obj (.text:USER6_ISR)
                  00009104    0000000a     f2838x_defaultisr.obj (.text:USER7_ISR)
                  0000910e    0000000a     f2838x_defaultisr.obj (.text:USER8_ISR)
                  00009118    0000000a     f2838x_defaultisr.obj (.text:USER9_ISR)
                  00009122    0000000a     f2838x_defaultisr.obj (.text:WAKE_ISR)
                  0000912c    0000000a     f2838x_defaultisr.obj (.text:XINT1_ISR)
                  00009136    0000000a     f2838x_defaultisr.obj (.text:XINT2_ISR)
                  00009140    0000000a     f2838x_defaultisr.obj (.text:XINT3_ISR)
                  0000914a    0000000a     f2838x_defaultisr.obj (.text:XINT4_ISR)
                  00009154    0000000a     f2838x_defaultisr.obj (.text:XINT5_ISR)
                  0000915e    00000009     rts2800_fpu64_eabi.lib : _lock.c.obj (.text)
                  00009167    00000008                            : copy_decompress_none.c.obj (.text:decompress:none)
                  0000916f    00000008     f2838x_codestartbranch.obj (.text)
                  00009177    00000007     rts2800_fpu64_eabi.lib : memset.c.obj (.text)
                  0000917e    00000006                            : copy_zero_init.c.obj (.text:decompress:ZI)
                  00009184    00000005     f2838x_sysctrl.obj (.text:InitSysCtrl)

.text.3    0    0000c000    00000800     
                  0000c000    000002ba     f2838x_sdfm_drivers.obj (.text:Sdfm_configureComparator)
                  0000c2ba    00000266     f2838x_sdfm_drivers.obj (.text:Sdfm_configureData_filter)
                  0000c520    000000fb     sdfm_ex1_filter_sync_cla_cpu2.obj (.text:main)
                  0000c61b    000000a9     f2838x_sysctrl.obj (.text:InitPeripheralClocks)
                  0000c6c4    00000072     f2838x_sdfm_drivers.obj (.text:Sdfm_configureExternalreset)
                  0000c736    00000037     sdfm_ex1_filter_sync_cla_cpu2.obj (.text:CLA_initCpu2Cla)
                  0000c76d    00000036     sdfm_ex1_filter_sync_cla_cpu2.obj (.text:Cla_initMemoryMap)
                  0000c7a3    00000030     rts2800_fpu64_eabi.lib : copy_decompress_lzss.c.obj (.text:decompress:lzss)
                  0000c7d3    0000002b                            : autoinit.c.obj (.text:__TI_auto_init_nobinit_nopinit)
                  0000c7fe    00000002                            : pre_init.c.obj (.text)

.text.4    0    0000c800    00000800     
                  0000c800    00000029     rts2800_fpu64_eabi.lib : exit.c.obj (.text)
                  0000c829    00000025     f2838x_pievect.obj (.text:InitPieVectTable)
                  0000c84e    0000001f     f2838x_piectrl.obj (.text:InitPieCtrl)
                  0000c86d    0000001d     rts2800_fpu64_eabi.lib : memcpy.c.obj (.text)
                  0000c88a    00000019                            : boot28.asm.obj (.text)
                  0000c8a3    00000013     sdfm_ex1_filter_sync_cla_cpu2.obj (.text:cla1Isr1)
                  0000c8b6    00000013     sdfm_ex1_filter_sync_cla_cpu2.obj (.text:cla1Isr2)
                  0000c8c9    00000011     sdfm_ex1_filter_sync_cla_cpu2.obj (.text:cla1Isr8)
                  0000c8da    00000010     f2838x_sdfm_drivers.obj (.text:Sdfm_enableMIE)
                  0000c8ea    0000000f     sdfm_ex1_filter_sync_cla_cpu2.obj (.text:cla1Isr3)
                  0000c8f9    0000000f     sdfm_ex1_filter_sync_cla_cpu2.obj (.text:cla1Isr4)
                  0000c908    0000000f     sdfm_ex1_filter_sync_cla_cpu2.obj (.text:cla1Isr5)
                  0000c917    0000000f     sdfm_ex1_filter_sync_cla_cpu2.obj (.text:cla1Isr6)
                  0000c926    0000000f     sdfm_ex1_filter_sync_cla_cpu2.obj (.text:cla1Isr7)
                  0000c935    0000000d     f2838x_sysctrl.obj (.text:DisableDog)
                  0000c942    0000000d     f2838x_defaultisr.obj (.text:EMPTY_ISR)
                  0000c94f    0000000c     rts2800_fpu64_eabi.lib : args_main.c.obj (.text)
                  0000c95b    0000000a     f2838x_defaultisr.obj (.text:ADCA1_ISR)
                  0000c965    0000000a     f2838x_defaultisr.obj (.text:ADCA2_ISR)
                  0000c96f    0000000a     f2838x_defaultisr.obj (.text:ADCA3_ISR)
                  0000c979    0000000a     f2838x_defaultisr.obj (.text:ADCA4_ISR)
                  0000c983    0000000a     f2838x_defaultisr.obj (.text:ADCA_EVT_ISR)
                  0000c98d    0000000a     f2838x_defaultisr.obj (.text:ADCB1_ISR)
                  0000c997    0000000a     f2838x_defaultisr.obj (.text:ADCB2_ISR)
                  0000c9a1    0000000a     f2838x_defaultisr.obj (.text:ADCB3_ISR)
                  0000c9ab    0000000a     f2838x_defaultisr.obj (.text:ADCB4_ISR)
                  0000c9b5    0000000a     f2838x_defaultisr.obj (.text:ADCB_EVT_ISR)
                  0000c9bf    0000000a     f2838x_defaultisr.obj (.text:ADCC1_ISR)
                  0000c9c9    0000000a     f2838x_defaultisr.obj (.text:ADCC2_ISR)
                  0000c9d3    0000000a     f2838x_defaultisr.obj (.text:ADCC3_ISR)
                  0000c9dd    0000000a     f2838x_defaultisr.obj (.text:ADCC4_ISR)
                  0000c9e7    0000000a     f2838x_defaultisr.obj (.text:ADCC_EVT_ISR)
                  0000c9f1    0000000a     f2838x_defaultisr.obj (.text:ADCD1_ISR)
                  0000c9fb    0000000a     f2838x_defaultisr.obj (.text:ADCD2_ISR)
                  0000ca05    0000000a     f2838x_defaultisr.obj (.text:ADCD3_ISR)
                  0000ca0f    0000000a     f2838x_defaultisr.obj (.text:ADCD4_ISR)
                  0000ca19    0000000a     f2838x_defaultisr.obj (.text:ADCD_EVT_ISR)
                  0000ca23    0000000a     f2838x_defaultisr.obj (.text:CANA0_ISR)
                  0000ca2d    0000000a     f2838x_defaultisr.obj (.text:CANA1_ISR)
                  0000ca37    0000000a     f2838x_defaultisr.obj (.text:CANB0_ISR)
                  0000ca41    0000000a     f2838x_defaultisr.obj (.text:CANB1_ISR)
                  0000ca4b    0000000a     f2838x_defaultisr.obj (.text:CIPC0_ISR)
                  0000ca55    0000000a     f2838x_defaultisr.obj (.text:CIPC1_ISR)
                  0000ca5f    0000000a     f2838x_defaultisr.obj (.text:CIPC2_ISR)
                  0000ca69    0000000a     f2838x_defaultisr.obj (.text:CIPC3_ISR)
                  0000ca73    0000000a     f2838x_defaultisr.obj (.text:CLA1CRC_ISR)
                  0000ca7d    0000000a     f2838x_defaultisr.obj (.text:CLA1_1_ISR)
                  0000ca87    0000000a     f2838x_defaultisr.obj (.text:CLA1_2_ISR)
                  0000ca91    0000000a     f2838x_defaultisr.obj (.text:CLA1_3_ISR)
                  0000ca9b    0000000a     f2838x_defaultisr.obj (.text:CLA1_4_ISR)
                  0000caa5    0000000a     f2838x_defaultisr.obj (.text:CLA1_5_ISR)
                  0000caaf    0000000a     f2838x_defaultisr.obj (.text:CLA1_6_ISR)
                  0000cab9    0000000a     f2838x_defaultisr.obj (.text:CLA1_7_ISR)
                  0000cac3    0000000a     f2838x_defaultisr.obj (.text:CLA1_8_ISR)
                  0000cacd    0000000a     f2838x_defaultisr.obj (.text:CLA_OVERFLOW_ISR)
                  0000cad7    0000000a     f2838x_defaultisr.obj (.text:CLA_UNDERFLOW_ISR)
                  0000cae1    0000000a     f2838x_defaultisr.obj (.text:CLB1_ISR)
                  0000caeb    0000000a     f2838x_defaultisr.obj (.text:CLB2_ISR)
                  0000caf5    0000000a     f2838x_defaultisr.obj (.text:CLB3_ISR)
                  0000caff    0000000a     f2838x_defaultisr.obj (.text:CLB4_ISR)
                  0000cb09    0000000a     f2838x_defaultisr.obj (.text:CLB5_ISR)
                  0000cb13    0000000a     f2838x_defaultisr.obj (.text:CLB6_ISR)
                  0000cb1d    0000000a     f2838x_defaultisr.obj (.text:CLB7_ISR)
                  0000cb27    0000000a     f2838x_defaultisr.obj (.text:CLB8_ISR)
                  0000cb31    0000000a     f2838x_defaultisr.obj (.text:CMTOCPUXIPC0_ISR)
                  0000cb3b    0000000a     f2838x_defaultisr.obj (.text:CMTOCPUXIPC1_ISR)
                  0000cb45    0000000a     f2838x_defaultisr.obj (.text:CMTOCPUXIPC2_ISR)
                  0000cb4f    0000000a     f2838x_defaultisr.obj (.text:CMTOCPUXIPC3_ISR)
                  0000cb59    0000000a     f2838x_defaultisr.obj (.text:CMTOCPUXIPC4_ISR)
                  0000cb63    0000000a     f2838x_defaultisr.obj (.text:CMTOCPUXIPC5_ISR)
                  0000cb6d    0000000a     f2838x_defaultisr.obj (.text:CMTOCPUXIPC6_ISR)
                  0000cb77    0000000a     f2838x_defaultisr.obj (.text:CMTOCPUXIPC7_ISR)
                  0000cb81    0000000a     f2838x_defaultisr.obj (.text:CM_STATUS_ISR)
                  0000cb8b    0000000a     f2838x_defaultisr.obj (.text:CPUCRC_ISR)
                  0000cb95    0000000a     f2838x_defaultisr.obj (.text:DATALOG_ISR)
                  0000cb9f    0000000a     f2838x_defaultisr.obj (.text:DMA_CH1_ISR)
                  0000cba9    0000000a     f2838x_defaultisr.obj (.text:DMA_CH2_ISR)
                  0000cbb3    0000000a     f2838x_defaultisr.obj (.text:DMA_CH3_ISR)
                  0000cbbd    0000000a     f2838x_defaultisr.obj (.text:DMA_CH4_ISR)
                  0000cbc7    0000000a     f2838x_defaultisr.obj (.text:DMA_CH5_ISR)
                  0000cbd1    0000000a     f2838x_defaultisr.obj (.text:DMA_CH6_ISR)
                  0000cbdb    0000000a     f2838x_defaultisr.obj (.text:ECAP1_ISR)
                  0000cbe5    0000000a     f2838x_defaultisr.obj (.text:ECAP2_ISR)
                  0000cbef    0000000a     f2838x_defaultisr.obj (.text:ECAP3_ISR)
                  0000cbf9    0000000a     f2838x_defaultisr.obj (.text:ECAP4_ISR)
                  0000cc03    0000000a     f2838x_defaultisr.obj (.text:ECAP5_ISR)
                  0000cc0d    0000000a     f2838x_defaultisr.obj (.text:ECAP6_2_ISR)
                  0000cc17    0000000a     f2838x_defaultisr.obj (.text:ECAP6_ISR)
                  0000cc21    0000000a     f2838x_defaultisr.obj (.text:ECAP7_2_ISR)
                  0000cc2b    0000000a     f2838x_defaultisr.obj (.text:ECAP7_ISR)
                  0000cc35    0000000a     f2838x_defaultisr.obj (.text:ECATRST_ISR)
                  0000cc3f    0000000a     f2838x_defaultisr.obj (.text:ECATSYNC0_ISR)
                  0000cc49    0000000a     f2838x_defaultisr.obj (.text:ECATSYNC1_ISR)
                  0000cc53    0000000a     f2838x_defaultisr.obj (.text:ECAT_ISR)
                  0000cc5d    0000000a     f2838x_defaultisr.obj (.text:EMU_ISR)
                  0000cc67    0000000a     f2838x_defaultisr.obj (.text:EPWM10_ISR)
                  0000cc71    0000000a     f2838x_defaultisr.obj (.text:EPWM10_TZ_ISR)
                  0000cc7b    0000000a     f2838x_defaultisr.obj (.text:EPWM11_ISR)
                  0000cc85    0000000a     f2838x_defaultisr.obj (.text:EPWM11_TZ_ISR)
                  0000cc8f    0000000a     f2838x_defaultisr.obj (.text:EPWM12_ISR)
                  0000cc99    0000000a     f2838x_defaultisr.obj (.text:EPWM12_TZ_ISR)
                  0000cca3    0000000a     f2838x_defaultisr.obj (.text:EPWM13_ISR)
                  0000ccad    0000000a     f2838x_defaultisr.obj (.text:EPWM13_TZ_ISR)
                  0000ccb7    0000000a     f2838x_defaultisr.obj (.text:EPWM14_ISR)
                  0000ccc1    0000000a     f2838x_defaultisr.obj (.text:EPWM14_TZ_ISR)
                  0000cccb    0000000a     f2838x_defaultisr.obj (.text:EPWM15_ISR)
                  0000ccd5    0000000a     f2838x_defaultisr.obj (.text:EPWM15_TZ_ISR)
                  0000ccdf    0000000a     f2838x_defaultisr.obj (.text:EPWM16_ISR)
                  0000cce9    0000000a     f2838x_defaultisr.obj (.text:EPWM16_TZ_ISR)
                  0000ccf3    0000000a     f2838x_defaultisr.obj (.text:EPWM1_ISR)
                  0000ccfd    0000000a     f2838x_defaultisr.obj (.text:EPWM1_TZ_ISR)
                  0000cd07    0000000a     f2838x_defaultisr.obj (.text:EPWM2_ISR)
                  0000cd11    0000000a     f2838x_defaultisr.obj (.text:EPWM2_TZ_ISR)
                  0000cd1b    0000000a     f2838x_defaultisr.obj (.text:EPWM3_ISR)
                  0000cd25    0000000a     f2838x_defaultisr.obj (.text:EPWM3_TZ_ISR)
                  0000cd2f    0000000a     f2838x_defaultisr.obj (.text:EPWM4_ISR)
                  0000cd39    0000000a     f2838x_defaultisr.obj (.text:EPWM4_TZ_ISR)
                  0000cd43    0000000a     f2838x_defaultisr.obj (.text:EPWM5_ISR)
                  0000cd4d    0000000a     f2838x_defaultisr.obj (.text:EPWM5_TZ_ISR)
                  0000cd57    0000000a     f2838x_defaultisr.obj (.text:EPWM6_ISR)
                  0000cd61    0000000a     f2838x_defaultisr.obj (.text:EPWM6_TZ_ISR)
                  0000cd6b    0000000a     f2838x_defaultisr.obj (.text:EPWM7_ISR)
                  0000cd75    0000000a     f2838x_defaultisr.obj (.text:EPWM7_TZ_ISR)
                  0000cd7f    0000000a     f2838x_defaultisr.obj (.text:EPWM8_ISR)
                  0000cd89    0000000a     f2838x_defaultisr.obj (.text:EPWM8_TZ_ISR)
                  0000cd93    0000000a     f2838x_defaultisr.obj (.text:EPWM9_ISR)
                  0000cd9d    0000000a     f2838x_defaultisr.obj (.text:EPWM9_TZ_ISR)
                  0000cda7    0000000a     f2838x_defaultisr.obj (.text:EQEP1_ISR)
                  0000cdb1    0000000a     f2838x_defaultisr.obj (.text:EQEP2_ISR)
                  0000cdbb    0000000a     f2838x_defaultisr.obj (.text:EQEP3_ISR)
                  0000cdc5    0000000a     f2838x_defaultisr.obj (.text:FMC_ISR)
                  0000cdcf    0000000a     f2838x_defaultisr.obj (.text:FPU_OFLOW_ISR)
                  0000cdd9    0000000a     f2838x_defaultisr.obj (.text:FPU_UFLOW_ISR)
                  0000cde3    0000000a     f2838x_defaultisr.obj (.text:FSIRXA1_ISR)
                  0000cded    0000000a     f2838x_defaultisr.obj (.text:FSIRXA2_ISR)
                  0000cdf7    0000000a     f2838x_defaultisr.obj (.text:FSIRXB1_ISR)
                  0000ce01    0000000a     f2838x_defaultisr.obj (.text:FSIRXB2_ISR)
                  0000ce0b    0000000a     f2838x_defaultisr.obj (.text:FSIRXC1_ISR)
                  0000ce15    0000000a     f2838x_defaultisr.obj (.text:FSIRXC2_ISR)
                  0000ce1f    0000000a     f2838x_defaultisr.obj (.text:FSIRXD1_ISR)
                  0000ce29    0000000a     f2838x_defaultisr.obj (.text:FSIRXD2_ISR)
                  0000ce33    0000000a     f2838x_defaultisr.obj (.text:FSIRXE1_ISR)
                  0000ce3d    0000000a     f2838x_defaultisr.obj (.text:FSIRXE2_ISR)
                  0000ce47    0000000a     f2838x_defaultisr.obj (.text:FSIRXF1_ISR)
                  0000ce51    0000000a     f2838x_defaultisr.obj (.text:FSIRXF2_ISR)
                  0000ce5b    0000000a     f2838x_defaultisr.obj (.text:FSIRXG1_ISR)
                  0000ce65    0000000a     f2838x_defaultisr.obj (.text:FSIRXG2_ISR)
                  0000ce6f    0000000a     f2838x_defaultisr.obj (.text:FSIRXH1_ISR)
                  0000ce79    0000000a     f2838x_defaultisr.obj (.text:FSIRXH2_ISR)
                  0000ce83    0000000a     f2838x_defaultisr.obj (.text:FSITXA1_ISR)
                  0000ce8d    0000000a     f2838x_defaultisr.obj (.text:FSITXA2_ISR)
                  0000ce97    0000000a     f2838x_defaultisr.obj (.text:FSITXB1_ISR)
                  0000cea1    0000000a     f2838x_defaultisr.obj (.text:FSITXB2_ISR)
                  0000ceab    0000000a     f2838x_defaultisr.obj (.text:I2CA_FIFO_ISR)
                  0000ceb5    0000000a     f2838x_defaultisr.obj (.text:I2CA_HIGH_ISR)
                  0000cebf    0000000a     f2838x_defaultisr.obj (.text:I2CA_ISR)
                  0000cec9    0000000a     f2838x_defaultisr.obj (.text:I2CB_FIFO_ISR)
                  0000ced3    0000000a     f2838x_defaultisr.obj (.text:I2CB_ISR)
                  0000cedd    0000000a     f2838x_defaultisr.obj (.text:ILLEGAL_ISR)
                  0000cee7    0000000a     f2838x_defaultisr.obj (.text:MCANA_0_ISR)
                  0000cef1    0000000a     f2838x_defaultisr.obj (.text:MCANA_1_ISR)
                  0000cefb    0000000a     f2838x_defaultisr.obj (.text:MCANA_ECC_ISR)
                  0000cf05    0000000a     f2838x_defaultisr.obj (.text:MCANA_WAKE_ISR)
                  0000cf0f    0000000a     f2838x_defaultisr.obj (.text:MCBSPA_RX_ISR)
                  0000cf19    0000000a     f2838x_defaultisr.obj (.text:MCBSPA_TX_ISR)
                  0000cf23    0000000a     f2838x_defaultisr.obj (.text:MCBSPB_RX_ISR)
                  0000cf2d    0000000a     f2838x_defaultisr.obj (.text:MCBSPB_TX_ISR)
                  0000cf37    0000000a     f2838x_defaultisr.obj (.text:MPOST_ISR)
                  0000cf41    0000000a     f2838x_defaultisr.obj (.text:NMI_ISR)
                  0000cf4b    0000000a     f2838x_defaultisr.obj (.text:NOTUSED_ISR)
                  0000cf55    0000000a     f2838x_defaultisr.obj (.text:PIE_RESERVED_ISR)
                  0000cf5f    0000000a     f2838x_defaultisr.obj (.text:PMBUSA_ISR)
                  0000cf69    0000000a     f2838x_defaultisr.obj (.text:RTOS_ISR)
                  0000cf73    0000000a     f2838x_defaultisr.obj (.text:SCIA_RX_ISR)
                  0000cf7d    0000000a     f2838x_defaultisr.obj (.text:SCIA_TX_ISR)
                  0000cf87    0000000a     f2838x_defaultisr.obj (.text:SCIB_RX_ISR)
                  0000cf91    0000000a     f2838x_defaultisr.obj (.text:SCIB_TX_ISR)
                  0000cf9b    0000000a     f2838x_defaultisr.obj (.text:SCIC_RX_ISR)
                  0000cfa5    0000000a     f2838x_defaultisr.obj (.text:SCIC_TX_ISR)
                  0000cfaf    0000000a     f2838x_defaultisr.obj (.text:SCID_RX_ISR)
                  0000cfb9    0000000a     f2838x_defaultisr.obj (.text:SCID_TX_ISR)
                  0000cfc3    0000000a     f2838x_defaultisr.obj (.text:SDFM1DR1_ISR)
                  0000cfcd    0000000a     f2838x_defaultisr.obj (.text:SDFM1DR2_ISR)
                  0000cfd7    0000000a     f2838x_defaultisr.obj (.text:SDFM1DR3_ISR)
                  0000cfe1    0000000a     f2838x_defaultisr.obj (.text:SDFM1DR4_ISR)
                  0000cfeb    0000000a     f2838x_defaultisr.obj (.text:SDFM1_ISR)
                  0000cff5    0000000a     f2838x_defaultisr.obj (.text:SDFM2DR1_ISR)
                  0000cfff    00000001     rts2800_fpu64_eabi.lib : startup.c.obj (.text)

MODULE SUMMARY

       Module                              code   ro data   rw data
       ------                              ----   -------   -------
    .\
       sdfm_ex1_filter_cla_sync_cpu2.obj   312    0         4102   
       f2838x_defaultisr.obj               2063   0         0      
       f2838x_sdfm_drivers.obj             2033   0         0      
       f2838x_globalvariabledefs.obj       0      0         1201   
       sdfm_ex1_filter_sync_cla_cpu2.obj   490    0         1      
       f2838x_pievect.obj                  37     448       0      
       f2838x_sysctrl.obj                  187    0         0      
       f2838x_piectrl.obj                  31     0         0      
       f2838x_codestartbranch.obj          10     0         0      
       f2838x_struct.obj                   0      0         6      
    +--+-----------------------------------+------+---------+---------+
       Total:                              5163   448       5310   
                                                                   
    C:\ti\ccs1250\ccs\tools\compiler\ti-cgt-c2000_22.6.1.LTS\lib\rts2800_fpu64_eabi.lib
       copy_decompress_lzss.c.obj          48     0         0      
       exit.c.obj                          41     0         6      
       autoinit.c.obj                      43     0         0      
       memcpy.c.obj                        29     0         0      
       boot28.asm.obj                      25     0         0      
       _lock.c.obj                         9      0         4      
       args_main.c.obj                     12     0         0      
       copy_decompress_none.c.obj          8      0         0      
       memset.c.obj                        7      0         0      
       copy_zero_init.c.obj                6      0         0      
       pre_init.c.obj                      2      0         0      
       startup.c.obj                       1      0         0      
    +--+-----------------------------------+------+---------+---------+
       Total:                              231    0         10     
                                                                   
       Stack:                              0      0         256    
       Linker Generated:                   0      88        0      
    +--+-----------------------------------+------+---------+---------+
       Grand Total:                        5394   536       5576   


LINKER GENERATED COPY TABLES

__TI_cinit_table @ 00009834 records: 9, size/record: 4, table size: 36
	.data: load addr=00009800, load size=0000000e bytes, run addr=0000a002, run size=00000010 bytes, compression=lzss
	.bss: load addr=00009814, load size=00000004 bytes, run addr=0000a000, run size=00000001 bytes, compression=zero_init
	.bss_cla: load addr=00009818, load size=00000004 bytes, run addr=00008800, run size=00000002 bytes, compression=zero_init
	.scratchpad: load addr=0000981c, load size=00000004 bytes, run addr=00008802, run size=00000002 bytes, compression=zero_init
	Filter1_RegsFile: load addr=00009820, load size=00000004 bytes, run addr=0000b400, run size=00000400 bytes, compression=zero_init
	Filter2_RegsFile: load addr=00009824, load size=00000004 bytes, run addr=0000b000, run size=00000400 bytes, compression=zero_init
	Filter3_RegsFile: load addr=00009828, load size=00000004 bytes, run addr=0000bc00, run size=00000400 bytes, compression=zero_init
	Filter4_RegsFile: load addr=0000982c, load size=00000004 bytes, run addr=0000b800, run size=00000400 bytes, compression=zero_init
	PieVectTableFile: load addr=00009830, load size=00000004 bytes, run addr=00000d00, run size=000001c0 bytes, compression=zero_init


LINKER GENERATED HANDLER TABLE

__TI_handler_table @ 0000980e records: 3, size/record: 2, table size: 6
	index: 0, handler: __TI_zero_init
	index: 1, handler: __TI_decompress_lzss
	index: 2, handler: __TI_decompress_none


GLOBAL DATA SYMBOLS: SORTED BY DATA PAGE

address     data page           name
--------    ----------------    ----
00000400      10 (00000400)     __stack

00000ce0      33 (00000cc0)     PieCtrlRegs

00000d00      34 (00000d00)     PieVectTable

00001400      50 (00001400)     Cla1Regs

00005e00     178 (00005e00)     Sdfm1Regs

00005e80     17a (00005e80)     Sdfm2Regs

00007000     1c0 (00007000)     WdRegs

00007980     1e6 (00007980)     DmaClaSrcSelRegs

00008800     220 (00008800)     loopCounter1
00008801     220 (00008800)     loopCounter2

0000a000     280 (0000a000)     gPeripheralNumber
0000a002     280 (0000a000)     SDFM
0000a008     280 (0000a000)     __TI_enable_exit_profile_output
0000a00a     280 (0000a000)     __TI_cleanup_ptr
0000a00c     280 (0000a000)     __TI_dtors_ptr
0000a00e     280 (0000a000)     _lock
0000a010     280 (0000a000)     _unlock

0000a040     281 (0000a040)     PieVectTableInit

0000b000     2c0 (0000b000)     Filter2_Result_CPU2

0000b400     2d0 (0000b400)     Filter1_Result_CPU2

0000b800     2e0 (0000b800)     Filter4_Result_CPU2

0000bc00     2f0 (0000bc00)     Filter3_Result_CPU2

0005d300    174c (0005d300)     CpuSysRegs

0005f400    17d0 (0005f400)     MemCfgRegs


GLOBAL SYMBOLS: SORTED ALPHABETICALLY BY Name 

page  address   name                           
----  -------   ----                           
0     0000c95b  ADCA1_ISR                      
0     0000c965  ADCA2_ISR                      
0     0000c96f  ADCA3_ISR                      
0     0000c979  ADCA4_ISR                      
0     0000c983  ADCA_EVT_ISR                   
0     0000c98d  ADCB1_ISR                      
0     0000c997  ADCB2_ISR                      
0     0000c9a1  ADCB3_ISR                      
0     0000c9ab  ADCB4_ISR                      
0     0000c9b5  ADCB_EVT_ISR                   
0     0000c9bf  ADCC1_ISR                      
0     0000c9c9  ADCC2_ISR                      
0     0000c9d3  ADCC3_ISR                      
0     0000c9dd  ADCC4_ISR                      
0     0000c9e7  ADCC_EVT_ISR                   
0     0000c9f1  ADCD1_ISR                      
0     0000c9fb  ADCD2_ISR                      
0     0000ca05  ADCD3_ISR                      
0     0000ca0f  ADCD4_ISR                      
0     0000ca19  ADCD_EVT_ISR                   
0     0000c800  C$$EXIT                        
0     0000ca23  CANA0_ISR                      
0     0000ca2d  CANA1_ISR                      
0     0000ca37  CANB0_ISR                      
0     0000ca41  CANB1_ISR                      
0     0000ca4b  CIPC0_ISR                      
0     0000ca55  CIPC1_ISR                      
0     0000ca5f  CIPC2_ISR                      
0     0000ca69  CIPC3_ISR                      
0     0000ca73  CLA1CRC_ISR                    
0     0000ca7d  CLA1_1_ISR                     
0     0000ca87  CLA1_2_ISR                     
0     0000ca91  CLA1_3_ISR                     
0     0000ca9b  CLA1_4_ISR                     
0     0000caa5  CLA1_5_ISR                     
0     0000caaf  CLA1_6_ISR                     
0     0000cab9  CLA1_7_ISR                     
0     0000cac3  CLA1_8_ISR                     
0     0000cacd  CLA_OVERFLOW_ISR               
abs   00000100  CLA_SCRATCHPAD_SIZE            
0     0000cad7  CLA_UNDERFLOW_ISR              
0     0000c736  CLA_initCpu2Cla                
0     0000cae1  CLB1_ISR                       
0     0000caeb  CLB2_ISR                       
0     0000caf5  CLB3_ISR                       
0     0000caff  CLB4_ISR                       
0     0000cb09  CLB5_ISR                       
0     0000cb13  CLB6_ISR                       
0     0000cb1d  CLB7_ISR                       
0     0000cb27  CLB8_ISR                       
0     0000cb31  CMTOCPUXIPC0_ISR               
0     0000cb3b  CMTOCPUXIPC1_ISR               
0     0000cb45  CMTOCPUXIPC2_ISR               
0     0000cb4f  CMTOCPUXIPC3_ISR               
0     0000cb59  CMTOCPUXIPC4_ISR               
0     0000cb63  CMTOCPUXIPC5_ISR               
0     0000cb6d  CMTOCPUXIPC6_ISR               
0     0000cb77  CMTOCPUXIPC7_ISR               
0     0000cb81  CM_STATUS_ISR                  
0     0000cb8b  CPUCRC_ISR                     
1     00001400  Cla1Regs                       
0     0000a800  Cla1Task1                      
0     0000a894  Cla1Task2                      
0     0000a928  Cla1Task8                      
0     0000c76d  Cla_initMemoryMap              
1     0005d300  CpuSysRegs                     
0     0000cb95  DATALOG_ISR                    
0     0000cb9f  DMA_CH1_ISR                    
0     0000cba9  DMA_CH2_ISR                    
0     0000cbb3  DMA_CH3_ISR                    
0     0000cbbd  DMA_CH4_ISR                    
0     0000cbc7  DMA_CH5_ISR                    
0     0000cbd1  DMA_CH6_ISR                    
0     0000c935  DisableDog                     
1     00007980  DmaClaSrcSelRegs               
0     0000cbdb  ECAP1_ISR                      
0     0000cbe5  ECAP2_ISR                      
0     0000cbef  ECAP3_ISR                      
0     0000cbf9  ECAP4_ISR                      
0     0000cc03  ECAP5_ISR                      
0     0000cc0d  ECAP6_2_ISR                    
0     0000cc17  ECAP6_ISR                      
0     0000cc21  ECAP7_2_ISR                    
0     0000cc2b  ECAP7_ISR                      
0     0000cc35  ECATRST_ISR                    
0     0000cc3f  ECATSYNC0_ISR                  
0     0000cc49  ECATSYNC1_ISR                  
0     0000cc53  ECAT_ISR                       
0     0000c942  EMPTY_ISR                      
0     0000cc5d  EMU_ISR                        
0     0000cc67  EPWM10_ISR                     
0     0000cc71  EPWM10_TZ_ISR                  
0     0000cc7b  EPWM11_ISR                     
0     0000cc85  EPWM11_TZ_ISR                  
0     0000cc8f  EPWM12_ISR                     
0     0000cc99  EPWM12_TZ_ISR                  
0     0000cca3  EPWM13_ISR                     
0     0000ccad  EPWM13_TZ_ISR                  
0     0000ccb7  EPWM14_ISR                     
0     0000ccc1  EPWM14_TZ_ISR                  
0     0000cccb  EPWM15_ISR                     
0     0000ccd5  EPWM15_TZ_ISR                  
0     0000ccdf  EPWM16_ISR                     
0     0000cce9  EPWM16_TZ_ISR                  
0     0000ccf3  EPWM1_ISR                      
0     0000ccfd  EPWM1_TZ_ISR                   
0     0000cd07  EPWM2_ISR                      
0     0000cd11  EPWM2_TZ_ISR                   
0     0000cd1b  EPWM3_ISR                      
0     0000cd25  EPWM3_TZ_ISR                   
0     0000cd2f  EPWM4_ISR                      
0     0000cd39  EPWM4_TZ_ISR                   
0     0000cd43  EPWM5_ISR                      
0     0000cd4d  EPWM5_TZ_ISR                   
0     0000cd57  EPWM6_ISR                      
0     0000cd61  EPWM6_TZ_ISR                   
0     0000cd6b  EPWM7_ISR                      
0     0000cd75  EPWM7_TZ_ISR                   
0     0000cd7f  EPWM8_ISR                      
0     0000cd89  EPWM8_TZ_ISR                   
0     0000cd93  EPWM9_ISR                      
0     0000cd9d  EPWM9_TZ_ISR                   
0     0000cda7  EQEP1_ISR                      
0     0000cdb1  EQEP2_ISR                      
0     0000cdbb  EQEP3_ISR                      
0     0000cdc5  FMC_ISR                        
0     0000cdcf  FPU_OFLOW_ISR                  
0     0000cdd9  FPU_UFLOW_ISR                  
0     0000cde3  FSIRXA1_ISR                    
0     0000cded  FSIRXA2_ISR                    
0     0000cdf7  FSIRXB1_ISR                    
0     0000ce01  FSIRXB2_ISR                    
0     0000ce0b  FSIRXC1_ISR                    
0     0000ce15  FSIRXC2_ISR                    
0     0000ce1f  FSIRXD1_ISR                    
0     0000ce29  FSIRXD2_ISR                    
0     0000ce33  FSIRXE1_ISR                    
0     0000ce3d  FSIRXE2_ISR                    
0     0000ce47  FSIRXF1_ISR                    
0     0000ce51  FSIRXF2_ISR                    
0     0000ce5b  FSIRXG1_ISR                    
0     0000ce65  FSIRXG2_ISR                    
0     0000ce6f  FSIRXH1_ISR                    
0     0000ce79  FSIRXH2_ISR                    
0     0000ce83  FSITXA1_ISR                    
0     0000ce8d  FSITXA2_ISR                    
0     0000ce97  FSITXB1_ISR                    
0     0000cea1  FSITXB2_ISR                    
0     0000b400  Filter1_Result_CPU2            
0     0000b000  Filter2_Result_CPU2            
0     0000bc00  Filter3_Result_CPU2            
0     0000b800  Filter4_Result_CPU2            
0     0000ceab  I2CA_FIFO_ISR                  
0     0000ceb5  I2CA_HIGH_ISR                  
0     0000cebf  I2CA_ISR                       
0     0000cec9  I2CB_FIFO_ISR                  
0     0000ced3  I2CB_ISR                       
0     0000cedd  ILLEGAL_ISR                    
0     0000c61b  InitPeripheralClocks           
0     0000c84e  InitPieCtrl                    
0     0000c829  InitPieVectTable               
0     00009184  InitSysCtrl                    
0     0000cee7  MCANA_0_ISR                    
0     0000cef1  MCANA_1_ISR                    
0     0000cefb  MCANA_ECC_ISR                  
0     0000cf05  MCANA_WAKE_ISR                 
0     0000cf0f  MCBSPA_RX_ISR                  
0     0000cf19  MCBSPA_TX_ISR                  
0     0000cf23  MCBSPB_RX_ISR                  
0     0000cf2d  MCBSPB_TX_ISR                  
0     0000cf37  MPOST_ISR                      
1     0005f400  MemCfgRegs                     
0     0000cf41  NMI_ISR                        
0     0000cf4b  NOTUSED_ISR                    
0     0000cf55  PIE_RESERVED_ISR               
0     0000cf5f  PMBUSA_ISR                     
1     00000ce0  PieCtrlRegs                    
1     00000d00  PieVectTable                   
0     0000a040  PieVectTableInit               
0     0000cf69  RTOS_ISR                       
0     0000cf73  SCIA_RX_ISR                    
0     0000cf7d  SCIA_TX_ISR                    
0     0000cf87  SCIB_RX_ISR                    
0     0000cf91  SCIB_TX_ISR                    
0     0000cf9b  SCIC_RX_ISR                    
0     0000cfa5  SCIC_TX_ISR                    
0     0000cfaf  SCID_RX_ISR                    
0     0000cfb9  SCID_TX_ISR                    
0     0000a002  SDFM                           
0     0000cfc3  SDFM1DR1_ISR                   
0     0000cfcd  SDFM1DR2_ISR                   
0     0000cfd7  SDFM1DR3_ISR                   
0     0000cfe1  SDFM1DR4_ISR                   
0     0000cfeb  SDFM1_ISR                      
0     0000cff5  SDFM2DR1_ISR                   
0     00009000  SDFM2DR2_ISR                   
0     0000900a  SDFM2DR3_ISR                   
0     00009014  SDFM2DR4_ISR                   
0     0000901e  SDFM2_ISR                      
0     00009028  SPIA_RX_ISR                    
0     00009032  SPIA_TX_ISR                    
0     0000903c  SPIB_RX_ISR                    
0     00009046  SPIB_TX_ISR                    
0     00009050  SPIC_RX_ISR                    
0     0000905a  SPIC_TX_ISR                    
0     00009064  SPID_RX_ISR                    
0     0000906e  SPID_TX_ISR                    
0     00009078  SYS_ERR_ISR                    
1     00005e00  Sdfm1Regs                      
1     00005e80  Sdfm2Regs                      
0     0000c000  Sdfm_configureComparator       
0     0000c2ba  Sdfm_configureData_filter      
0     0000c6c4  Sdfm_configureExternalreset    
0     00000372  Sdfm_configureInputCtrl        
0     000001b1  Sdfm_configureInterrupt        
0     000003f0  Sdfm_enableMFE                 
0     0000c8da  Sdfm_enableMIE                 
0     00009082  TIMER0_ISR                     
0     0000908c  TIMER1_ISR                     
0     00009096  TIMER2_ISR                     
0     000090a0  USBA_ISR                       
0     000090aa  USER10_ISR                     
0     000090b4  USER11_ISR                     
0     000090be  USER12_ISR                     
0     000090c8  USER1_ISR                      
0     000090d2  USER2_ISR                      
0     000090dc  USER3_ISR                      
0     000090e6  USER4_ISR                      
0     000090f0  USER5_ISR                      
0     000090fa  USER6_ISR                      
0     00009104  USER7_ISR                      
0     0000910e  USER8_ISR                      
0     00009118  USER9_ISR                      
0     00009122  WAKE_ISR                       
1     00007000  WdRegs                         
0     0000912c  XINT1_ISR                      
0     00009136  XINT2_ISR                      
0     00009140  XINT3_ISR                      
0     0000914a  XINT4_ISR                      
0     00009154  XINT5_ISR                      
0     00009834  __TI_CINIT_Base                
0     00009858  __TI_CINIT_Limit               
0     00009858  __TI_CINIT_Warm                
0     0000980e  __TI_Handler_Table_Base        
0     00009814  __TI_Handler_Table_Limit       
0     00000500  __TI_STACK_END                 
abs   00000100  __TI_STACK_SIZE                
0     0000c7d3  __TI_auto_init_nobinit_nopinit 
0     0000a00a  __TI_cleanup_ptr               
0     0000c7a3  __TI_decompress_lzss           
0     00009167  __TI_decompress_none           
0     0000a00c  __TI_dtors_ptr                 
0     0000a008  __TI_enable_exit_profile_output
abs   ffffffff  __TI_pprof_out_hndl            
abs   ffffffff  __TI_prof_data_size            
abs   ffffffff  __TI_prof_data_start           
0     0000917e  __TI_zero_init                 
n/a   UNDEFED   __c_args__                     
0     00000400  __stack                        
0     0000c94f  _args_main                     
0     0000c88a  _c_int00                       
0     0000a00e  _lock                          
0     00009166  _nop                           
0     00009162  _register_lock                 
0     0000915e  _register_unlock               
0     0000cfff  _system_post_cinit             
0     0000c7fe  _system_pre_init               
0     0000a010  _unlock                        
0     0000c800  abort                          
0     0000c8a3  cla1Isr1                       
0     0000c8b6  cla1Isr2                       
0     0000c8ea  cla1Isr3                       
0     0000c8f9  cla1Isr4                       
0     0000c908  cla1Isr5                       
0     0000c917  cla1Isr6                       
0     0000c926  cla1Isr7                       
0     0000c8c9  cla1Isr8                       
0     00000000  code_start                     
0     0000c802  exit                           
0     0000a000  gPeripheralNumber              
0     00008800  loopCounter1                   
0     00008801  loopCounter2                   
0     0000c520  main                           
0     0000c86d  memcpy                         
0     00009177  memset                         


GLOBAL SYMBOLS: SORTED BY Symbol Address 

page  address   name                           
----  -------   ----                           
0     00000000  code_start                     
0     000001b1  Sdfm_configureInterrupt        
0     00000372  Sdfm_configureInputCtrl        
0     000003f0  Sdfm_enableMFE                 
0     00000400  __stack                        
0     00000500  __TI_STACK_END                 
0     00008800  loopCounter1                   
0     00008801  loopCounter2                   
0     00009000  SDFM2DR2_ISR                   
0     0000900a  SDFM2DR3_ISR                   
0     00009014  SDFM2DR4_ISR                   
0     0000901e  SDFM2_ISR                      
0     00009028  SPIA_RX_ISR                    
0     00009032  SPIA_TX_ISR                    
0     0000903c  SPIB_RX_ISR                    
0     00009046  SPIB_TX_ISR                    
0     00009050  SPIC_RX_ISR                    
0     0000905a  SPIC_TX_ISR                    
0     00009064  SPID_RX_ISR                    
0     0000906e  SPID_TX_ISR                    
0     00009078  SYS_ERR_ISR                    
0     00009082  TIMER0_ISR                     
0     0000908c  TIMER1_ISR                     
0     00009096  TIMER2_ISR                     
0     000090a0  USBA_ISR                       
0     000090aa  USER10_ISR                     
0     000090b4  USER11_ISR                     
0     000090be  USER12_ISR                     
0     000090c8  USER1_ISR                      
0     000090d2  USER2_ISR                      
0     000090dc  USER3_ISR                      
0     000090e6  USER4_ISR                      
0     000090f0  USER5_ISR                      
0     000090fa  USER6_ISR                      
0     00009104  USER7_ISR                      
0     0000910e  USER8_ISR                      
0     00009118  USER9_ISR                      
0     00009122  WAKE_ISR                       
0     0000912c  XINT1_ISR                      
0     00009136  XINT2_ISR                      
0     00009140  XINT3_ISR                      
0     0000914a  XINT4_ISR                      
0     00009154  XINT5_ISR                      
0     0000915e  _register_unlock               
0     00009162  _register_lock                 
0     00009166  _nop                           
0     00009167  __TI_decompress_none           
0     00009177  memset                         
0     0000917e  __TI_zero_init                 
0     00009184  InitSysCtrl                    
0     0000980e  __TI_Handler_Table_Base        
0     00009814  __TI_Handler_Table_Limit       
0     00009834  __TI_CINIT_Base                
0     00009858  __TI_CINIT_Limit               
0     00009858  __TI_CINIT_Warm                
0     0000a000  gPeripheralNumber              
0     0000a002  SDFM                           
0     0000a008  __TI_enable_exit_profile_output
0     0000a00a  __TI_cleanup_ptr               
0     0000a00c  __TI_dtors_ptr                 
0     0000a00e  _lock                          
0     0000a010  _unlock                        
0     0000a040  PieVectTableInit               
0     0000a800  Cla1Task1                      
0     0000a894  Cla1Task2                      
0     0000a928  Cla1Task8                      
0     0000b000  Filter2_Result_CPU2            
0     0000b400  Filter1_Result_CPU2            
0     0000b800  Filter4_Result_CPU2            
0     0000bc00  Filter3_Result_CPU2            
0     0000c000  Sdfm_configureComparator       
0     0000c2ba  Sdfm_configureData_filter      
0     0000c520  main                           
0     0000c61b  InitPeripheralClocks           
0     0000c6c4  Sdfm_configureExternalreset    
0     0000c736  CLA_initCpu2Cla                
0     0000c76d  Cla_initMemoryMap              
0     0000c7a3  __TI_decompress_lzss           
0     0000c7d3  __TI_auto_init_nobinit_nopinit 
0     0000c7fe  _system_pre_init               
0     0000c800  C$$EXIT                        
0     0000c800  abort                          
0     0000c802  exit                           
0     0000c829  InitPieVectTable               
0     0000c84e  InitPieCtrl                    
0     0000c86d  memcpy                         
0     0000c88a  _c_int00                       
0     0000c8a3  cla1Isr1                       
0     0000c8b6  cla1Isr2                       
0     0000c8c9  cla1Isr8                       
0     0000c8da  Sdfm_enableMIE                 
0     0000c8ea  cla1Isr3                       
0     0000c8f9  cla1Isr4                       
0     0000c908  cla1Isr5                       
0     0000c917  cla1Isr6                       
0     0000c926  cla1Isr7                       
0     0000c935  DisableDog                     
0     0000c942  EMPTY_ISR                      
0     0000c94f  _args_main                     
0     0000c95b  ADCA1_ISR                      
0     0000c965  ADCA2_ISR                      
0     0000c96f  ADCA3_ISR                      
0     0000c979  ADCA4_ISR                      
0     0000c983  ADCA_EVT_ISR                   
0     0000c98d  ADCB1_ISR                      
0     0000c997  ADCB2_ISR                      
0     0000c9a1  ADCB3_ISR                      
0     0000c9ab  ADCB4_ISR                      
0     0000c9b5  ADCB_EVT_ISR                   
0     0000c9bf  ADCC1_ISR                      
0     0000c9c9  ADCC2_ISR                      
0     0000c9d3  ADCC3_ISR                      
0     0000c9dd  ADCC4_ISR                      
0     0000c9e7  ADCC_EVT_ISR                   
0     0000c9f1  ADCD1_ISR                      
0     0000c9fb  ADCD2_ISR                      
0     0000ca05  ADCD3_ISR                      
0     0000ca0f  ADCD4_ISR                      
0     0000ca19  ADCD_EVT_ISR                   
0     0000ca23  CANA0_ISR                      
0     0000ca2d  CANA1_ISR                      
0     0000ca37  CANB0_ISR                      
0     0000ca41  CANB1_ISR                      
0     0000ca4b  CIPC0_ISR                      
0     0000ca55  CIPC1_ISR                      
0     0000ca5f  CIPC2_ISR                      
0     0000ca69  CIPC3_ISR                      
0     0000ca73  CLA1CRC_ISR                    
0     0000ca7d  CLA1_1_ISR                     
0     0000ca87  CLA1_2_ISR                     
0     0000ca91  CLA1_3_ISR                     
0     0000ca9b  CLA1_4_ISR                     
0     0000caa5  CLA1_5_ISR                     
0     0000caaf  CLA1_6_ISR                     
0     0000cab9  CLA1_7_ISR                     
0     0000cac3  CLA1_8_ISR                     
0     0000cacd  CLA_OVERFLOW_ISR               
0     0000cad7  CLA_UNDERFLOW_ISR              
0     0000cae1  CLB1_ISR                       
0     0000caeb  CLB2_ISR                       
0     0000caf5  CLB3_ISR                       
0     0000caff  CLB4_ISR                       
0     0000cb09  CLB5_ISR                       
0     0000cb13  CLB6_ISR                       
0     0000cb1d  CLB7_ISR                       
0     0000cb27  CLB8_ISR                       
0     0000cb31  CMTOCPUXIPC0_ISR               
0     0000cb3b  CMTOCPUXIPC1_ISR               
0     0000cb45  CMTOCPUXIPC2_ISR               
0     0000cb4f  CMTOCPUXIPC3_ISR               
0     0000cb59  CMTOCPUXIPC4_ISR               
0     0000cb63  CMTOCPUXIPC5_ISR               
0     0000cb6d  CMTOCPUXIPC6_ISR               
0     0000cb77  CMTOCPUXIPC7_ISR               
0     0000cb81  CM_STATUS_ISR                  
0     0000cb8b  CPUCRC_ISR                     
0     0000cb95  DATALOG_ISR                    
0     0000cb9f  DMA_CH1_ISR                    
0     0000cba9  DMA_CH2_ISR                    
0     0000cbb3  DMA_CH3_ISR                    
0     0000cbbd  DMA_CH4_ISR                    
0     0000cbc7  DMA_CH5_ISR                    
0     0000cbd1  DMA_CH6_ISR                    
0     0000cbdb  ECAP1_ISR                      
0     0000cbe5  ECAP2_ISR                      
0     0000cbef  ECAP3_ISR                      
0     0000cbf9  ECAP4_ISR                      
0     0000cc03  ECAP5_ISR                      
0     0000cc0d  ECAP6_2_ISR                    
0     0000cc17  ECAP6_ISR                      
0     0000cc21  ECAP7_2_ISR                    
0     0000cc2b  ECAP7_ISR                      
0     0000cc35  ECATRST_ISR                    
0     0000cc3f  ECATSYNC0_ISR                  
0     0000cc49  ECATSYNC1_ISR                  
0     0000cc53  ECAT_ISR                       
0     0000cc5d  EMU_ISR                        
0     0000cc67  EPWM10_ISR                     
0     0000cc71  EPWM10_TZ_ISR                  
0     0000cc7b  EPWM11_ISR                     
0     0000cc85  EPWM11_TZ_ISR                  
0     0000cc8f  EPWM12_ISR                     
0     0000cc99  EPWM12_TZ_ISR                  
0     0000cca3  EPWM13_ISR                     
0     0000ccad  EPWM13_TZ_ISR                  
0     0000ccb7  EPWM14_ISR                     
0     0000ccc1  EPWM14_TZ_ISR                  
0     0000cccb  EPWM15_ISR                     
0     0000ccd5  EPWM15_TZ_ISR                  
0     0000ccdf  EPWM16_ISR                     
0     0000cce9  EPWM16_TZ_ISR                  
0     0000ccf3  EPWM1_ISR                      
0     0000ccfd  EPWM1_TZ_ISR                   
0     0000cd07  EPWM2_ISR                      
0     0000cd11  EPWM2_TZ_ISR                   
0     0000cd1b  EPWM3_ISR                      
0     0000cd25  EPWM3_TZ_ISR                   
0     0000cd2f  EPWM4_ISR                      
0     0000cd39  EPWM4_TZ_ISR                   
0     0000cd43  EPWM5_ISR                      
0     0000cd4d  EPWM5_TZ_ISR                   
0     0000cd57  EPWM6_ISR                      
0     0000cd61  EPWM6_TZ_ISR                   
0     0000cd6b  EPWM7_ISR                      
0     0000cd75  EPWM7_TZ_ISR                   
0     0000cd7f  EPWM8_ISR                      
0     0000cd89  EPWM8_TZ_ISR                   
0     0000cd93  EPWM9_ISR                      
0     0000cd9d  EPWM9_TZ_ISR                   
0     0000cda7  EQEP1_ISR                      
0     0000cdb1  EQEP2_ISR                      
0     0000cdbb  EQEP3_ISR                      
0     0000cdc5  FMC_ISR                        
0     0000cdcf  FPU_OFLOW_ISR                  
0     0000cdd9  FPU_UFLOW_ISR                  
0     0000cde3  FSIRXA1_ISR                    
0     0000cded  FSIRXA2_ISR                    
0     0000cdf7  FSIRXB1_ISR                    
0     0000ce01  FSIRXB2_ISR                    
0     0000ce0b  FSIRXC1_ISR                    
0     0000ce15  FSIRXC2_ISR                    
0     0000ce1f  FSIRXD1_ISR                    
0     0000ce29  FSIRXD2_ISR                    
0     0000ce33  FSIRXE1_ISR                    
0     0000ce3d  FSIRXE2_ISR                    
0     0000ce47  FSIRXF1_ISR                    
0     0000ce51  FSIRXF2_ISR                    
0     0000ce5b  FSIRXG1_ISR                    
0     0000ce65  FSIRXG2_ISR                    
0     0000ce6f  FSIRXH1_ISR                    
0     0000ce79  FSIRXH2_ISR                    
0     0000ce83  FSITXA1_ISR                    
0     0000ce8d  FSITXA2_ISR                    
0     0000ce97  FSITXB1_ISR                    
0     0000cea1  FSITXB2_ISR                    
0     0000ceab  I2CA_FIFO_ISR                  
0     0000ceb5  I2CA_HIGH_ISR                  
0     0000cebf  I2CA_ISR                       
0     0000cec9  I2CB_FIFO_ISR                  
0     0000ced3  I2CB_ISR                       
0     0000cedd  ILLEGAL_ISR                    
0     0000cee7  MCANA_0_ISR                    
0     0000cef1  MCANA_1_ISR                    
0     0000cefb  MCANA_ECC_ISR                  
0     0000cf05  MCANA_WAKE_ISR                 
0     0000cf0f  MCBSPA_RX_ISR                  
0     0000cf19  MCBSPA_TX_ISR                  
0     0000cf23  MCBSPB_RX_ISR                  
0     0000cf2d  MCBSPB_TX_ISR                  
0     0000cf37  MPOST_ISR                      
0     0000cf41  NMI_ISR                        
0     0000cf4b  NOTUSED_ISR                    
0     0000cf55  PIE_RESERVED_ISR               
0     0000cf5f  PMBUSA_ISR                     
0     0000cf69  RTOS_ISR                       
0     0000cf73  SCIA_RX_ISR                    
0     0000cf7d  SCIA_TX_ISR                    
0     0000cf87  SCIB_RX_ISR                    
0     0000cf91  SCIB_TX_ISR                    
0     0000cf9b  SCIC_RX_ISR                    
0     0000cfa5  SCIC_TX_ISR                    
0     0000cfaf  SCID_RX_ISR                    
0     0000cfb9  SCID_TX_ISR                    
0     0000cfc3  SDFM1DR1_ISR                   
0     0000cfcd  SDFM1DR2_ISR                   
0     0000cfd7  SDFM1DR3_ISR                   
0     0000cfe1  SDFM1DR4_ISR                   
0     0000cfeb  SDFM1_ISR                      
0     0000cff5  SDFM2DR1_ISR                   
0     0000cfff  _system_post_cinit             
1     00000ce0  PieCtrlRegs                    
1     00000d00  PieVectTable                   
1     00001400  Cla1Regs                       
1     00005e00  Sdfm1Regs                      
1     00005e80  Sdfm2Regs                      
1     00007000  WdRegs                         
1     00007980  DmaClaSrcSelRegs               
1     0005d300  CpuSysRegs                     
1     0005f400  MemCfgRegs                     
abs   00000100  CLA_SCRATCHPAD_SIZE            
abs   00000100  __TI_STACK_SIZE                
abs   ffffffff  __TI_pprof_out_hndl            
abs   ffffffff  __TI_prof_data_size            
abs   ffffffff  __TI_prof_data_start           
n/a   UNDEFED   __c_args__                     

[285 symbols]
