<?xml version="1.0" encoding="ISO-8859-1" ?>
<link_info>
   <banner>TMS320C2000 Linker PC v22.6.1.LTS</banner>
   <copyright>Copyright (c) 1996-2018 Texas Instruments Incorporated</copyright>
   <link_time>0x6885dda0</link_time>
   <link_errors>0x0</link_errors>
   <output_file>sdfm_ex1_filter_sync_cla_cpu1.out</output_file>
   <entry_point>
      <name>code_start</name>
      <address>0x0</address>
   </entry_point>
   <input_file_list>
      <input_file id="fl-2">
         <path>.\</path>
         <kind>object</kind>
         <file>f2838x_codestartbranch.obj</file>
         <name>f2838x_codestartbranch.obj</name>
      </input_file>
      <input_file id="fl-3">
         <path>.\</path>
         <kind>object</kind>
         <file>f2838x_cputimers.obj</file>
         <name>f2838x_cputimers.obj</name>
      </input_file>
      <input_file id="fl-4">
         <path>.\</path>
         <kind>object</kind>
         <file>f2838x_defaultisr.obj</file>
         <name>f2838x_defaultisr.obj</name>
      </input_file>
      <input_file id="fl-5">
         <path>.\</path>
         <kind>object</kind>
         <file>f2838x_epwm.obj</file>
         <name>f2838x_epwm.obj</name>
      </input_file>
      <input_file id="fl-6">
         <path>.\</path>
         <kind>object</kind>
         <file>f2838x_globalvariabledefs.obj</file>
         <name>f2838x_globalvariabledefs.obj</name>
      </input_file>
      <input_file id="fl-7">
         <path>.\</path>
         <kind>object</kind>
         <file>f2838x_gpio.obj</file>
         <name>f2838x_gpio.obj</name>
      </input_file>
      <input_file id="fl-8">
         <path>.\</path>
         <kind>object</kind>
         <file>f2838x_piectrl.obj</file>
         <name>f2838x_piectrl.obj</name>
      </input_file>
      <input_file id="fl-9">
         <path>.\</path>
         <kind>object</kind>
         <file>f2838x_pievect.obj</file>
         <name>f2838x_pievect.obj</name>
      </input_file>
      <input_file id="fl-a">
         <path>.\</path>
         <kind>object</kind>
         <file>f2838x_sdfm_drivers.obj</file>
         <name>f2838x_sdfm_drivers.obj</name>
      </input_file>
      <input_file id="fl-b">
         <path>.\</path>
         <kind>object</kind>
         <file>f2838x_struct.obj</file>
         <name>f2838x_struct.obj</name>
      </input_file>
      <input_file id="fl-c">
         <path>.\</path>
         <kind>object</kind>
         <file>f2838x_sysctrl.obj</file>
         <name>f2838x_sysctrl.obj</name>
      </input_file>
      <input_file id="fl-d">
         <path>.\</path>
         <kind>object</kind>
         <file>f2838x_usdelay.obj</file>
         <name>f2838x_usdelay.obj</name>
      </input_file>
      <input_file id="fl-e">
         <path>.\</path>
         <kind>object</kind>
         <file>sdfm_ex1_filter_cla_sync_cpu1.obj</file>
         <name>sdfm_ex1_filter_cla_sync_cpu1.obj</name>
      </input_file>
      <input_file id="fl-f">
         <path>.\</path>
         <kind>object</kind>
         <file>sdfm_ex1_filter_sync_cla_cpu1.obj</file>
         <name>sdfm_ex1_filter_sync_cla_cpu1.obj</name>
      </input_file>
      <input_file id="fl-1e">
         <kind>object</kind>
         <file>&lt;internal&gt;</file>
         <name>&lt;internal&gt;</name>
      </input_file>
      <input_file id="fl-1f">
         <path>..\library\Math\CLAmath\lib\</path>
         <kind>archive</kind>
         <file>cla0_math_library_datarom_eabi.lib</file>
         <name>CLAcosPU.obj</name>
      </input_file>
      <input_file id="fl-20">
         <path>..\library\Math\CLAmath\lib\</path>
         <kind>archive</kind>
         <file>cla0_math_library_datarom_eabi.lib</file>
         <name>CLAsinPU.obj</name>
      </input_file>
      <input_file id="fl-21">
         <path>..\library\Math\CLAmath\lib\</path>
         <kind>archive</kind>
         <file>cla0_math_library_eabi.lib</file>
         <name>CLAsincosTable.obj</name>
      </input_file>
      <input_file id="fl-2d">
         <path>C:\ti\ccs1250\ccs\tools\compiler\ti-cgt-c2000_22.6.1.LTS\lib\</path>
         <kind>archive</kind>
         <file>rts2800_fpu64_eabi.lib</file>
         <name>cla_memset.cla.obj</name>
      </input_file>
      <input_file id="fl-2e">
         <path>C:\ti\ccs1250\ccs\tools\compiler\ti-cgt-c2000_22.6.1.LTS\lib\</path>
         <kind>archive</kind>
         <file>rts2800_fpu64_eabi.lib</file>
         <name>s_ceil.c.obj</name>
      </input_file>
      <input_file id="fl-2f">
         <path>C:\ti\ccs1250\ccs\tools\compiler\ti-cgt-c2000_22.6.1.LTS\lib\</path>
         <kind>archive</kind>
         <file>rts2800_fpu64_eabi.lib</file>
         <name>boot28.asm.obj</name>
      </input_file>
      <input_file id="fl-30">
         <path>C:\ti\ccs1250\ccs\tools\compiler\ti-cgt-c2000_22.6.1.LTS\lib\</path>
         <kind>archive</kind>
         <file>rts2800_fpu64_eabi.lib</file>
         <name>fs_div28.asm.obj</name>
      </input_file>
      <input_file id="fl-31">
         <path>C:\ti\ccs1250\ccs\tools\compiler\ti-cgt-c2000_22.6.1.LTS\lib\</path>
         <kind>archive</kind>
         <file>rts2800_fpu64_eabi.lib</file>
         <name>ll_aox28.asm.obj</name>
      </input_file>
      <input_file id="fl-32">
         <path>C:\ti\ccs1250\ccs\tools\compiler\ti-cgt-c2000_22.6.1.LTS\lib\</path>
         <kind>archive</kind>
         <file>rts2800_fpu64_eabi.lib</file>
         <name>ll_cmp28.asm.obj</name>
      </input_file>
      <input_file id="fl-33">
         <path>C:\ti\ccs1250\ccs\tools\compiler\ti-cgt-c2000_22.6.1.LTS\lib\</path>
         <kind>archive</kind>
         <file>rts2800_fpu64_eabi.lib</file>
         <name>pre_init.c.obj</name>
      </input_file>
      <input_file id="fl-34">
         <path>C:\ti\ccs1250\ccs\tools\compiler\ti-cgt-c2000_22.6.1.LTS\lib\</path>
         <kind>archive</kind>
         <file>rts2800_fpu64_eabi.lib</file>
         <name>autoinit.c.obj</name>
      </input_file>
      <input_file id="fl-35">
         <path>C:\ti\ccs1250\ccs\tools\compiler\ti-cgt-c2000_22.6.1.LTS\lib\</path>
         <kind>archive</kind>
         <file>rts2800_fpu64_eabi.lib</file>
         <name>copy_zero_init.c.obj</name>
      </input_file>
      <input_file id="fl-36">
         <path>C:\ti\ccs1250\ccs\tools\compiler\ti-cgt-c2000_22.6.1.LTS\lib\</path>
         <kind>archive</kind>
         <file>rts2800_fpu64_eabi.lib</file>
         <name>copy_decompress_none.c.obj</name>
      </input_file>
      <input_file id="fl-37">
         <path>C:\ti\ccs1250\ccs\tools\compiler\ti-cgt-c2000_22.6.1.LTS\lib\</path>
         <kind>archive</kind>
         <file>rts2800_fpu64_eabi.lib</file>
         <name>copy_decompress_lzss.c.obj</name>
      </input_file>
      <input_file id="fl-38">
         <path>C:\ti\ccs1250\ccs\tools\compiler\ti-cgt-c2000_22.6.1.LTS\lib\</path>
         <kind>archive</kind>
         <file>rts2800_fpu64_eabi.lib</file>
         <name>exit.c.obj</name>
      </input_file>
      <input_file id="fl-39">
         <path>C:\ti\ccs1250\ccs\tools\compiler\ti-cgt-c2000_22.6.1.LTS\lib\</path>
         <kind>archive</kind>
         <file>rts2800_fpu64_eabi.lib</file>
         <name>_lock.c.obj</name>
      </input_file>
      <input_file id="fl-3a">
         <path>C:\ti\ccs1250\ccs\tools\compiler\ti-cgt-c2000_22.6.1.LTS\lib\</path>
         <kind>archive</kind>
         <file>rts2800_fpu64_eabi.lib</file>
         <name>args_main.c.obj</name>
      </input_file>
      <input_file id="fl-3b">
         <path>C:\ti\ccs1250\ccs\tools\compiler\ti-cgt-c2000_22.6.1.LTS\lib\</path>
         <kind>archive</kind>
         <file>rts2800_fpu64_eabi.lib</file>
         <name>memset.c.obj</name>
      </input_file>
      <input_file id="fl-3c">
         <path>C:\ti\ccs1250\ccs\tools\compiler\ti-cgt-c2000_22.6.1.LTS\lib\</path>
         <kind>archive</kind>
         <file>rts2800_fpu64_eabi.lib</file>
         <name>cpy_tbl.c.obj</name>
      </input_file>
      <input_file id="fl-3d">
         <path>C:\ti\ccs1250\ccs\tools\compiler\ti-cgt-c2000_22.6.1.LTS\lib\</path>
         <kind>archive</kind>
         <file>rts2800_fpu64_eabi.lib</file>
         <name>memcpy.c.obj</name>
      </input_file>
      <input_file id="fl-3e">
         <path>C:\ti\ccs1250\ccs\tools\compiler\ti-cgt-c2000_22.6.1.LTS\lib\</path>
         <kind>archive</kind>
         <file>rts2800_fpu64_eabi.lib</file>
         <name>startup.c.obj</name>
      </input_file>
   </input_file_list>
   <object_component_list>
      <object_component id="oc-ec">
         <name>codestart</name>
         <load_address>0x0</load_address>
         <run_address>0x0</run_address>
         <size>0x2</size>
         <input_file_ref idref="fl-2"/>
      </object_component>
      <object_component id="oc-760">
         <name>.text:Sdfm_configureInterrupt</name>
         <load_address>0x1b5</load_address>
         <run_address>0x1b5</run_address>
         <size>0x1c1</size>
         <input_file_ref idref="fl-a"/>
      </object_component>
      <object_component id="oc-8f3">
         <name>.text</name>
         <load_address>0x376</load_address>
         <run_address>0x376</run_address>
         <size>0x88</size>
         <input_file_ref idref="fl-30"/>
      </object_component>
      <object_component id="oc-8d0">
         <name>.text</name>
         <load_address>0x3fe</load_address>
         <run_address>0x3fe</run_address>
         <size>0x2</size>
         <input_file_ref idref="fl-33"/>
      </object_component>
      <object_component id="oc-5ca">
         <name>.text:main</name>
         <load_address>0xc017</load_address>
         <run_address>0xc017</run_address>
         <size>0x630</size>
         <input_file_ref idref="fl-f"/>
      </object_component>
      <object_component id="oc-837">
         <name>.text:InitSysPll</name>
         <load_address>0xc647</load_address>
         <run_address>0xc647</run_address>
         <size>0xe6</size>
         <input_file_ref idref="fl-c"/>
      </object_component>
      <object_component id="oc-831">
         <name>.text:VerifyXTAL</name>
         <load_address>0xc72d</load_address>
         <run_address>0xc72d</run_address>
         <size>0xb7</size>
         <input_file_ref idref="fl-c"/>
      </object_component>
      <object_component id="oc-9d2">
         <name>.text:PollX1Counter</name>
         <load_address>0xc7e4</load_address>
         <run_address>0xc7e4</run_address>
         <size>0x1b</size>
         <input_file_ref idref="fl-c"/>
      </object_component>
      <object_component id="oc-a04">
         <name>.text</name>
         <load_address>0xc7ff</load_address>
         <run_address>0xc7ff</run_address>
         <size>0x1</size>
         <input_file_ref idref="fl-3e"/>
      </object_component>
      <object_component id="oc-748">
         <name>.text:Sdfm_configureComparator</name>
         <load_address>0xc800</load_address>
         <run_address>0xc800</run_address>
         <size>0x2ba</size>
         <input_file_ref idref="fl-a"/>
      </object_component>
      <object_component id="oc-74e">
         <name>.text:Sdfm_configureData_filter</name>
         <load_address>0xcaba</load_address>
         <run_address>0xcaba</run_address>
         <size>0x266</size>
         <input_file_ref idref="fl-a"/>
      </object_component>
      <object_component id="oc-8f8">
         <name>.text</name>
         <load_address>0xcd20</load_address>
         <run_address>0xcd20</run_address>
         <size>0xd8</size>
         <input_file_ref idref="fl-2e"/>
      </object_component>
      <object_component id="oc-91a">
         <name>.text:IsPLLValid</name>
         <load_address>0xcdf8</load_address>
         <run_address>0xcdf8</run_address>
         <size>0xb4</size>
         <input_file_ref idref="fl-c"/>
      </object_component>
      <object_component id="oc-843">
         <name>.text:InitPeripheralClocks</name>
         <load_address>0xceac</load_address>
         <run_address>0xceac</run_address>
         <size>0xb1</size>
         <input_file_ref idref="fl-c"/>
      </object_component>
      <object_component id="oc-724">
         <name>.text:CMPSS_Protection_FLC</name>
         <load_address>0xcf5d</load_address>
         <run_address>0xcf5d</run_address>
         <size>0x97</size>
         <input_file_ref idref="fl-f"/>
      </object_component>
      <object_component id="oc-8d7">
         <name>.text</name>
         <load_address>0xcff4</load_address>
         <run_address>0xcff4</run_address>
         <size>0xc</size>
         <input_file_ref idref="fl-3a"/>
      </object_component>
      <object_component id="oc-83d">
         <name>.text:InitAuxPll</name>
         <load_address>0xfbb8</load_address>
         <run_address>0xfbb8</run_address>
         <size>0xac</size>
         <input_file_ref idref="fl-c"/>
      </object_component>
      <object_component id="oc-9e0">
         <name>.text:ComputeCntrSeedValue</name>
         <load_address>0xfc64</load_address>
         <run_address>0xfc64</run_address>
         <size>0x95</size>
         <input_file_ref idref="fl-c"/>
      </object_component>
      <object_component id="oc-5e1">
         <name>.text:cla1Isr1</name>
         <load_address>0xfcf9</load_address>
         <run_address>0xfcf9</run_address>
         <size>0x81</size>
         <input_file_ref idref="fl-f"/>
      </object_component>
      <object_component id="oc-742">
         <name>.text:Sdfm_configureInputCtrl</name>
         <load_address>0xfd7a</load_address>
         <run_address>0xfd7a</run_address>
         <size>0x7e</size>
         <input_file_ref idref="fl-a"/>
      </object_component>
      <object_component id="oc-75a">
         <name>.text:Sdfm_configureExternalreset</name>
         <load_address>0xfdf8</load_address>
         <run_address>0xfdf8</run_address>
         <size>0x72</size>
         <input_file_ref idref="fl-a"/>
      </object_component>
      <object_component id="oc-71e">
         <name>.text:Init_ADC_D</name>
         <load_address>0xfe6a</load_address>
         <run_address>0xfe6a</run_address>
         <size>0x6c</size>
         <input_file_ref idref="fl-f"/>
      </object_component>
      <object_component id="oc-718">
         <name>.text:Init_ADC_B</name>
         <load_address>0xfed6</load_address>
         <run_address>0xfed6</run_address>
         <size>0x56</size>
         <input_file_ref idref="fl-f"/>
      </object_component>
      <object_component id="oc-70f">
         <name>.text:InitSysCtrl</name>
         <load_address>0xff2c</load_address>
         <run_address>0xff2c</run_address>
         <size>0x50</size>
         <input_file_ref idref="fl-c"/>
      </object_component>
      <object_component id="oc-772">
         <name>.text:ClearProtectFlagFcn</name>
         <load_address>0xff7c</load_address>
         <run_address>0xff7c</run_address>
         <size>0x4d</size>
         <input_file_ref idref="fl-f"/>
      </object_component>
      <object_component id="oc-df">
         <name>.text:decompress:lzss</name>
         <load_address>0xffc9</load_address>
         <run_address>0xffc9</run_address>
         <size>0x30</size>
         <input_file_ref idref="fl-37"/>
      </object_component>
      <object_component id="oc-921">
         <name>.text:AuxIntOsc2Sel</name>
         <load_address>0xfff9</load_address>
         <run_address>0xfff9</run_address>
         <size>0x7</size>
         <input_file_ref idref="fl-c"/>
      </object_component>
      <object_component id="oc-73c">
         <name>.text:Cla_initMemoryMap</name>
         <load_address>0x101ee</load_address>
         <run_address>0x101ee</run_address>
         <size>0x49</size>
         <input_file_ref idref="fl-f"/>
      </object_component>
      <object_component id="oc-5e2">
         <name>.text:CLA_initCpu1Cla</name>
         <load_address>0x10237</load_address>
         <run_address>0x10237</run_address>
         <size>0x46</size>
         <input_file_ref idref="fl-f"/>
      </object_component>
      <object_component id="oc-986">
         <name>.text:__TI_auto_init_nobinit_nopinit</name>
         <load_address>0x1027d</load_address>
         <run_address>0x1027d</run_address>
         <size>0x2b</size>
         <input_file_ref idref="fl-34"/>
      </object_component>
      <object_component id="oc-8dd">
         <name>.text</name>
         <load_address>0x102a8</load_address>
         <run_address>0x102a8</run_address>
         <size>0x29</size>
         <input_file_ref idref="fl-38"/>
      </object_component>
      <object_component id="oc-736">
         <name>.text:InitPieVectTable</name>
         <load_address>0x102d1</load_address>
         <run_address>0x102d1</run_address>
         <size>0x25</size>
         <input_file_ref idref="fl-9"/>
      </object_component>
      <object_component id="oc-5c9">
         <name>.text:Cpu_Timer0_ISR</name>
         <load_address>0x102f6</load_address>
         <run_address>0x102f6</run_address>
         <size>0x20</size>
         <input_file_ref idref="fl-f"/>
      </object_component>
      <object_component id="oc-90e">
         <name>.text:SysXtalOscSel</name>
         <load_address>0x10316</load_address>
         <run_address>0x10316</run_address>
         <size>0x20</size>
         <input_file_ref idref="fl-c"/>
      </object_component>
      <object_component id="oc-730">
         <name>.text:InitPieCtrl</name>
         <load_address>0x10336</load_address>
         <run_address>0x10336</run_address>
         <size>0x1f</size>
         <input_file_ref idref="fl-8"/>
      </object_component>
      <object_component id="oc-61a">
         <name>.text</name>
         <load_address>0x10355</load_address>
         <run_address>0x10355</run_address>
         <size>0x1d</size>
         <input_file_ref idref="fl-3d"/>
      </object_component>
      <object_component id="oc-812">
         <name>.text</name>
         <load_address>0x10372</load_address>
         <run_address>0x10372</run_address>
         <size>0x19</size>
         <input_file_ref idref="fl-2f"/>
      </object_component>
      <object_component id="oc-8eb">
         <name>.text:GPIO_EnableUnbondedIOPullupsFor176Pin</name>
         <load_address>0x1038b</load_address>
         <run_address>0x1038b</run_address>
         <size>0x18</size>
         <input_file_ref idref="fl-7"/>
      </object_component>
      <object_component id="oc-5db">
         <name>.text:adc_isr</name>
         <load_address>0x103a3</load_address>
         <run_address>0x103a3</run_address>
         <size>0x18</size>
         <input_file_ref idref="fl-f"/>
      </object_component>
      <object_component id="oc-5d5">
         <name>.text:epwm1_isr</name>
         <load_address>0x103bb</load_address>
         <run_address>0x103bb</run_address>
         <size>0x18</size>
         <input_file_ref idref="fl-f"/>
      </object_component>
      <object_component id="oc-9c7">
         <name>.text</name>
         <load_address>0x103d3</load_address>
         <run_address>0x103d3</run_address>
         <size>0x18</size>
         <input_file_ref idref="fl-31"/>
      </object_component>
      <object_component id="oc-914">
         <name>.text:SysXtalOscSESel</name>
         <load_address>0x103eb</load_address>
         <run_address>0x103eb</run_address>
         <size>0x15</size>
         <input_file_ref idref="fl-c"/>
      </object_component>
      <object_component id="oc-611">
         <name>.text:cla1Isr8</name>
         <load_address>0x10400</load_address>
         <run_address>0x10400</run_address>
         <size>0x14</size>
         <input_file_ref idref="fl-f"/>
      </object_component>
      <object_component id="oc-76c">
         <name>.text:DelayMs</name>
         <load_address>0x10414</load_address>
         <run_address>0x10414</run_address>
         <size>0x13</size>
         <input_file_ref idref="fl-f"/>
      </object_component>
      <object_component id="oc-86c">
         <name>.text:DelayUs</name>
         <load_address>0x10427</load_address>
         <run_address>0x10427</run_address>
         <size>0x12</size>
         <input_file_ref idref="fl-f"/>
      </object_component>
      <object_component id="oc-72a">
         <name>.text:InitCpuTimer0</name>
         <load_address>0x10439</load_address>
         <run_address>0x10439</run_address>
         <size>0x12</size>
         <input_file_ref idref="fl-f"/>
      </object_component>
      <object_component id="oc-7b6">
         <name>.text:dlog1</name>
         <load_address>0x1044b</load_address>
         <run_address>0x1044b</run_address>
         <size>0x12</size>
         <input_file_ref idref="fl-f"/>
      </object_component>
      <object_component id="oc-7bc">
         <name>.text:dlog2</name>
         <load_address>0x1045d</load_address>
         <run_address>0x1045d</run_address>
         <size>0x12</size>
         <input_file_ref idref="fl-f"/>
      </object_component>
      <object_component id="oc-7c2">
         <name>.text:dlog3</name>
         <load_address>0x1046f</load_address>
         <run_address>0x1046f</run_address>
         <size>0x12</size>
         <input_file_ref idref="fl-f"/>
      </object_component>
      <object_component id="oc-5ed">
         <name>.text:cla1Isr2</name>
         <load_address>0x10481</load_address>
         <run_address>0x10481</run_address>
         <size>0x11</size>
         <input_file_ref idref="fl-f"/>
      </object_component>
      <object_component id="oc-754">
         <name>.text:Sdfm_enableMFE</name>
         <load_address>0x10492</load_address>
         <run_address>0x10492</run_address>
         <size>0x10</size>
         <input_file_ref idref="fl-a"/>
      </object_component>
      <object_component id="oc-766">
         <name>.text:Sdfm_enableMIE</name>
         <load_address>0x104a2</load_address>
         <run_address>0x104a2</run_address>
         <size>0x10</size>
         <input_file_ref idref="fl-a"/>
      </object_component>
      <object_component id="oc-92d">
         <name>.text:AuxXtalOscSESel</name>
         <load_address>0x104b2</load_address>
         <run_address>0x104b2</run_address>
         <size>0xf</size>
         <input_file_ref idref="fl-c"/>
      </object_component>
      <object_component id="oc-927">
         <name>.text:AuxXtalOscSel</name>
         <load_address>0x104c1</load_address>
         <run_address>0x104c1</run_address>
         <size>0xf</size>
         <input_file_ref idref="fl-c"/>
      </object_component>
      <object_component id="oc-5f3">
         <name>.text:cla1Isr3</name>
         <load_address>0x104d0</load_address>
         <run_address>0x104d0</run_address>
         <size>0xf</size>
         <input_file_ref idref="fl-f"/>
      </object_component>
      <object_component id="oc-5f9">
         <name>.text:cla1Isr4</name>
         <load_address>0x104df</load_address>
         <run_address>0x104df</run_address>
         <size>0xf</size>
         <input_file_ref idref="fl-f"/>
      </object_component>
      <object_component id="oc-5ff">
         <name>.text:cla1Isr5</name>
         <load_address>0x104ee</load_address>
         <run_address>0x104ee</run_address>
         <size>0xf</size>
         <input_file_ref idref="fl-f"/>
      </object_component>
      <object_component id="oc-605">
         <name>.text:cla1Isr6</name>
         <load_address>0x104fd</load_address>
         <run_address>0x104fd</run_address>
         <size>0xf</size>
         <input_file_ref idref="fl-f"/>
      </object_component>
      <object_component id="oc-60b">
         <name>.text:cla1Isr7</name>
         <load_address>0x1050c</load_address>
         <run_address>0x1050c</run_address>
         <size>0xf</size>
         <input_file_ref idref="fl-f"/>
      </object_component>
      <object_component id="oc-82b">
         <name>.text:GPIO_EnableUnbondedIOPullups</name>
         <load_address>0x1051b</load_address>
         <run_address>0x1051b</run_address>
         <size>0xe</size>
         <input_file_ref idref="fl-7"/>
      </object_component>
      <object_component id="oc-825">
         <name>.text:DisableDog</name>
         <load_address>0x10529</load_address>
         <run_address>0x10529</run_address>
         <size>0xd</size>
         <input_file_ref idref="fl-c"/>
      </object_component>
      <object_component id="oc-5bd">
         <name>.text:EMPTY_ISR</name>
         <load_address>0x10536</load_address>
         <run_address>0x10536</run_address>
         <size>0xd</size>
         <input_file_ref idref="fl-4"/>
      </object_component>
      <object_component id="oc-167">
         <name>.text:ADCA1_ISR</name>
         <load_address>0x10543</load_address>
         <run_address>0x10543</run_address>
         <size>0xa</size>
         <input_file_ref idref="fl-4"/>
      </object_component>
      <object_component id="oc-305">
         <name>.text:ADCA2_ISR</name>
         <load_address>0x1054d</load_address>
         <run_address>0x1054d</run_address>
         <size>0xa</size>
         <input_file_ref idref="fl-4"/>
      </object_component>
      <object_component id="oc-30b">
         <name>.text:ADCA3_ISR</name>
         <load_address>0x10557</load_address>
         <run_address>0x10557</run_address>
         <size>0xa</size>
         <input_file_ref idref="fl-4"/>
      </object_component>
      <object_component id="oc-311">
         <name>.text:ADCA4_ISR</name>
         <load_address>0x10561</load_address>
         <run_address>0x10561</run_address>
         <size>0xa</size>
         <input_file_ref idref="fl-4"/>
      </object_component>
      <object_component id="oc-2ff">
         <name>.text:ADCA_EVT_ISR</name>
         <load_address>0x1056b</load_address>
         <run_address>0x1056b</run_address>
         <size>0xa</size>
         <input_file_ref idref="fl-4"/>
      </object_component>
      <object_component id="oc-16d">
         <name>.text:ADCB1_ISR</name>
         <load_address>0x10575</load_address>
         <run_address>0x10575</run_address>
         <size>0xa</size>
         <input_file_ref idref="fl-4"/>
      </object_component>
      <object_component id="oc-31d">
         <name>.text:ADCB2_ISR</name>
         <load_address>0x1057f</load_address>
         <run_address>0x1057f</run_address>
         <size>0xa</size>
         <input_file_ref idref="fl-4"/>
      </object_component>
      <object_component id="oc-323">
         <name>.text:ADCB3_ISR</name>
         <load_address>0x10589</load_address>
         <run_address>0x10589</run_address>
         <size>0xa</size>
         <input_file_ref idref="fl-4"/>
      </object_component>
      <object_component id="oc-329">
         <name>.text:ADCB4_ISR</name>
         <load_address>0x10593</load_address>
         <run_address>0x10593</run_address>
         <size>0xa</size>
         <input_file_ref idref="fl-4"/>
      </object_component>
      <object_component id="oc-317">
         <name>.text:ADCB_EVT_ISR</name>
         <load_address>0x1059d</load_address>
         <run_address>0x1059d</run_address>
         <size>0xa</size>
         <input_file_ref idref="fl-4"/>
      </object_component>
      <object_component id="oc-173">
         <name>.text:ADCC1_ISR</name>
         <load_address>0x105a7</load_address>
         <run_address>0x105a7</run_address>
         <size>0xa</size>
         <input_file_ref idref="fl-4"/>
      </object_component>
      <object_component id="oc-539">
         <name>.text:ADCC2_ISR</name>
         <load_address>0x105b1</load_address>
         <run_address>0x105b1</run_address>
         <size>0xa</size>
         <input_file_ref idref="fl-4"/>
      </object_component>
      <object_component id="oc-53f">
         <name>.text:ADCC3_ISR</name>
         <load_address>0x105bb</load_address>
         <run_address>0x105bb</run_address>
         <size>0xa</size>
         <input_file_ref idref="fl-4"/>
      </object_component>
      <object_component id="oc-545">
         <name>.text:ADCC4_ISR</name>
         <load_address>0x105c5</load_address>
         <run_address>0x105c5</run_address>
         <size>0xa</size>
         <input_file_ref idref="fl-4"/>
      </object_component>
      <object_component id="oc-533">
         <name>.text:ADCC_EVT_ISR</name>
         <load_address>0x105cf</load_address>
         <run_address>0x105cf</run_address>
         <size>0xa</size>
         <input_file_ref idref="fl-4"/>
      </object_component>
      <object_component id="oc-185">
         <name>.text:ADCD1_ISR</name>
         <load_address>0x105d9</load_address>
         <run_address>0x105d9</run_address>
         <size>0xa</size>
         <input_file_ref idref="fl-4"/>
      </object_component>
      <object_component id="oc-551">
         <name>.text:ADCD2_ISR</name>
         <load_address>0x105e3</load_address>
         <run_address>0x105e3</run_address>
         <size>0xa</size>
         <input_file_ref idref="fl-4"/>
      </object_component>
      <object_component id="oc-557">
         <name>.text:ADCD3_ISR</name>
         <load_address>0x105ed</load_address>
         <run_address>0x105ed</run_address>
         <size>0xa</size>
         <input_file_ref idref="fl-4"/>
      </object_component>
      <object_component id="oc-55d">
         <name>.text:ADCD4_ISR</name>
         <load_address>0x105f7</load_address>
         <run_address>0x105f7</run_address>
         <size>0xa</size>
         <input_file_ref idref="fl-4"/>
      </object_component>
      <object_component id="oc-54b">
         <name>.text:ADCD_EVT_ISR</name>
         <load_address>0x10601</load_address>
         <run_address>0x10601</run_address>
         <size>0xa</size>
         <input_file_ref idref="fl-4"/>
      </object_component>
      <object_component id="oc-2e7">
         <name>.text:CANA0_ISR</name>
         <load_address>0x1060b</load_address>
         <run_address>0x1060b</run_address>
         <size>0xa</size>
         <input_file_ref idref="fl-4"/>
      </object_component>
      <object_component id="oc-2ed">
         <name>.text:CANA1_ISR</name>
         <load_address>0x10615</load_address>
         <run_address>0x10615</run_address>
         <size>0xa</size>
         <input_file_ref idref="fl-4"/>
      </object_component>
      <object_component id="oc-2f3">
         <name>.text:CANB0_ISR</name>
         <load_address>0x1061f</load_address>
         <run_address>0x1061f</run_address>
         <size>0xa</size>
         <input_file_ref idref="fl-4"/>
      </object_component>
      <object_component id="oc-2f9">
         <name>.text:CANB1_ISR</name>
         <load_address>0x10629</load_address>
         <run_address>0x10629</run_address>
         <size>0xa</size>
         <input_file_ref idref="fl-4"/>
      </object_component>
      <object_component id="oc-3a1">
         <name>.text:CIPC0_ISR</name>
         <load_address>0x10633</load_address>
         <run_address>0x10633</run_address>
         <size>0xa</size>
         <input_file_ref idref="fl-4"/>
      </object_component>
      <object_component id="oc-3a7">
         <name>.text:CIPC1_ISR</name>
         <load_address>0x1063d</load_address>
         <run_address>0x1063d</run_address>
         <size>0xa</size>
         <input_file_ref idref="fl-4"/>
      </object_component>
      <object_component id="oc-3ad">
         <name>.text:CIPC2_ISR</name>
         <load_address>0x10647</load_address>
         <run_address>0x10647</run_address>
         <size>0xa</size>
         <input_file_ref idref="fl-4"/>
      </object_component>
      <object_component id="oc-3b3">
         <name>.text:CIPC3_ISR</name>
         <load_address>0x10651</load_address>
         <run_address>0x10651</run_address>
         <size>0xa</size>
         <input_file_ref idref="fl-4"/>
      </object_component>
      <object_component id="oc-5a5">
         <name>.text:CLA1CRC_ISR</name>
         <load_address>0x1065b</load_address>
         <run_address>0x1065b</run_address>
         <size>0xa</size>
         <input_file_ref idref="fl-4"/>
      </object_component>
      <object_component id="oc-32f">
         <name>.text:CLA1_1_ISR</name>
         <load_address>0x10665</load_address>
         <run_address>0x10665</run_address>
         <size>0xa</size>
         <input_file_ref idref="fl-4"/>
      </object_component>
      <object_component id="oc-335">
         <name>.text:CLA1_2_ISR</name>
         <load_address>0x1066f</load_address>
         <run_address>0x1066f</run_address>
         <size>0xa</size>
         <input_file_ref idref="fl-4"/>
      </object_component>
      <object_component id="oc-33b">
         <name>.text:CLA1_3_ISR</name>
         <load_address>0x10679</load_address>
         <run_address>0x10679</run_address>
         <size>0xa</size>
         <input_file_ref idref="fl-4"/>
      </object_component>
      <object_component id="oc-341">
         <name>.text:CLA1_4_ISR</name>
         <load_address>0x10683</load_address>
         <run_address>0x10683</run_address>
         <size>0xa</size>
         <input_file_ref idref="fl-4"/>
      </object_component>
      <object_component id="oc-347">
         <name>.text:CLA1_5_ISR</name>
         <load_address>0x1068d</load_address>
         <run_address>0x1068d</run_address>
         <size>0xa</size>
         <input_file_ref idref="fl-4"/>
      </object_component>
      <object_component id="oc-34d">
         <name>.text:CLA1_6_ISR</name>
         <load_address>0x10697</load_address>
         <run_address>0x10697</run_address>
         <size>0xa</size>
         <input_file_ref idref="fl-4"/>
      </object_component>
      <object_component id="oc-353">
         <name>.text:CLA1_7_ISR</name>
         <load_address>0x106a1</load_address>
         <run_address>0x106a1</run_address>
         <size>0xa</size>
         <input_file_ref idref="fl-4"/>
      </object_component>
      <object_component id="oc-359">
         <name>.text:CLA1_8_ISR</name>
         <load_address>0x106ab</load_address>
         <run_address>0x106ab</run_address>
         <size>0xa</size>
         <input_file_ref idref="fl-4"/>
      </object_component>
      <object_component id="oc-5ab">
         <name>.text:CLA_OVERFLOW_ISR</name>
         <load_address>0x106b5</load_address>
         <run_address>0x106b5</run_address>
         <size>0xa</size>
         <input_file_ref idref="fl-4"/>
      </object_component>
      <object_component id="oc-5b1">
         <name>.text:CLA_UNDERFLOW_ISR</name>
         <load_address>0x106bf</load_address>
         <run_address>0x106bf</run_address>
         <size>0xa</size>
         <input_file_ref idref="fl-4"/>
      </object_component>
      <object_component id="oc-233">
         <name>.text:CLB1_ISR</name>
         <load_address>0x106c9</load_address>
         <run_address>0x106c9</run_address>
         <size>0xa</size>
         <input_file_ref idref="fl-4"/>
      </object_component>
      <object_component id="oc-239">
         <name>.text:CLB2_ISR</name>
         <load_address>0x106d3</load_address>
         <run_address>0x106d3</run_address>
         <size>0xa</size>
         <input_file_ref idref="fl-4"/>
      </object_component>
      <object_component id="oc-23f">
         <name>.text:CLB3_ISR</name>
         <load_address>0x106dd</load_address>
         <run_address>0x106dd</run_address>
         <size>0xa</size>
         <input_file_ref idref="fl-4"/>
      </object_component>
      <object_component id="oc-245">
         <name>.text:CLB4_ISR</name>
         <load_address>0x106e7</load_address>
         <run_address>0x106e7</run_address>
         <size>0xa</size>
         <input_file_ref idref="fl-4"/>
      </object_component>
      <object_component id="oc-4f1">
         <name>.text:CLB5_ISR</name>
         <load_address>0x106f1</load_address>
         <run_address>0x106f1</run_address>
         <size>0xa</size>
         <input_file_ref idref="fl-4"/>
      </object_component>
      <object_component id="oc-4f7">
         <name>.text:CLB6_ISR</name>
         <load_address>0x106fb</load_address>
         <run_address>0x106fb</run_address>
         <size>0xa</size>
         <input_file_ref idref="fl-4"/>
      </object_component>
      <object_component id="oc-4fd">
         <name>.text:CLB7_ISR</name>
         <load_address>0x10705</load_address>
         <run_address>0x10705</run_address>
         <size>0xa</size>
         <input_file_ref idref="fl-4"/>
      </object_component>
      <object_component id="oc-503">
         <name>.text:CLB8_ISR</name>
         <load_address>0x1070f</load_address>
         <run_address>0x1070f</run_address>
         <size>0xa</size>
         <input_file_ref idref="fl-4"/>
      </object_component>
      <object_component id="oc-563">
         <name>.text:CMTOCPUXIPC0_ISR</name>
         <load_address>0x10719</load_address>
         <run_address>0x10719</run_address>
         <size>0xa</size>
         <input_file_ref idref="fl-4"/>
      </object_component>
      <object_component id="oc-569">
         <name>.text:CMTOCPUXIPC1_ISR</name>
         <load_address>0x10723</load_address>
         <run_address>0x10723</run_address>
         <size>0xa</size>
         <input_file_ref idref="fl-4"/>
      </object_component>
      <object_component id="oc-56f">
         <name>.text:CMTOCPUXIPC2_ISR</name>
         <load_address>0x1072d</load_address>
         <run_address>0x1072d</run_address>
         <size>0xa</size>
         <input_file_ref idref="fl-4"/>
      </object_component>
      <object_component id="oc-575">
         <name>.text:CMTOCPUXIPC3_ISR</name>
         <load_address>0x10737</load_address>
         <run_address>0x10737</run_address>
         <size>0xa</size>
         <input_file_ref idref="fl-4"/>
      </object_component>
      <object_component id="oc-57b">
         <name>.text:CMTOCPUXIPC4_ISR</name>
         <load_address>0x10741</load_address>
         <run_address>0x10741</run_address>
         <size>0xa</size>
         <input_file_ref idref="fl-4"/>
      </object_component>
      <object_component id="oc-581">
         <name>.text:CMTOCPUXIPC5_ISR</name>
         <load_address>0x1074b</load_address>
         <run_address>0x1074b</run_address>
         <size>0xa</size>
         <input_file_ref idref="fl-4"/>
      </object_component>
      <object_component id="oc-587">
         <name>.text:CMTOCPUXIPC6_ISR</name>
         <load_address>0x10755</load_address>
         <run_address>0x10755</run_address>
         <size>0xa</size>
         <input_file_ref idref="fl-4"/>
      </object_component>
      <object_component id="oc-58d">
         <name>.text:CMTOCPUXIPC7_ISR</name>
         <load_address>0x1075f</load_address>
         <run_address>0x1075f</run_address>
         <size>0xa</size>
         <input_file_ref idref="fl-4"/>
      </object_component>
      <object_component id="oc-527">
         <name>.text:CM_STATUS_ISR</name>
         <load_address>0x10769</load_address>
         <run_address>0x10769</run_address>
         <size>0xa</size>
         <input_file_ref idref="fl-4"/>
      </object_component>
      <object_component id="oc-59f">
         <name>.text:CPUCRC_ISR</name>
         <load_address>0x10773</load_address>
         <run_address>0x10773</run_address>
         <size>0xa</size>
         <input_file_ref idref="fl-4"/>
      </object_component>
      <object_component id="oc-101">
         <name>.text:DATALOG_ISR</name>
         <load_address>0x1077d</load_address>
         <run_address>0x1077d</run_address>
         <size>0xa</size>
         <input_file_ref idref="fl-4"/>
      </object_component>
      <object_component id="oc-27b">
         <name>.text:DMA_CH1_ISR</name>
         <load_address>0x10787</load_address>
         <run_address>0x10787</run_address>
         <size>0xa</size>
         <input_file_ref idref="fl-4"/>
      </object_component>
      <object_component id="oc-281">
         <name>.text:DMA_CH2_ISR</name>
         <load_address>0x10791</load_address>
         <run_address>0x10791</run_address>
         <size>0xa</size>
         <input_file_ref idref="fl-4"/>
      </object_component>
      <object_component id="oc-287">
         <name>.text:DMA_CH3_ISR</name>
         <load_address>0x1079b</load_address>
         <run_address>0x1079b</run_address>
         <size>0xa</size>
         <input_file_ref idref="fl-4"/>
      </object_component>
      <object_component id="oc-28d">
         <name>.text:DMA_CH4_ISR</name>
         <load_address>0x107a5</load_address>
         <run_address>0x107a5</run_address>
         <size>0xa</size>
         <input_file_ref idref="fl-4"/>
      </object_component>
      <object_component id="oc-293">
         <name>.text:DMA_CH5_ISR</name>
         <load_address>0x107af</load_address>
         <run_address>0x107af</run_address>
         <size>0xa</size>
         <input_file_ref idref="fl-4"/>
      </object_component>
      <object_component id="oc-299">
         <name>.text:DMA_CH6_ISR</name>
         <load_address>0x107b9</load_address>
         <run_address>0x107b9</run_address>
         <size>0xa</size>
         <input_file_ref idref="fl-4"/>
      </object_component>
      <object_component id="oc-1f7">
         <name>.text:ECAP1_ISR</name>
         <load_address>0x107c3</load_address>
         <run_address>0x107c3</run_address>
         <size>0xa</size>
         <input_file_ref idref="fl-4"/>
      </object_component>
      <object_component id="oc-1fd">
         <name>.text:ECAP2_ISR</name>
         <load_address>0x107cd</load_address>
         <run_address>0x107cd</run_address>
         <size>0xa</size>
         <input_file_ref idref="fl-4"/>
      </object_component>
      <object_component id="oc-203">
         <name>.text:ECAP3_ISR</name>
         <load_address>0x107d7</load_address>
         <run_address>0x107d7</run_address>
         <size>0xa</size>
         <input_file_ref idref="fl-4"/>
      </object_component>
      <object_component id="oc-209">
         <name>.text:ECAP4_ISR</name>
         <load_address>0x107e1</load_address>
         <run_address>0x107e1</run_address>
         <size>0xa</size>
         <input_file_ref idref="fl-4"/>
      </object_component>
      <object_component id="oc-20f">
         <name>.text:ECAP5_ISR</name>
         <load_address>0x107eb</load_address>
         <run_address>0x107eb</run_address>
         <size>0xa</size>
         <input_file_ref idref="fl-4"/>
      </object_component>
      <object_component id="oc-593">
         <name>.text:ECAP6_2_ISR</name>
         <load_address>0x107f5</load_address>
         <run_address>0x107f5</run_address>
         <size>0xa</size>
         <input_file_ref idref="fl-4"/>
      </object_component>
      <object_component id="oc-215">
         <name>.text:ECAP6_ISR</name>
         <load_address>0x107ff</load_address>
         <run_address>0x107ff</run_address>
         <size>0xa</size>
         <input_file_ref idref="fl-4"/>
      </object_component>
      <object_component id="oc-599">
         <name>.text:ECAP7_2_ISR</name>
         <load_address>0x10809</load_address>
         <run_address>0x10809</run_address>
         <size>0xa</size>
         <input_file_ref idref="fl-4"/>
      </object_component>
      <object_component id="oc-21b">
         <name>.text:ECAP7_ISR</name>
         <load_address>0x10813</load_address>
         <run_address>0x10813</run_address>
         <size>0xa</size>
         <input_file_ref idref="fl-4"/>
      </object_component>
      <object_component id="oc-455">
         <name>.text:ECATRST_ISR</name>
         <load_address>0x1081d</load_address>
         <run_address>0x1081d</run_address>
         <size>0xa</size>
         <input_file_ref idref="fl-4"/>
      </object_component>
      <object_component id="oc-395">
         <name>.text:ECATSYNC0_ISR</name>
         <load_address>0x10827</load_address>
         <run_address>0x10827</run_address>
         <size>0xa</size>
         <input_file_ref idref="fl-4"/>
      </object_component>
      <object_component id="oc-45b">
         <name>.text:ECATSYNC1_ISR</name>
         <load_address>0x10831</load_address>
         <run_address>0x10831</run_address>
         <size>0xa</size>
         <input_file_ref idref="fl-4"/>
      </object_component>
      <object_component id="oc-39b">
         <name>.text:ECAT_ISR</name>
         <load_address>0x1083b</load_address>
         <run_address>0x1083b</run_address>
         <size>0xa</size>
         <input_file_ref idref="fl-4"/>
      </object_component>
      <object_component id="oc-10d">
         <name>.text:EMU_ISR</name>
         <load_address>0x10845</load_address>
         <run_address>0x10845</run_address>
         <size>0xa</size>
         <input_file_ref idref="fl-4"/>
      </object_component>
      <object_component id="oc-3ef">
         <name>.text:EPWM10_ISR</name>
         <load_address>0x1084f</load_address>
         <run_address>0x1084f</run_address>
         <size>0xa</size>
         <input_file_ref idref="fl-4"/>
      </object_component>
      <object_component id="oc-3bf">
         <name>.text:EPWM10_TZ_ISR</name>
         <load_address>0x10859</load_address>
         <run_address>0x10859</run_address>
         <size>0xa</size>
         <input_file_ref idref="fl-4"/>
      </object_component>
      <object_component id="oc-3f5">
         <name>.text:EPWM11_ISR</name>
         <load_address>0x10863</load_address>
         <run_address>0x10863</run_address>
         <size>0xa</size>
         <input_file_ref idref="fl-4"/>
      </object_component>
      <object_component id="oc-3c5">
         <name>.text:EPWM11_TZ_ISR</name>
         <load_address>0x1086d</load_address>
         <run_address>0x1086d</run_address>
         <size>0xa</size>
         <input_file_ref idref="fl-4"/>
      </object_component>
      <object_component id="oc-3fb">
         <name>.text:EPWM12_ISR</name>
         <load_address>0x10877</load_address>
         <run_address>0x10877</run_address>
         <size>0xa</size>
         <input_file_ref idref="fl-4"/>
      </object_component>
      <object_component id="oc-3cb">
         <name>.text:EPWM12_TZ_ISR</name>
         <load_address>0x10881</load_address>
         <run_address>0x10881</run_address>
         <size>0xa</size>
         <input_file_ref idref="fl-4"/>
      </object_component>
      <object_component id="oc-401">
         <name>.text:EPWM13_ISR</name>
         <load_address>0x1088b</load_address>
         <run_address>0x1088b</run_address>
         <size>0xa</size>
         <input_file_ref idref="fl-4"/>
      </object_component>
      <object_component id="oc-3d1">
         <name>.text:EPWM13_TZ_ISR</name>
         <load_address>0x10895</load_address>
         <run_address>0x10895</run_address>
         <size>0xa</size>
         <input_file_ref idref="fl-4"/>
      </object_component>
      <object_component id="oc-407">
         <name>.text:EPWM14_ISR</name>
         <load_address>0x1089f</load_address>
         <run_address>0x1089f</run_address>
         <size>0xa</size>
         <input_file_ref idref="fl-4"/>
      </object_component>
      <object_component id="oc-3d7">
         <name>.text:EPWM14_TZ_ISR</name>
         <load_address>0x108a9</load_address>
         <run_address>0x108a9</run_address>
         <size>0xa</size>
         <input_file_ref idref="fl-4"/>
      </object_component>
      <object_component id="oc-40d">
         <name>.text:EPWM15_ISR</name>
         <load_address>0x108b3</load_address>
         <run_address>0x108b3</run_address>
         <size>0xa</size>
         <input_file_ref idref="fl-4"/>
      </object_component>
      <object_component id="oc-3dd">
         <name>.text:EPWM15_TZ_ISR</name>
         <load_address>0x108bd</load_address>
         <run_address>0x108bd</run_address>
         <size>0xa</size>
         <input_file_ref idref="fl-4"/>
      </object_component>
      <object_component id="oc-413">
         <name>.text:EPWM16_ISR</name>
         <load_address>0x108c7</load_address>
         <run_address>0x108c7</run_address>
         <size>0xa</size>
         <input_file_ref idref="fl-4"/>
      </object_component>
      <object_component id="oc-3e3">
         <name>.text:EPWM16_TZ_ISR</name>
         <load_address>0x108d1</load_address>
         <run_address>0x108d1</run_address>
         <size>0xa</size>
         <input_file_ref idref="fl-4"/>
      </object_component>
      <object_component id="oc-1c7">
         <name>.text:EPWM1_ISR</name>
         <load_address>0x108db</load_address>
         <run_address>0x108db</run_address>
         <size>0xa</size>
         <input_file_ref idref="fl-4"/>
      </object_component>
      <object_component id="oc-197">
         <name>.text:EPWM1_TZ_ISR</name>
         <load_address>0x108e5</load_address>
         <run_address>0x108e5</run_address>
         <size>0xa</size>
         <input_file_ref idref="fl-4"/>
      </object_component>
      <object_component id="oc-1cd">
         <name>.text:EPWM2_ISR</name>
         <load_address>0x108ef</load_address>
         <run_address>0x108ef</run_address>
         <size>0xa</size>
         <input_file_ref idref="fl-4"/>
      </object_component>
      <object_component id="oc-19d">
         <name>.text:EPWM2_TZ_ISR</name>
         <load_address>0x108f9</load_address>
         <run_address>0x108f9</run_address>
         <size>0xa</size>
         <input_file_ref idref="fl-4"/>
      </object_component>
      <object_component id="oc-1d3">
         <name>.text:EPWM3_ISR</name>
         <load_address>0x10903</load_address>
         <run_address>0x10903</run_address>
         <size>0xa</size>
         <input_file_ref idref="fl-4"/>
      </object_component>
      <object_component id="oc-1a3">
         <name>.text:EPWM3_TZ_ISR</name>
         <load_address>0x1090d</load_address>
         <run_address>0x1090d</run_address>
         <size>0xa</size>
         <input_file_ref idref="fl-4"/>
      </object_component>
      <object_component id="oc-1d9">
         <name>.text:EPWM4_ISR</name>
         <load_address>0x10917</load_address>
         <run_address>0x10917</run_address>
         <size>0xa</size>
         <input_file_ref idref="fl-4"/>
      </object_component>
      <object_component id="oc-1a9">
         <name>.text:EPWM4_TZ_ISR</name>
         <load_address>0x10921</load_address>
         <run_address>0x10921</run_address>
         <size>0xa</size>
         <input_file_ref idref="fl-4"/>
      </object_component>
      <object_component id="oc-1df">
         <name>.text:EPWM5_ISR</name>
         <load_address>0x1092b</load_address>
         <run_address>0x1092b</run_address>
         <size>0xa</size>
         <input_file_ref idref="fl-4"/>
      </object_component>
      <object_component id="oc-1af">
         <name>.text:EPWM5_TZ_ISR</name>
         <load_address>0x10935</load_address>
         <run_address>0x10935</run_address>
         <size>0xa</size>
         <input_file_ref idref="fl-4"/>
      </object_component>
      <object_component id="oc-1e5">
         <name>.text:EPWM6_ISR</name>
         <load_address>0x1093f</load_address>
         <run_address>0x1093f</run_address>
         <size>0xa</size>
         <input_file_ref idref="fl-4"/>
      </object_component>
      <object_component id="oc-1b5">
         <name>.text:EPWM6_TZ_ISR</name>
         <load_address>0x10949</load_address>
         <run_address>0x10949</run_address>
         <size>0xa</size>
         <input_file_ref idref="fl-4"/>
      </object_component>
      <object_component id="oc-1eb">
         <name>.text:EPWM7_ISR</name>
         <load_address>0x10953</load_address>
         <run_address>0x10953</run_address>
         <size>0xa</size>
         <input_file_ref idref="fl-4"/>
      </object_component>
      <object_component id="oc-1bb">
         <name>.text:EPWM7_TZ_ISR</name>
         <load_address>0x1095d</load_address>
         <run_address>0x1095d</run_address>
         <size>0xa</size>
         <input_file_ref idref="fl-4"/>
      </object_component>
      <object_component id="oc-1f1">
         <name>.text:EPWM8_ISR</name>
         <load_address>0x10967</load_address>
         <run_address>0x10967</run_address>
         <size>0xa</size>
         <input_file_ref idref="fl-4"/>
      </object_component>
      <object_component id="oc-1c1">
         <name>.text:EPWM8_TZ_ISR</name>
         <load_address>0x10971</load_address>
         <run_address>0x10971</run_address>
         <size>0xa</size>
         <input_file_ref idref="fl-4"/>
      </object_component>
      <object_component id="oc-3e9">
         <name>.text:EPWM9_ISR</name>
         <load_address>0x1097b</load_address>
         <run_address>0x1097b</run_address>
         <size>0xa</size>
         <input_file_ref idref="fl-4"/>
      </object_component>
      <object_component id="oc-3b9">
         <name>.text:EPWM9_TZ_ISR</name>
         <load_address>0x10985</load_address>
         <run_address>0x10985</run_address>
         <size>0xa</size>
         <input_file_ref idref="fl-4"/>
      </object_component>
      <object_component id="oc-221">
         <name>.text:EQEP1_ISR</name>
         <load_address>0x1098f</load_address>
         <run_address>0x1098f</run_address>
         <size>0xa</size>
         <input_file_ref idref="fl-4"/>
      </object_component>
      <object_component id="oc-227">
         <name>.text:EQEP2_ISR</name>
         <load_address>0x10999</load_address>
         <run_address>0x10999</run_address>
         <size>0xa</size>
         <input_file_ref idref="fl-4"/>
      </object_component>
      <object_component id="oc-22d">
         <name>.text:EQEP3_ISR</name>
         <load_address>0x109a3</load_address>
         <run_address>0x109a3</run_address>
         <size>0xa</size>
         <input_file_ref idref="fl-4"/>
      </object_component>
      <object_component id="oc-377">
         <name>.text:FMC_ISR</name>
         <load_address>0x109ad</load_address>
         <run_address>0x109ad</run_address>
         <size>0xa</size>
         <input_file_ref idref="fl-4"/>
      </object_component>
      <object_component id="oc-37d">
         <name>.text:FPU_OFLOW_ISR</name>
         <load_address>0x109b7</load_address>
         <run_address>0x109b7</run_address>
         <size>0xa</size>
         <input_file_ref idref="fl-4"/>
      </object_component>
      <object_component id="oc-383">
         <name>.text:FPU_UFLOW_ISR</name>
         <load_address>0x109c1</load_address>
         <run_address>0x109c1</run_address>
         <size>0xa</size>
         <input_file_ref idref="fl-4"/>
      </object_component>
      <object_component id="oc-431">
         <name>.text:FSIRXA1_ISR</name>
         <load_address>0x109cb</load_address>
         <run_address>0x109cb</run_address>
         <size>0xa</size>
         <input_file_ref idref="fl-4"/>
      </object_component>
      <object_component id="oc-437">
         <name>.text:FSIRXA2_ISR</name>
         <load_address>0x109d5</load_address>
         <run_address>0x109d5</run_address>
         <size>0xa</size>
         <input_file_ref idref="fl-4"/>
      </object_component>
      <object_component id="oc-43d">
         <name>.text:FSIRXB1_ISR</name>
         <load_address>0x109df</load_address>
         <run_address>0x109df</run_address>
         <size>0xa</size>
         <input_file_ref idref="fl-4"/>
      </object_component>
      <object_component id="oc-443">
         <name>.text:FSIRXB2_ISR</name>
         <load_address>0x109e9</load_address>
         <run_address>0x109e9</run_address>
         <size>0xa</size>
         <input_file_ref idref="fl-4"/>
      </object_component>
      <object_component id="oc-4a9">
         <name>.text:FSIRXC1_ISR</name>
         <load_address>0x109f3</load_address>
         <run_address>0x109f3</run_address>
         <size>0xa</size>
         <input_file_ref idref="fl-4"/>
      </object_component>
      <object_component id="oc-4af">
         <name>.text:FSIRXC2_ISR</name>
         <load_address>0x109fd</load_address>
         <run_address>0x109fd</run_address>
         <size>0xa</size>
         <input_file_ref idref="fl-4"/>
      </object_component>
      <object_component id="oc-4b5">
         <name>.text:FSIRXD1_ISR</name>
         <load_address>0x10a07</load_address>
         <run_address>0x10a07</run_address>
         <size>0xa</size>
         <input_file_ref idref="fl-4"/>
      </object_component>
      <object_component id="oc-4bb">
         <name>.text:FSIRXD2_ISR</name>
         <load_address>0x10a11</load_address>
         <run_address>0x10a11</run_address>
         <size>0xa</size>
         <input_file_ref idref="fl-4"/>
      </object_component>
      <object_component id="oc-4c1">
         <name>.text:FSIRXE1_ISR</name>
         <load_address>0x10a1b</load_address>
         <run_address>0x10a1b</run_address>
         <size>0xa</size>
         <input_file_ref idref="fl-4"/>
      </object_component>
      <object_component id="oc-4c7">
         <name>.text:FSIRXE2_ISR</name>
         <load_address>0x10a25</load_address>
         <run_address>0x10a25</run_address>
         <size>0xa</size>
         <input_file_ref idref="fl-4"/>
      </object_component>
      <object_component id="oc-4cd">
         <name>.text:FSIRXF1_ISR</name>
         <load_address>0x10a2f</load_address>
         <run_address>0x10a2f</run_address>
         <size>0xa</size>
         <input_file_ref idref="fl-4"/>
      </object_component>
      <object_component id="oc-4d3">
         <name>.text:FSIRXF2_ISR</name>
         <load_address>0x10a39</load_address>
         <run_address>0x10a39</run_address>
         <size>0xa</size>
         <input_file_ref idref="fl-4"/>
      </object_component>
      <object_component id="oc-4d9">
         <name>.text:FSIRXG1_ISR</name>
         <load_address>0x10a43</load_address>
         <run_address>0x10a43</run_address>
         <size>0xa</size>
         <input_file_ref idref="fl-4"/>
      </object_component>
      <object_component id="oc-4df">
         <name>.text:FSIRXG2_ISR</name>
         <load_address>0x10a4d</load_address>
         <run_address>0x10a4d</run_address>
         <size>0xa</size>
         <input_file_ref idref="fl-4"/>
      </object_component>
      <object_component id="oc-4e5">
         <name>.text:FSIRXH1_ISR</name>
         <load_address>0x10a57</load_address>
         <run_address>0x10a57</run_address>
         <size>0xa</size>
         <input_file_ref idref="fl-4"/>
      </object_component>
      <object_component id="oc-4eb">
         <name>.text:FSIRXH2_ISR</name>
         <load_address>0x10a61</load_address>
         <run_address>0x10a61</run_address>
         <size>0xa</size>
         <input_file_ref idref="fl-4"/>
      </object_component>
      <object_component id="oc-419">
         <name>.text:FSITXA1_ISR</name>
         <load_address>0x10a6b</load_address>
         <run_address>0x10a6b</run_address>
         <size>0xa</size>
         <input_file_ref idref="fl-4"/>
      </object_component>
      <object_component id="oc-41f">
         <name>.text:FSITXA2_ISR</name>
         <load_address>0x10a75</load_address>
         <run_address>0x10a75</run_address>
         <size>0xa</size>
         <input_file_ref idref="fl-4"/>
      </object_component>
      <object_component id="oc-425">
         <name>.text:FSITXB1_ISR</name>
         <load_address>0x10a7f</load_address>
         <run_address>0x10a7f</run_address>
         <size>0xa</size>
         <input_file_ref idref="fl-4"/>
      </object_component>
      <object_component id="oc-42b">
         <name>.text:FSITXB2_ISR</name>
         <load_address>0x10a89</load_address>
         <run_address>0x10a89</run_address>
         <size>0xa</size>
         <input_file_ref idref="fl-4"/>
      </object_component>
      <object_component id="oc-2a5">
         <name>.text:I2CA_FIFO_ISR</name>
         <load_address>0x10a93</load_address>
         <run_address>0x10a93</run_address>
         <size>0xa</size>
         <input_file_ref idref="fl-4"/>
      </object_component>
      <object_component id="oc-389">
         <name>.text:I2CA_HIGH_ISR</name>
         <load_address>0x10a9d</load_address>
         <run_address>0x10a9d</run_address>
         <size>0xa</size>
         <input_file_ref idref="fl-4"/>
      </object_component>
      <object_component id="oc-29f">
         <name>.text:I2CA_ISR</name>
         <load_address>0x10aa7</load_address>
         <run_address>0x10aa7</run_address>
         <size>0xa</size>
         <input_file_ref idref="fl-4"/>
      </object_component>
      <object_component id="oc-2b1">
         <name>.text:I2CB_FIFO_ISR</name>
         <load_address>0x10ab1</load_address>
         <run_address>0x10ab1</run_address>
         <size>0xa</size>
         <input_file_ref idref="fl-4"/>
      </object_component>
      <object_component id="oc-2ab">
         <name>.text:I2CB_ISR</name>
         <load_address>0x10abb</load_address>
         <run_address>0x10abb</run_address>
         <size>0xa</size>
         <input_file_ref idref="fl-4"/>
      </object_component>
      <object_component id="oc-119">
         <name>.text:ILLEGAL_ISR</name>
         <load_address>0x10ac5</load_address>
         <run_address>0x10ac5</run_address>
         <size>0xa</size>
         <input_file_ref idref="fl-4"/>
      </object_component>
      <object_component id="oc-509">
         <name>.text:MCANA_0_ISR</name>
         <load_address>0x10acf</load_address>
         <run_address>0x10acf</run_address>
         <size>0xa</size>
         <input_file_ref idref="fl-4"/>
      </object_component>
      <object_component id="oc-50f">
         <name>.text:MCANA_1_ISR</name>
         <load_address>0x10ad9</load_address>
         <run_address>0x10ad9</run_address>
         <size>0xa</size>
         <input_file_ref idref="fl-4"/>
      </object_component>
      <object_component id="oc-515">
         <name>.text:MCANA_ECC_ISR</name>
         <load_address>0x10ae3</load_address>
         <run_address>0x10ae3</run_address>
         <size>0xa</size>
         <input_file_ref idref="fl-4"/>
      </object_component>
      <object_component id="oc-51b">
         <name>.text:MCANA_WAKE_ISR</name>
         <load_address>0x10aed</load_address>
         <run_address>0x10aed</run_address>
         <size>0xa</size>
         <input_file_ref idref="fl-4"/>
      </object_component>
      <object_component id="oc-263">
         <name>.text:MCBSPA_RX_ISR</name>
         <load_address>0x10af7</load_address>
         <run_address>0x10af7</run_address>
         <size>0xa</size>
         <input_file_ref idref="fl-4"/>
      </object_component>
      <object_component id="oc-269">
         <name>.text:MCBSPA_TX_ISR</name>
         <load_address>0x10b01</load_address>
         <run_address>0x10b01</run_address>
         <size>0xa</size>
         <input_file_ref idref="fl-4"/>
      </object_component>
      <object_component id="oc-26f">
         <name>.text:MCBSPB_RX_ISR</name>
         <load_address>0x10b0b</load_address>
         <run_address>0x10b0b</run_address>
         <size>0xa</size>
         <input_file_ref idref="fl-4"/>
      </object_component>
      <object_component id="oc-275">
         <name>.text:MCBSPB_TX_ISR</name>
         <load_address>0x10b15</load_address>
         <run_address>0x10b15</run_address>
         <size>0xa</size>
         <input_file_ref idref="fl-4"/>
      </object_component>
      <object_component id="oc-371">
         <name>.text:MPOST_ISR</name>
         <load_address>0x10b1f</load_address>
         <run_address>0x10b1f</run_address>
         <size>0xa</size>
         <input_file_ref idref="fl-4"/>
      </object_component>
      <object_component id="oc-113">
         <name>.text:NMI_ISR</name>
         <load_address>0x10b29</load_address>
         <run_address>0x10b29</run_address>
         <size>0xa</size>
         <input_file_ref idref="fl-4"/>
      </object_component>
      <object_component id="oc-5c3">
         <name>.text:NOTUSED_ISR</name>
         <load_address>0x10b33</load_address>
         <run_address>0x10b33</run_address>
         <size>0xa</size>
         <input_file_ref idref="fl-4"/>
      </object_component>
      <object_component id="oc-5b7">
         <name>.text:PIE_RESERVED_ISR</name>
         <load_address>0x10b3d</load_address>
         <run_address>0x10b3d</run_address>
         <size>0xa</size>
         <input_file_ref idref="fl-4"/>
      </object_component>
      <object_component id="oc-521">
         <name>.text:PMBUSA_ISR</name>
         <load_address>0x10b47</load_address>
         <run_address>0x10b47</run_address>
         <size>0xa</size>
         <input_file_ref idref="fl-4"/>
      </object_component>
      <object_component id="oc-107">
         <name>.text:RTOS_ISR</name>
         <load_address>0x10b51</load_address>
         <run_address>0x10b51</run_address>
         <size>0xa</size>
         <input_file_ref idref="fl-4"/>
      </object_component>
      <object_component id="oc-2cf">
         <name>.text:SCIA_RX_ISR</name>
         <load_address>0x10b5b</load_address>
         <run_address>0x10b5b</run_address>
         <size>0xa</size>
         <input_file_ref idref="fl-4"/>
      </object_component>
      <object_component id="oc-2d5">
         <name>.text:SCIA_TX_ISR</name>
         <load_address>0x10b65</load_address>
         <run_address>0x10b65</run_address>
         <size>0xa</size>
         <input_file_ref idref="fl-4"/>
      </object_component>
      <object_component id="oc-2db">
         <name>.text:SCIB_RX_ISR</name>
         <load_address>0x10b6f</load_address>
         <run_address>0x10b6f</run_address>
         <size>0xa</size>
         <input_file_ref idref="fl-4"/>
      </object_component>
      <object_component id="oc-2e1">
         <name>.text:SCIB_TX_ISR</name>
         <load_address>0x10b79</load_address>
         <run_address>0x10b79</run_address>
         <size>0xa</size>
         <input_file_ref idref="fl-4"/>
      </object_component>
      <object_component id="oc-2b7">
         <name>.text:SCIC_RX_ISR</name>
         <load_address>0x10b83</load_address>
         <run_address>0x10b83</run_address>
         <size>0xa</size>
         <input_file_ref idref="fl-4"/>
      </object_component>
      <object_component id="oc-2bd">
         <name>.text:SCIC_TX_ISR</name>
         <load_address>0x10b8d</load_address>
         <run_address>0x10b8d</run_address>
         <size>0xa</size>
         <input_file_ref idref="fl-4"/>
      </object_component>
      <object_component id="oc-2c3">
         <name>.text:SCID_RX_ISR</name>
         <load_address>0x10b97</load_address>
         <run_address>0x10b97</run_address>
         <size>0xa</size>
         <input_file_ref idref="fl-4"/>
      </object_component>
      <object_component id="oc-2c9">
         <name>.text:SCID_TX_ISR</name>
         <load_address>0x10ba1</load_address>
         <run_address>0x10ba1</run_address>
         <size>0xa</size>
         <input_file_ref idref="fl-4"/>
      </object_component>
      <object_component id="oc-461">
         <name>.text:SDFM1DR1_ISR</name>
         <load_address>0x10bab</load_address>
         <run_address>0x10bab</run_address>
         <size>0xa</size>
         <input_file_ref idref="fl-4"/>
      </object_component>
      <object_component id="oc-467">
         <name>.text:SDFM1DR2_ISR</name>
         <load_address>0x10bb5</load_address>
         <run_address>0x10bb5</run_address>
         <size>0xa</size>
         <input_file_ref idref="fl-4"/>
      </object_component>
      <object_component id="oc-46d">
         <name>.text:SDFM1DR3_ISR</name>
         <load_address>0x10bbf</load_address>
         <run_address>0x10bbf</run_address>
         <size>0xa</size>
         <input_file_ref idref="fl-4"/>
      </object_component>
      <object_component id="oc-473">
         <name>.text:SDFM1DR4_ISR</name>
         <load_address>0x10bc9</load_address>
         <run_address>0x10bc9</run_address>
         <size>0xa</size>
         <input_file_ref idref="fl-4"/>
      </object_component>
      <object_component id="oc-449">
         <name>.text:SDFM1_ISR</name>
         <load_address>0x10bd3</load_address>
         <run_address>0x10bd3</run_address>
         <size>0xa</size>
         <input_file_ref idref="fl-4"/>
      </object_component>
      <object_component id="oc-491">
         <name>.text:SDFM2DR1_ISR</name>
         <load_address>0x10bdd</load_address>
         <run_address>0x10bdd</run_address>
         <size>0xa</size>
         <input_file_ref idref="fl-4"/>
      </object_component>
      <object_component id="oc-497">
         <name>.text:SDFM2DR2_ISR</name>
         <load_address>0x10be7</load_address>
         <run_address>0x10be7</run_address>
         <size>0xa</size>
         <input_file_ref idref="fl-4"/>
      </object_component>
      <object_component id="oc-49d">
         <name>.text:SDFM2DR3_ISR</name>
         <load_address>0x10bf1</load_address>
         <run_address>0x10bf1</run_address>
         <size>0xa</size>
         <input_file_ref idref="fl-4"/>
      </object_component>
      <object_component id="oc-4a3">
         <name>.text:SDFM2DR4_ISR</name>
         <load_address>0x10bfb</load_address>
         <run_address>0x10bfb</run_address>
         <size>0xa</size>
         <input_file_ref idref="fl-4"/>
      </object_component>
      <object_component id="oc-44f">
         <name>.text:SDFM2_ISR</name>
         <load_address>0x10c05</load_address>
         <run_address>0x10c05</run_address>
         <size>0xa</size>
         <input_file_ref idref="fl-4"/>
      </object_component>
      <object_component id="oc-24b">
         <name>.text:SPIA_RX_ISR</name>
         <load_address>0x10c0f</load_address>
         <run_address>0x10c0f</run_address>
         <size>0xa</size>
         <input_file_ref idref="fl-4"/>
      </object_component>
      <object_component id="oc-251">
         <name>.text:SPIA_TX_ISR</name>
         <load_address>0x10c19</load_address>
         <run_address>0x10c19</run_address>
         <size>0xa</size>
         <input_file_ref idref="fl-4"/>
      </object_component>
      <object_component id="oc-257">
         <name>.text:SPIB_RX_ISR</name>
         <load_address>0x10c23</load_address>
         <run_address>0x10c23</run_address>
         <size>0xa</size>
         <input_file_ref idref="fl-4"/>
      </object_component>
      <object_component id="oc-25d">
         <name>.text:SPIB_TX_ISR</name>
         <load_address>0x10c2d</load_address>
         <run_address>0x10c2d</run_address>
         <size>0xa</size>
         <input_file_ref idref="fl-4"/>
      </object_component>
      <object_component id="oc-479">
         <name>.text:SPIC_RX_ISR</name>
         <load_address>0x10c37</load_address>
         <run_address>0x10c37</run_address>
         <size>0xa</size>
         <input_file_ref idref="fl-4"/>
      </object_component>
      <object_component id="oc-47f">
         <name>.text:SPIC_TX_ISR</name>
         <load_address>0x10c41</load_address>
         <run_address>0x10c41</run_address>
         <size>0xa</size>
         <input_file_ref idref="fl-4"/>
      </object_component>
      <object_component id="oc-485">
         <name>.text:SPID_RX_ISR</name>
         <load_address>0x10c4b</load_address>
         <run_address>0x10c4b</run_address>
         <size>0xa</size>
         <input_file_ref idref="fl-4"/>
      </object_component>
      <object_component id="oc-48b">
         <name>.text:SPID_TX_ISR</name>
         <load_address>0x10c55</load_address>
         <run_address>0x10c55</run_address>
         <size>0xa</size>
         <input_file_ref idref="fl-4"/>
      </object_component>
      <object_component id="oc-38f">
         <name>.text:SYS_ERR_ISR</name>
         <load_address>0x10c5f</load_address>
         <run_address>0x10c5f</run_address>
         <size>0xa</size>
         <input_file_ref idref="fl-4"/>
      </object_component>
      <object_component id="oc-18b">
         <name>.text:TIMER0_ISR</name>
         <load_address>0x10c69</load_address>
         <run_address>0x10c69</run_address>
         <size>0xa</size>
         <input_file_ref idref="fl-4"/>
      </object_component>
      <object_component id="oc-f2">
         <name>.text:TIMER1_ISR</name>
         <load_address>0x10c73</load_address>
         <run_address>0x10c73</run_address>
         <size>0xa</size>
         <input_file_ref idref="fl-4"/>
      </object_component>
      <object_component id="oc-fb">
         <name>.text:TIMER2_ISR</name>
         <load_address>0x10c7d</load_address>
         <run_address>0x10c7d</run_address>
         <size>0xa</size>
         <input_file_ref idref="fl-4"/>
      </object_component>
      <object_component id="oc-52d">
         <name>.text:USBA_ISR</name>
         <load_address>0x10c87</load_address>
         <run_address>0x10c87</run_address>
         <size>0xa</size>
         <input_file_ref idref="fl-4"/>
      </object_component>
      <object_component id="oc-155">
         <name>.text:USER10_ISR</name>
         <load_address>0x10c91</load_address>
         <run_address>0x10c91</run_address>
         <size>0xa</size>
         <input_file_ref idref="fl-4"/>
      </object_component>
      <object_component id="oc-15b">
         <name>.text:USER11_ISR</name>
         <load_address>0x10c9b</load_address>
         <run_address>0x10c9b</run_address>
         <size>0xa</size>
         <input_file_ref idref="fl-4"/>
      </object_component>
      <object_component id="oc-161">
         <name>.text:USER12_ISR</name>
         <load_address>0x10ca5</load_address>
         <run_address>0x10ca5</run_address>
         <size>0xa</size>
         <input_file_ref idref="fl-4"/>
      </object_component>
      <object_component id="oc-11f">
         <name>.text:USER1_ISR</name>
         <load_address>0x10caf</load_address>
         <run_address>0x10caf</run_address>
         <size>0xa</size>
         <input_file_ref idref="fl-4"/>
      </object_component>
      <object_component id="oc-125">
         <name>.text:USER2_ISR</name>
         <load_address>0x10cb9</load_address>
         <run_address>0x10cb9</run_address>
         <size>0xa</size>
         <input_file_ref idref="fl-4"/>
      </object_component>
      <object_component id="oc-12b">
         <name>.text:USER3_ISR</name>
         <load_address>0x10cc3</load_address>
         <run_address>0x10cc3</run_address>
         <size>0xa</size>
         <input_file_ref idref="fl-4"/>
      </object_component>
      <object_component id="oc-131">
         <name>.text:USER4_ISR</name>
         <load_address>0x10ccd</load_address>
         <run_address>0x10ccd</run_address>
         <size>0xa</size>
         <input_file_ref idref="fl-4"/>
      </object_component>
      <object_component id="oc-137">
         <name>.text:USER5_ISR</name>
         <load_address>0x10cd7</load_address>
         <run_address>0x10cd7</run_address>
         <size>0xa</size>
         <input_file_ref idref="fl-4"/>
      </object_component>
      <object_component id="oc-13d">
         <name>.text:USER6_ISR</name>
         <load_address>0x10ce1</load_address>
         <run_address>0x10ce1</run_address>
         <size>0xa</size>
         <input_file_ref idref="fl-4"/>
      </object_component>
      <object_component id="oc-143">
         <name>.text:USER7_ISR</name>
         <load_address>0x10ceb</load_address>
         <run_address>0x10ceb</run_address>
         <size>0xa</size>
         <input_file_ref idref="fl-4"/>
      </object_component>
      <object_component id="oc-149">
         <name>.text:USER8_ISR</name>
         <load_address>0x10cf5</load_address>
         <run_address>0x10cf5</run_address>
         <size>0xa</size>
         <input_file_ref idref="fl-4"/>
      </object_component>
      <object_component id="oc-14f">
         <name>.text:USER9_ISR</name>
         <load_address>0x10cff</load_address>
         <run_address>0x10cff</run_address>
         <size>0xa</size>
         <input_file_ref idref="fl-4"/>
      </object_component>
      <object_component id="oc-191">
         <name>.text:WAKE_ISR</name>
         <load_address>0x10d09</load_address>
         <run_address>0x10d09</run_address>
         <size>0xa</size>
         <input_file_ref idref="fl-4"/>
      </object_component>
      <object_component id="oc-179">
         <name>.text:XINT1_ISR</name>
         <load_address>0x10d13</load_address>
         <run_address>0x10d13</run_address>
         <size>0xa</size>
         <input_file_ref idref="fl-4"/>
      </object_component>
      <object_component id="oc-17f">
         <name>.text:XINT2_ISR</name>
         <load_address>0x10d1d</load_address>
         <run_address>0x10d1d</run_address>
         <size>0xa</size>
         <input_file_ref idref="fl-4"/>
      </object_component>
      <object_component id="oc-35f">
         <name>.text:XINT3_ISR</name>
         <load_address>0x10d27</load_address>
         <run_address>0x10d27</run_address>
         <size>0xa</size>
         <input_file_ref idref="fl-4"/>
      </object_component>
      <object_component id="oc-365">
         <name>.text:XINT4_ISR</name>
         <load_address>0x10d31</load_address>
         <run_address>0x10d31</run_address>
         <size>0xa</size>
         <input_file_ref idref="fl-4"/>
      </object_component>
      <object_component id="oc-36b">
         <name>.text:XINT5_ISR</name>
         <load_address>0x10d3b</load_address>
         <run_address>0x10d3b</run_address>
         <size>0xa</size>
         <input_file_ref idref="fl-4"/>
      </object_component>
      <object_component id="oc-933">
         <name>.text:AuxAuxClkSel</name>
         <load_address>0x10d45</load_address>
         <run_address>0x10d45</run_address>
         <size>0x9</size>
         <input_file_ref idref="fl-c"/>
      </object_component>
      <object_component id="oc-902">
         <name>.text:SysIntOsc1Sel</name>
         <load_address>0x10d4e</load_address>
         <run_address>0x10d4e</run_address>
         <size>0x9</size>
         <input_file_ref idref="fl-c"/>
      </object_component>
      <object_component id="oc-a1e">
         <name>.text</name>
         <load_address>0x10d57</load_address>
         <run_address>0x10d57</run_address>
         <size>0x9</size>
         <input_file_ref idref="fl-39"/>
      </object_component>
      <object_component id="oc-e5">
         <name>.text:decompress:none</name>
         <load_address>0x10d60</load_address>
         <run_address>0x10d60</run_address>
         <size>0x8</size>
         <input_file_ref idref="fl-36"/>
      </object_component>
      <object_component id="oc-62e">
         <name>.text</name>
         <load_address>0x10d68</load_address>
         <run_address>0x10d68</run_address>
         <size>0x8</size>
         <input_file_ref idref="fl-2"/>
      </object_component>
      <object_component id="oc-908">
         <name>.text:SysIntOsc2Sel</name>
         <load_address>0x10d70</load_address>
         <run_address>0x10d70</run_address>
         <size>0x7</size>
         <input_file_ref idref="fl-c"/>
      </object_component>
      <object_component id="oc-80b">
         <name>.text</name>
         <load_address>0x10d77</load_address>
         <run_address>0x10d77</run_address>
         <size>0x7</size>
         <input_file_ref idref="fl-3b"/>
      </object_component>
      <object_component id="oc-628">
         <name>.text:decompress:ZI</name>
         <load_address>0x10d7e</load_address>
         <run_address>0x10d7e</run_address>
         <size>0x6</size>
         <input_file_ref idref="fl-35"/>
      </object_component>
      <object_component id="oc-b42">
         <name>.cinit..data.load</name>
         <load_address>0x10d84</load_address>
         <run_address>0x10d84</run_address>
         <size>0x19</size>
      </object_component>
      <object_component id="oc-b3f">
         <name>__TI_handler_table</name>
         <load_address>0x10d9e</load_address>
         <run_address>0x10d9e</run_address>
[...]
         <object_component_ref idref="oc-7f2"/>
      </symbol>
      <symbol id="sm-b63">
         <name>filter_VaG</name>
         <value>0x815a</value>
         <object_component_ref idref="oc-8a1"/>
      </symbol>
      <symbol id="sm-b64">
         <name>pi_volt_Udc</name>
         <value>0x833e</value>
         <object_component_ref idref="oc-8a1"/>
      </symbol>
      <symbol id="sm-b65">
         <name>filter_VcG</name>
         <value>0x816e</value>
         <object_component_ref idref="oc-8a1"/>
      </symbol>
      <symbol id="sm-b66">
         <name>ipark_voltref</name>
         <value>0x81a8</value>
         <object_component_ref idref="oc-8a1"/>
      </symbol>
      <symbol id="sm-b67">
         <name>controller_error_curr_isd</name>
         <value>0x8306</value>
         <object_component_ref idref="oc-8a1"/>
      </symbol>
      <symbol id="sm-b68">
         <name>controller_error_curr_isq</name>
         <value>0x8307</value>
         <object_component_ref idref="oc-8a1"/>
      </symbol>
      <symbol id="sm-b69">
         <name>filter_VbG</name>
         <value>0x8164</value>
         <object_component_ref idref="oc-8a1"/>
      </symbol>
      <symbol id="sm-b6a">
         <name>pwm</name>
         <value>0x822a</value>
         <object_component_ref idref="oc-8a1"/>
      </symbol>
      <symbol id="sm-b6b">
         <name>rc_Ref</name>
         <value>0x819a</value>
         <object_component_ref idref="oc-8a1"/>
      </symbol>
      <symbol id="sm-b6c">
         <name>park_volt</name>
         <value>0x824a</value>
         <object_component_ref idref="oc-8a1"/>
      </symbol>
      <symbol id="sm-b6d">
         <name>loop_volt_Udc</name>
         <value>0x8308</value>
         <object_component_ref idref="oc-8a1"/>
      </symbol>
      <symbol id="sm-b6e">
         <name>ClaToCPU</name>
         <value>0x1480</value>
         <object_component_ref idref="oc-7ab"/>
      </symbol>
      <symbol id="sm-b6f">
         <name>clarke_volt_pll</name>
         <value>0x8288</value>
         <object_component_ref idref="oc-8a1"/>
      </symbol>
      <symbol id="sm-b70">
         <name>filter_Usd</name>
         <value>0x8178</value>
         <object_component_ref idref="oc-8a1"/>
      </symbol>
      <symbol id="sm-b71">
         <name>filter_Usq</name>
         <value>0x8182</value>
         <object_component_ref idref="oc-8a1"/>
      </symbol>
      <symbol id="sm-b72">
         <name>park_volt_pll</name>
         <value>0x825c</value>
         <object_component_ref idref="oc-8a1"/>
      </symbol>
      <symbol id="sm-b73">
         <name>AdcValue</name>
         <value>0x8118</value>
         <object_component_ref idref="oc-8a1"/>
      </symbol>
      <symbol id="sm-b74">
         <name>UabtoUabc</name>
         <value>0x81b8</value>
         <object_component_ref idref="oc-8a1"/>
      </symbol>
      <symbol id="sm-b75">
         <name>pi_volt_Usd</name>
         <value>0x830a</value>
         <object_component_ref idref="oc-8a1"/>
      </symbol>
      <symbol id="sm-b76">
         <name>pi_volt_Usq</name>
         <value>0x8324</value>
         <object_component_ref idref="oc-8a1"/>
      </symbol>
      <symbol id="sm-c6e">
         <name>Task8_Isr</name>
         <value>0x101c4</value>
         <object_component_ref idref="oc-706"/>
      </symbol>
      <symbol id="sm-c6f">
         <name>START_FLC</name>
         <value>0x101c5</value>
         <object_component_ref idref="oc-706"/>
      </symbol>
      <symbol id="sm-c70">
         <name>thresh_1</name>
         <value>0x101d2</value>
         <object_component_ref idref="oc-706"/>
      </symbol>
      <symbol id="sm-c71">
         <name>clkPrescale_1</name>
         <value>0x101d0</value>
         <object_component_ref idref="oc-706"/>
      </symbol>
      <symbol id="sm-c72">
         <name>Task1_Isr</name>
         <value>0x101c3</value>
         <object_component_ref idref="oc-706"/>
      </symbol>
      <symbol id="sm-c73">
         <name>DelayMs</name>
         <value>0x10414</value>
         <object_component_ref idref="oc-76c"/>
      </symbol>
      <symbol id="sm-c74">
         <name>ndx3</name>
         <value>0x101c2</value>
         <object_component_ref idref="oc-706"/>
      </symbol>
      <symbol id="sm-c75">
         <name>ndx2</name>
         <value>0x101c1</value>
         <object_component_ref idref="oc-706"/>
      </symbol>
      <symbol id="sm-c76">
         <name>ndx1</name>
         <value>0x101c0</value>
         <object_component_ref idref="oc-706"/>
      </symbol>
      <symbol id="sm-c77">
         <name>LEM_curHi_1</name>
         <value>0x101d3</value>
         <object_component_ref idref="oc-706"/>
      </symbol>
      <symbol id="sm-c78">
         <name>Cla_initMemoryMap</name>
         <value>0x101ee</value>
         <object_component_ref idref="oc-73c"/>
      </symbol>
      <symbol id="sm-c79">
         <name>gPeripheralNumber</name>
         <value>0xc000</value>
         <object_component_ref idref="oc-79f"/>
      </symbol>
      <symbol id="sm-c7a">
         <name>Epwm1</name>
         <value>0x101cd</value>
         <object_component_ref idref="oc-706"/>
      </symbol>
      <symbol id="sm-c7b">
         <name>Ubat_TPC</name>
         <value>0xc004</value>
         <object_component_ref idref="oc-79f"/>
      </symbol>
      <symbol id="sm-c7c">
         <name>j</name>
         <value>0xc001</value>
         <object_component_ref idref="oc-79f"/>
      </symbol>
      <symbol id="sm-c7d">
         <name>CMPSS_Protection_FLC</name>
         <value>0xcf5d</value>
         <object_component_ref idref="oc-724"/>
      </symbol>
      <symbol id="sm-c7e">
         <name>RunTask8Flag</name>
         <value>0x101cb</value>
         <object_component_ref idref="oc-706"/>
      </symbol>
      <symbol id="sm-c7f">
         <name>ON_RELAY</name>
         <value>0x101c7</value>
         <object_component_ref idref="oc-706"/>
      </symbol>
      <symbol id="sm-c80">
         <name>sampwin_1</name>
         <value>0x101d1</value>
         <object_component_ref idref="oc-706"/>
      </symbol>
      <symbol id="sm-c81">
         <name>main</name>
         <value>0xc017</value>
         <object_component_ref idref="oc-5ca"/>
      </symbol>
      <symbol id="sm-c82">
         <name>protect_chanel</name>
         <value>0xc006</value>
         <object_component_ref idref="oc-79f"/>
      </symbol>
      <symbol id="sm-c83">
         <name>Init_ADC_D</name>
         <value>0xfe6a</value>
         <object_component_ref idref="oc-71e"/>
      </symbol>
      <symbol id="sm-c84">
         <name>Init_ADC_B</name>
         <value>0xfed6</value>
         <object_component_ref idref="oc-718"/>
      </symbol>
      <symbol id="sm-c85">
         <name>wd_count</name>
         <value>0x101c8</value>
         <object_component_ref idref="oc-706"/>
      </symbol>
      <symbol id="sm-c86">
         <name>LEM_curLo_1</name>
         <value>0x101d4</value>
         <object_component_ref idref="oc-706"/>
      </symbol>
      <symbol id="sm-c87">
         <name>ClearProtectFlagFcn</name>
         <value>0xff7c</value>
         <object_component_ref idref="oc-772"/>
      </symbol>
      <symbol id="sm-c88">
         <name>CMPSS_Ig_Rms_Protecion</name>
         <value>0x101d8</value>
         <object_component_ref idref="oc-706"/>
      </symbol>
      <symbol id="sm-c89">
         <name>CMPSS_Vg_Rms_Protection</name>
         <value>0x101d6</value>
         <object_component_ref idref="oc-706"/>
      </symbol>
      <symbol id="sm-c8a">
         <name>AdcB0</name>
         <value>0x101ce</value>
         <object_component_ref idref="oc-706"/>
      </symbol>
      <symbol id="sm-c8b">
         <name>count_FLC_start_up</name>
         <value>0x101cf</value>
         <object_component_ref idref="oc-706"/>
      </symbol>
      <symbol id="sm-c8c">
         <name>CLA_initCpu1Cla</name>
         <value>0x10237</value>
         <object_component_ref idref="oc-5e2"/>
      </symbol>
      <symbol id="sm-c8d">
         <name>seconds_counter_cmpss</name>
         <value>0x101da</value>
         <object_component_ref idref="oc-706"/>
      </symbol>
      <symbol id="sm-c8e">
         <name>FLC_RstFlg</name>
         <value>0x101cc</value>
         <object_component_ref idref="oc-706"/>
      </symbol>
      <symbol id="sm-c8f">
         <name>InitCpuTimer0</name>
         <value>0x10439</value>
         <object_component_ref idref="oc-72a"/>
      </symbol>
      <symbol id="sm-c90">
         <name>ClrPrtFlg</name>
         <value>0x101c9</value>
         <object_component_ref idref="oc-706"/>
      </symbol>
      <symbol id="sm-c91">
         <name>Cpu_Timer0_ISR</name>
         <value>0x102f6</value>
         <object_component_ref idref="oc-5c9"/>
      </symbol>
      <symbol id="sm-c92">
         <name>epwm1_isr</name>
         <value>0x103bb</value>
         <object_component_ref idref="oc-5d5"/>
      </symbol>
      <symbol id="sm-c93">
         <name>ClrPrtFLg_Fst</name>
         <value>0x101ca</value>
         <object_component_ref idref="oc-706"/>
      </symbol>
      <symbol id="sm-c94">
         <name>cla1Isr4</name>
         <value>0x104df</value>
         <object_component_ref idref="oc-5f9"/>
      </symbol>
      <symbol id="sm-c95">
         <name>cla1Isr5</name>
         <value>0x104ee</value>
         <object_component_ref idref="oc-5ff"/>
      </symbol>
      <symbol id="sm-c96">
         <name>cla1Isr6</name>
         <value>0x104fd</value>
         <object_component_ref idref="oc-605"/>
      </symbol>
      <symbol id="sm-c97">
         <name>cla1Isr7</name>
         <value>0x1050c</value>
         <object_component_ref idref="oc-60b"/>
      </symbol>
      <symbol id="sm-c98">
         <name>cla1Isr1</name>
         <value>0xfcf9</value>
         <object_component_ref idref="oc-5e1"/>
      </symbol>
      <symbol id="sm-c99">
         <name>cla1Isr2</name>
         <value>0x10481</value>
         <object_component_ref idref="oc-5ed"/>
      </symbol>
      <symbol id="sm-c9a">
         <name>cla1Isr3</name>
         <value>0x104d0</value>
         <object_component_ref idref="oc-5f3"/>
      </symbol>
      <symbol id="sm-c9b">
         <name>cla1Isr8</name>
         <value>0x10400</value>
         <object_component_ref idref="oc-611"/>
      </symbol>
      <symbol id="sm-c9c">
         <name>DataLog1</name>
         <value>0xf000</value>
         <object_component_ref idref="oc-715"/>
      </symbol>
      <symbol id="sm-c9d">
         <name>DataLog3</name>
         <value>0xf7d0</value>
         <object_component_ref idref="oc-715"/>
      </symbol>
      <symbol id="sm-c9e">
         <name>DataLog2</name>
         <value>0xf3e8</value>
         <object_component_ref idref="oc-715"/>
      </symbol>
      <symbol id="sm-c9f">
         <name>test</name>
         <value>0xc002</value>
         <object_component_ref idref="oc-79f"/>
      </symbol>
      <symbol id="sm-ca0">
         <name>DelayUs</name>
         <value>0x10427</value>
         <object_component_ref idref="oc-86c"/>
      </symbol>
      <symbol id="sm-ca1">
         <name>e_FLC_Sts</name>
         <value>0x101c6</value>
         <object_component_ref idref="oc-706"/>
      </symbol>
      <symbol id="sm-ca2">
         <name>adc_isr</name>
         <value>0x103a3</value>
         <object_component_ref idref="oc-5db"/>
      </symbol>
      <symbol id="sm-ca3">
         <name>CMPSS_Protect_Time</name>
         <value>0x101dc</value>
         <object_component_ref idref="oc-706"/>
      </symbol>
      <symbol id="sm-cad">
         <name>CLAcosPU</name>
         <value>0x9c5e</value>
         <object_component_ref idref="oc-8af"/>
      </symbol>
      <symbol id="sm-cae">
         <name>__claCLAcosPU_sp</name>
         <value>0x8000</value>
         <object_component_ref idref="oc-962"/>
      </symbol>
      <symbol id="sm-cb8">
         <name>CLAsinPU</name>
         <value>0x9c96</value>
         <object_component_ref idref="oc-8aa"/>
      </symbol>
      <symbol id="sm-cb9">
         <name>__claCLAsinPU_sp</name>
         <value>0x8000</value>
         <object_component_ref idref="oc-95f"/>
      </symbol>
      <symbol id="sm-cbc">
         <name>CLAsincosTable_Cos0</name>
         <value>0x85a0</value>
         <object_component_ref idref="oc-960"/>
      </symbol>
      <symbol id="sm-cbd">
         <name>CLAsincosTable_Coef3</name>
         <value>0x86b2</value>
         <object_component_ref idref="oc-960"/>
      </symbol>
      <symbol id="sm-cbe">
         <name>CLAsincosTable_Coef2</name>
         <value>0x86b0</value>
         <object_component_ref idref="oc-960"/>
      </symbol>
      <symbol id="sm-cbf">
         <name>CLAsincosTable_Coef1</name>
         <value>0x86ac</value>
         <object_component_ref idref="oc-960"/>
      </symbol>
      <symbol id="sm-cc0">
         <name>CLAsincosTable_Coef0</name>
         <value>0x86aa</value>
         <object_component_ref idref="oc-960"/>
      </symbol>
      <symbol id="sm-cc1">
         <name>CLAsincosTable_TABLE_SIZEDivTwoPi</name>
         <value>0x86a4</value>
         <object_component_ref idref="oc-960"/>
      </symbol>
      <symbol id="sm-cc2">
         <name>CLAcosTable</name>
         <value>0x85a0</value>
         <object_component_ref idref="oc-960"/>
      </symbol>
      <symbol id="sm-cc3">
         <name>CLAsincosTable_TABLE_MASK</name>
         <value>0x86a8</value>
         <object_component_ref idref="oc-960"/>
      </symbol>
      <symbol id="sm-cc4">
         <name>CLAsincosTableEnd</name>
         <value>0x86b6</value>
         <object_component_ref idref="oc-960"/>
      </symbol>
      <symbol id="sm-cc5">
         <name>CLAsincosTable_TwoPiDivTABLE_SIZE</name>
         <value>0x86a6</value>
         <object_component_ref idref="oc-960"/>
      </symbol>
      <symbol id="sm-cc6">
         <name>CLAsincosTable</name>
         <value>0x8560</value>
         <object_component_ref idref="oc-960"/>
      </symbol>
      <symbol id="sm-cc7">
         <name>CLAcosTableEnd</name>
         <value>0x86a2</value>
         <object_component_ref idref="oc-960"/>
      </symbol>
      <symbol id="sm-cc8">
         <name>CLAsincosTable_Coef1_pos</name>
         <value>0x86ae</value>
         <object_component_ref idref="oc-960"/>
      </symbol>
      <symbol id="sm-cc9">
         <name>CLAsinTableEnd</name>
         <value>0x8660</value>
         <object_component_ref idref="oc-960"/>
      </symbol>
      <symbol id="sm-cca">
         <name>CLAsinTable</name>
         <value>0x8560</value>
         <object_component_ref idref="oc-960"/>
      </symbol>
      <symbol id="sm-ccb">
         <name>CLAsincosTable_Coef3_neg</name>
         <value>0x86b4</value>
         <object_component_ref idref="oc-960"/>
      </symbol>
      <symbol id="sm-ccc">
         <name>CLAsincosTable_TABLE_SIZE</name>
         <value>0x86a2</value>
         <object_component_ref idref="oc-960"/>
      </symbol>
      <symbol id="sm-ccd">
         <name>CLAsincosTable_Sin0</name>
         <value>0x8560</value>
         <object_component_ref idref="oc-960"/>
      </symbol>
      <symbol id="sm-cdf">
         <name>__claabi_memset</name>
         <value>0x9cce</value>
         <object_component_ref idref="oc-8c1"/>
      </symbol>
      <symbol id="sm-cf7">
         <name>ceil</name>
         <value>0xcd20</value>
         <object_component_ref idref="oc-8f8"/>
      </symbol>
      <symbol id="sm-cf8">
         <name>ceill</name>
         <value>0xcd20</value>
         <object_component_ref idref="oc-8f8"/>
      </symbol>
      <symbol id="sm-d02">
         <name>_c_int00</name>
         <value>0x10372</value>
         <object_component_ref idref="oc-812"/>
      </symbol>
      <symbol id="sm-d03">
         <name>__stack</name>
         <value>0x400</value>
         <object_component_ref idref="oc-617"/>
      </symbol>
      <symbol id="sm-d10">
         <name>__c28xabi_divf</name>
         <value>0x376</value>
         <object_component_ref idref="oc-8f3"/>
      </symbol>
      <symbol id="sm-d18">
         <name>__c28xabi_orll</name>
         <value>0x103db</value>
         <object_component_ref idref="oc-9c7"/>
      </symbol>
      <symbol id="sm-d19">
         <name>__c28xabi_xorll</name>
         <value>0x103e3</value>
         <object_component_ref idref="oc-9c7"/>
      </symbol>
      <symbol id="sm-d1a">
         <name>__c28xabi_andll</name>
         <value>0x103d3</value>
         <object_component_ref idref="oc-9c7"/>
      </symbol>
      <symbol id="sm-d28">
         <name>_system_pre_init</name>
         <value>0x3fe</value>
         <object_component_ref idref="oc-8d0"/>
      </symbol>
      <symbol id="sm-d37">
         <name>__TI_auto_init_nobinit_nopinit</name>
         <value>0x1027d</value>
         <object_component_ref idref="oc-986"/>
      </symbol>
      <symbol id="sm-d44">
         <name>__TI_zero_init</name>
         <value>0x10d7e</value>
         <object_component_ref idref="oc-628"/>
      </symbol>
      <symbol id="sm-d51">
         <name>__TI_decompress_none</name>
         <value>0x10d60</value>
         <object_component_ref idref="oc-e5"/>
      </symbol>
      <symbol id="sm-d65">
         <name>__TI_decompress_lzss</name>
         <value>0xffc9</value>
         <object_component_ref idref="oc-df"/>
      </symbol>
      <symbol id="sm-d7b">
         <name>C$$EXIT</name>
         <value>0x102a8</value>
         <object_component_ref idref="oc-8dd"/>
      </symbol>
      <symbol id="sm-d7c">
         <name>abort</name>
         <value>0x102a8</value>
         <object_component_ref idref="oc-8dd"/>
      </symbol>
      <symbol id="sm-d7d">
         <name>exit</name>
         <value>0x102aa</value>
         <object_component_ref idref="oc-8dd"/>
      </symbol>
      <symbol id="sm-d7e">
         <name>__TI_dtors_ptr</name>
         <value>0x101e8</value>
         <object_component_ref idref="oc-9b8"/>
      </symbol>
      <symbol id="sm-d7f">
         <name>__TI_cleanup_ptr</name>
         <value>0x101e6</value>
         <object_component_ref idref="oc-9b8"/>
      </symbol>
      <symbol id="sm-d80">
         <name>__TI_enable_exit_profile_output</name>
         <value>0x101e4</value>
         <object_component_ref idref="oc-9b8"/>
      </symbol>
      <symbol id="sm-d97">
         <name>_nop</name>
         <value>0x10d5f</value>
         <object_component_ref idref="oc-a1e"/>
      </symbol>
      <symbol id="sm-d98">
         <name>_lock</name>
         <value>0x101ea</value>
         <object_component_ref idref="oc-9bb"/>
      </symbol>
      <symbol id="sm-d99">
         <name>_unlock</name>
         <value>0x101ec</value>
         <object_component_ref idref="oc-a42"/>
      </symbol>
      <symbol id="sm-d9a">
         <name>_register_lock</name>
         <value>0x10d5b</value>
         <object_component_ref idref="oc-a1e"/>
      </symbol>
      <symbol id="sm-d9b">
         <name>_register_unlock</name>
         <value>0x10d57</value>
         <object_component_ref idref="oc-a1e"/>
      </symbol>
      <symbol id="sm-daa">
         <name>_args_main</name>
         <value>0xcff4</value>
         <object_component_ref idref="oc-8d7"/>
      </symbol>
      <symbol id="sm-db9">
         <name>memset</name>
         <value>0x10d77</value>
         <object_component_ref idref="oc-80b"/>
      </symbol>
      <symbol id="sm-dcc">
         <name>memcpy</name>
         <value>0x10355</value>
         <object_component_ref idref="oc-61a"/>
      </symbol>
      <symbol id="sm-dd9">
         <name>_system_post_cinit</name>
         <value>0xc7ff</value>
         <object_component_ref idref="oc-a04"/>
      </symbol>
      <symbol id="sm-ddb">
         <name>__c_args__</name>
         <value>0x0</value>
      </symbol>
   </symbol_table>
   <title>Link successful</title>
</link_info>
